10-16 14:33:13.789   776   882 D WifiNetworkAgent: NetworkAgent: Received signal strength thresholds: []
10-16 14:33:13.789   776   882 D WifiNative-HAL: stopRssiMonitoring, cmdId 0
10-16 14:33:13.789   776   884 D ConnectivityService: rematch for NetworkAgentInfo [WIFI () - 119]
10-16 14:33:13.789   776   884 D ConnectivityService:    accepting network in place of null
10-16 14:33:13.790   776   884 D ConnectivityService: Switching to new default network: NetworkAgentInfo{ ni{[type: WIFI[], state: CONNECTED/CONNECTED, reason: (unspecified), extra: "NETGEAR59", roaming: false, failover: false, isAvailable: true]}  network{119}  lp{{InterfaceName: wlan0 LinkAddresses: [fe80::cefa:ff:fee8:9d1a/64,192.168.0.16/24,]  Routes: [fe80::/64 -> :: wlan0,192.168.0.0/24 -> 0.0.0.0 wlan0,0.0.0.0/0 -> 192.168.0.1 wlan0,] DnsAddresses: [75.75.75.75,75.75.76.76,] Domains: hsd1.nj.comcast.net. MTU: 0 TcpBufferSizes: 524288,1048576,2097152,262144,524288,1048576}}  nc{[ Transports: WIFI Capabilities: INTERNET&NOT_RESTRICTED&TRUSTED&NOT_VPN LinkUpBandwidth>=1048576Kbps LinkDnBandwidth>=1048576Kbps SignalStrength: -31]}  Score{20}  everValidated{false}  lastValidated{false}  created{true} lingering{false} explicitlySelected{false} acceptUnvalidated{false} everCaptivePortalDetected{false} lastCaptivePortalDetected{false} }
10-16 14:33:13.810   193   775 V IdletimerController: runCmd(/system/bin/ip6tables -w -t raw -A idletimer_raw_PREROUTING -i wlan0 -j IDLETIMER --timeout 15 --label 1 --send_nl_msg 1) res_ipv4=0, res_ipv6=0
10-16 14:33:13.828   193   775 V IdletimerController: runCmd(/system/bin/ip6tables -w -t mangle -A idletimer_mangle_POSTROUTING -o wlan0 -j IDLETIMER --timeout 15 --label 1 --send_nl_msg 1) res_ipv4=0, res_ipv6=0
10-16 14:33:13.835   776   884 D CSLegacyTypeTracker: Sending CONNECTED broadcast for type 1 NetworkAgentInfo [WIFI () - 119] isDefaultNetwork=true
10-16 14:33:13.835   776   884 D ConnectivityService: sendStickyBroadcast: action=android.net.conn.CONNECTIVITY_CHANGE
10-16 14:33:13.838   776   884 D ConnectivityService: notifyType PRECHECK for NetworkAgentInfo [WIFI () - 119]
10-16 14:33:13.839   776   796 D Tethering: MasterInitialState.processMessage what=3
10-16 14:33:13.852 10790 10790 I DeviceStatusMonitor: onReceive() : Action = android.net.conn.CONNECTIVITY_CHANGE
10-16 14:33:13.857 10790 10790 I DeviceStatusMonitor: getCurrentNetworkState(): activeNetwork = 119,  newState = METERED
10-16 14:33:13.858 10790 10790 I HandwritingOnlineSuperp: onNetworkAvailable
10-16 14:33:13.858 10790 10790 I NetworkInfoNotification: onNetworkAvailable: networkState = METERED
10-16 14:33:13.860  4983 18807 D ADBMobile: ADBMobile Debug : Analytics - Network status changed (reachable)
10-16 14:33:13.860 20708 20845 D ADBMobile: ADBMobile Debug : Analytics - Network status changed (reachable)
10-16 14:33:13.862  5311 18287 D ADBMobile: ADBMobile Debug : Analytics - Network status changed (reachable)
10-16 14:33:13.868 10790 10790 I NetworkInfoNotification: onNetworkAvailable: networkState = METERED
10-16 14:33:13.892  9682 30151 I chatty  : uid=10007(com.google.android.gms) lowpool[148] expire 1 line
10-16 14:33:13.899 10790 31217 I NetworkInfoNotification: onNetworkAvailable: networkState = METERED
10-16 14:33:13.922   776 31156 D NetlinkSocketObserver: NeighborEvent{elapsedMs=167243450, 192.168.0.1, [B07FB9DA7752], RTM_NEWNEIGH, NUD_REACHABLE}
10-16 14:33:13.956  2470 31225 I BgTaskExecutorImpl: Starting PERIODIC background task REFRESH_SEARCH_HISTORY.
10-16 14:33:13.967   776 31154 D NetworkMonitor/NetworkAgentInfo [WIFI () - 119]: Checking http://connectivitycheck.gstatic.com/generate_204 on "NETGEAR59", connectivitycheck.gstatic.com=172.217.6.195,2607:f8b0:4006:813::2003
10-16 14:33:13.982 31051 31051 D HomeScreenIntegration: onNewAppConfigReceived :com.walmart.core.config.impl.config.AppConfiguration@65082e4
10-16 14:33:13.986   776   791 I ActivityManager: Start proc 31229:com.google.android.gm/u0a41 for service com.google.android.gm/.provider.GmailImapSyncAdapterService
10-16 14:33:13.989 31051 31051 D HomeScreenIntegration: onNewTempoModulesReceived :com.walmart.core.config.tempo.datamodel.TempoData@881634d
10-16 14:33:14.002 31051 31051 D CartService: CartService(): merge cart is disabled: false
10-16 14:33:14.013 31051 31051 D CartIntegration: onNewAppConfigReceived :com.walmart.core.config.impl.config.AppConfiguration@65082e4
10-16 14:33:14.091 31229 31229 W System  : ClassLoader referenced unknown path: /data/app/com.google.android.gm-1/lib/arm
10-16 14:33:14.195  2470 31226 W CDHeaderDataHandler: Invalid integer value "" in experiments IDs.
10-16 14:33:14.198   776   944 W ActivityManager: Unable to start service Intent { act=com.walmartlabs.electrode.net.mock.MOCK_REGISTER dat=content://com.walmart.android.mock/mocks/add_to_cart_success.resp typ=application/octet-stream pkg=com.walmartlabs.electrode.net.mock (has extras) } U=0: not found
10-16 14:33:14.202   776  2286 W ActivityManager: Unable to start service Intent { act=com.walmartlabs.electrode.net.mock.MOCK_REGISTER dat=content://com.walmart.android.mock/mocks/cards.resp typ=application/octet-stream pkg=com.walmartlabs.electrode.net.mock (has extras) } U=0: not found
10-16 14:33:14.206   776  3654 W ActivityManager: Unable to start service Intent { act=com.walmartlabs.electrode.net.mock.MOCK_REGISTER dat=content://com.walmart.android.mock/mocks/gift_card.resp typ=application/octet-stream pkg=com.walmartlabs.electrode.net.mock (has extras) } U=0: not found
10-16 14:33:14.210   776  2285 W ActivityManager: Unable to start service Intent { act=com.walmartlabs.electrode.net.mock.MOCK_REGISTER dat=content://com.walmart.android.mock/mocks/gift_cards.resp typ=application/octet-stream pkg=com.walmartlabs.electrode.net.mock (has extras) } U=0: not found
10-16 14:33:14.214   776  1439 W ActivityManager: Unable to start service Intent { act=com.walmartlabs.electrode.net.mock.MOCK_REGISTER dat=content://com.walmart.android.mock/mocks/delete.resp typ=application/octet-stream pkg=com.walmartlabs.electrode.net.mock (has extras) } U=0: not found
10-16 14:33:14.222   776  1511 W ActivityManager: Unable to start service Intent { act=com.walmartlabs.electrode.net.mock.MOCK_REGISTER dat=content://com.walmart.android.mock/mocks/gift_card.resp typ=application/octet-stream pkg=com.walmartlabs.electrode.net.mock (has extras) } U=0: not found
10-16 14:33:14.231   776  1952 W ActivityManager: Unable to start service Intent { act=com.walmartlabs.electrode.net.mock.MOCK_REGISTER dat=content://com.walmart.android.mock/mocks/credit_card.resp typ=application/octet-stream pkg=com.walmartlabs.electrode.net.mock (has extras) } U=0: not found
10-16 14:33:14.233   776  2287 W ActivityManager: Unable to start service Intent { act=com.walmartlabs.electrode.net.mock.MOCK_REGISTER dat=content://com.walmart.android.mock/mocks/credit_cards.resp typ=application/octet-stream pkg=com.walmartlabs.electrode.net.mock (has extras) } U=0: not found
10-16 14:33:14.236   776  1953 W ActivityManager: Unable to start service Intent { act=com.walmartlabs.electrode.net.mock.MOCK_REGISTER dat=content://com.walmart.android.mock/mocks/delete.resp typ=application/octet-stream pkg=com.walmartlabs.electrode.net.mock (has extras) } U=0: not found
10-16 14:33:14.239   776  2285 W ActivityManager: Unable to start service Intent { act=com.walmartlabs.electrode.net.mock.MOCK_REGISTER dat=content://com.walmart.android.mock/mocks/credit_card.resp typ=application/octet-stream pkg=com.walmartlabs.electrode.net.mock (has extras) } U=0: not found
10-16 14:33:14.242   776  1954 W ActivityManager: Unable to start service Intent { act=com.walmartlabs.electrode.net.mock.MOCK_REGISTER dat=content://com.walmart.android.mock/mocks/user.resp typ=application/octet-stream pkg=com.walmartlabs.electrode.net.mock (has extras) } U=0: not found
10-16 14:33:14.246   776  1701 W ActivityManager: Unable to start service Intent { act=com.walmartlabs.electrode.net.mock.MOCK_REGISTER dat=content://com.walmart.android.mock/mocks/create_user.resp typ=application/octet-stream pkg=com.walmartlabs.electrode.net.mock (has extras) } U=0: not found
10-16 14:33:14.253  5381  4683 I chatty  : uid=10007(com.google.android.gms) Binder_B expire 7 lines
10-16 14:33:14.257   776  1439 W ActivityManager: Unable to start service Intent { act=com.walmartlabs.electrode.net.mock.MOCK_REGISTER dat=content://com.walmart.android.mock/mocks/user_related_cards.resp typ=application/octet-stream pkg=com.walmartlabs.electrode.net.mock (has extras) } U=0: not found
10-16 14:33:14.260   776   944 W ActivityManager: Unable to start service Intent { act=com.walmartlabs.electrode.net.mock.MOCK_REGISTER dat=content://com.walmart.android.mock/mocks/user_update_cards.resp typ=application/octet-stream pkg=com.walmartlabs.electrode.net.mock (has extras) } U=0: not found
10-16 14:33:14.263   776  2286 W ActivityManager: Unable to start service Intent { act=com.walmartlabs.electrode.net.mock.MOCK_REGISTER dat=content://com.walmart.android.mock/mocks/user_last_transaction.resp typ=application/octet-stream pkg=com.walmartlabs.electrode.net.mock (has extras) } U=0: not found
10-16 14:33:14.265   776   946 W ActivityManager: Unable to start service Intent { act=com.walmartlabs.electrode.net.mock.MOCK_REGISTER dat=content://com.walmart.android.mock/mocks/user_pair.resp typ=application/octet-stream pkg=com.walmartlabs.electrode.net.mock (has extras) } U=0: not found
10-16 14:33:14.267   776  1518 W ActivityManager: Unable to start service Intent { act=com.walmartlabs.electrode.net.mock.MOCK_REGISTER dat=content://com.walmart.android.mock/mocks/headers.resp typ=application/octet-stream pkg=com.walmartlabs.electrode.net.mock (has extras) } U=0: not found
10-16 14:33:14.272   776   944 W ActivityManager: Unable to start service Intent { act=com.walmartlabs.electrode.net.mock.MOCK_REGISTER dat=content://com.walmart.android.mock/mocks/phone_ok.resp typ=application/octet-stream pkg=com.walmartlabs.electrode.net.mock (has extras) } U=0: not found
10-16 14:33:14.275   776  3654 W ActivityManager: Unable to start service Intent { act=com.walmartlabs.electrode.net.mock.MOCK_REGISTER dat=content://com.walmart.android.mock/mocks/phone_missing.resp typ=application/octet-stream pkg=com.walmartlabs.electrode.net.mock (has extras) } U=0: not found
10-16 14:33:14.280   776  1439 W ActivityManager: Unable to start service Intent { act=com.walmartlabs.electrode.net.mock.MOCK_REGISTER dat=content://com.walmart.android.mock/mocks/phone_code_ok.resp typ=application/octet-stream pkg=com.walmartlabs.electrode.net.mock (has extras) } U=0: not found
10-16 14:33:14.282   776  2285 W ActivityManager: Unable to start service Intent { act=com.walmartlabs.electrode.net.mock.MOCK_REGISTER dat=content://com.walmart.android.mock/mocks/account_link_cooldown.resp typ=application/octet-stream pkg=com.walmartlabs.electrode.net.mock (has extras) } U=0: not found
10-16 14:33:14.283   776  1954 W ActivityManager: Unable to start service Intent { act=com.walmartlabs.electrode.net.mock.MOCK_REGISTER dat=content://com.walmart.android.mock/mocks/account_link_fail.resp typ=application/octet-stream pkg=com.walmartlabs.electrode.net.mock (has extras) } U=0: not found
10-16 14:33:14.288   776  1511 W ActivityManager: Unable to start service Intent { act=com.walmartlabs.electrode.net.mock.MOCK_REGISTER dat=content://com.walmart.android.mock/mocks/account_link_invalid_dob.resp typ=application/octet-stream pkg=com.walmartlabs.electrode.net.mock (has extras) } U=0: not found
10-16 14:33:14.290   776 31154 D NetworkMonitor/NetworkAgentInfo [WIFI () - 119]: isCaptivePortal: ret=204 headers={null=[HTTP/1.1 204 No Content], Content-Length=[0], Date=[Wed, 16 Oct 2019 18:33:14 GMT], X-Android-Received-Millis=[1571250794289], X-Android-Response-Source=[NETWORK 204], X-Android-Selected-Protocol=[http/1.1], X-Android-Sent-Millis=[1571250794218]}
10-16 14:33:14.291   776   884 D ConnectivityService: setProvNotificationVisibleIntent null visible=false networkType=MOBILE extraInfo=null highPriority=false
10-16 14:33:14.291   776   884 D ConnectivityService: NetworkAgentInfo [WIFI () - 119] validation  passed
10-16 14:33:14.291   776   884 D ConnectivityService: notifyType CAP_CHANGED for NetworkAgentInfo [WIFI () - 119]
10-16 14:33:14.293   776  2286 W ActivityManager: Unable to start service Intent { act=com.walmartlabs.electrode.net.mock.MOCK_REGISTER dat=content://com.walmart.android.mock/mocks/account_link_invalid_lastName.resp typ=application/octet-stream pkg=com.walmartlabs.electrode.net.mock (has extras) } U=0: not found
10-16 14:33:14.294   776   884 D ConnectivityService: sendStickyBroadcast: action=android.net.conn.INET_CONDITION_ACTION
10-16 14:33:14.297   776  1954 W ActivityManager: Unable to start service Intent { act=com.walmartlabs.electrode.net.mock.MOCK_REGISTER dat=content://com.walmart.android.mock/mocks/account_link_invalid_RxStoreNumber.resp typ=application/octet-stream pkg=com.walmartlabs.electrode.net.mock (has extras) } U=0: not found
10-16 14:33:14.308   776  1518 W ActivityManager: Unable to start service Intent { act=com.walmartlabs.electrode.net.mock.MOCK_REGISTER dat=content://com.walmart.android.mock/mocks/account_link_ok.resp typ=application/octet-stream pkg=com.walmartlabs.electrode.net.mock (has extras) } U=0: not found
10-16 14:33:14.321   776  1953 W ActivityManager: Unable to start service Intent { act=com.walmartlabs.electrode.net.mock.MOCK_REGISTER dat=content://com.walmart.android.mock/mocks/account_profile_get_ok.resp typ=application/octet-stream pkg=com.walmartlabs.electrode.net.mock (has extras) } U=0: not found
10-16 14:33:14.326   776  1701 W ActivityManager: Unable to start service Intent { act=com.walmartlabs.electrode.net.mock.MOCK_REGISTER dat=content://com.walmart.android.mock/mocks/account_rx-enabled_fail.resp typ=application/octet-stream pkg=com.walmartlabs.electrode.net.mock (has extras) } U=0: not found
10-16 14:33:14.328   776   789 W ActivityManager: Unable to start service Intent { act=com.walmartlabs.electrode.net.mock.MOCK_REGISTER dat=content://com.walmart.android.mock/mocks/account_rx-enabled_no.resp typ=application/octet-stream pkg=com.walmartlabs.electrode.net.mock (has extras) } U=0: not found
10-16 14:33:14.333   776   790 W ActivityManager: Unable to start service Intent { act=com.walmartlabs.electrode.net.mock.MOCK_REGISTER dat=content://com.walmart.android.mock/mocks/account_rx-enabled_yes.resp typ=application/octet-stream pkg=com.walmartlabs.electrode.net.mock (has extras) } U=0: not found
10-16 14:33:14.336   776  1954 W ActivityManager: Unable to start service Intent { act=com.walmartlabs.electrode.net.mock.MOCK_REGISTER dat=content://com.walmart.android.mock/mocks/account_validate_cooldown_dob_checked.resp typ=application/octet-stream pkg=com.walmartlabs.electrode.net.mock (has extras) } U=0: not found
10-16 14:33:14.339   776   946 W ActivityManager: Unable to start service Intent { act=com.walmartlabs.electrode.net.mock.MOCK_REGISTER dat=content://com.walmart.android.mock/mocks/account_validate_fail.resp typ=application/octet-stream pkg=com.walmartlabs.electrode.net.mock (has extras) } U=0: not found
10-16 14:33:14.342   776  1518 W ActivityManager: Unable to start service Intent { act=com.walmartlabs.electrode.net.mock.MOCK_REGISTER dat=content://com.walmart.android.mock/mocks/account_validate_ok.resp typ=application/octet-stream pkg=com.walmartlabs.electrode.net.mock (has extras) } U=0: not found
10-16 14:33:14.346   776  4028 W ActivityManager: Unable to start service Intent { act=com.walmartlabs.electrode.net.mock.MOCK_REGISTER dat=content://com.walmart.android.mock/mocks/cart_ok.resp typ=application/octet-stream pkg=com.walmartlabs.electrode.net.mock (has extras) } U=0: not found
10-16 14:33:14.348   776  3654 W ActivityManager: Unable to start service Intent { act=com.walmartlabs.electrode.net.mock.MOCK_REGISTER dat=content://com.walmart.android.mock/mocks/cart_multi_ok.resp typ=application/octet-stream pkg=com.walmartlabs.electrode.net.mock (has extras) } U=0: not found
10-16 14:33:14.350   776  2285 W ActivityManager: Unable to start service Intent { act=com.walmartlabs.electrode.net.mock.MOCK_REGISTER dat=content://com.walmart.android.mock/mocks/cart_checkout_invalid_date.resp typ=application/octet-stream pkg=com.walmartlabs.electrode.net.mock (has extras) } U=0: not found
10-16 14:33:14.429  5381 28677 I chatty  : uid=10007 com.google.android.gms.persistent expire 7 lines
10-16 14:33:14.496   776  1954 W ActivityManager: Unable to start service Intent { act=com.walmartlabs.electrode.net.mock.MOCK_REGISTER dat=content://com.walmart.android.mock/mocks/cart_checkout_ok.resp typ=application/octet-stream pkg=com.walmartlabs.electrode.net.mock (has extras) } U=0: not found
10-16 14:33:14.500   776   944 W ActivityManager: Unable to start service Intent { act=com.walmartlabs.electrode.net.mock.MOCK_REGISTER dat=content://com.walmart.android.mock/mocks/cart_checkout_partial.resp typ=application/octet-stream pkg=com.walmartlabs.electrode.net.mock (has extras) } U=0: not found
10-16 14:33:14.502   776  1952 W ActivityManager: Unable to start service Intent { act=com.walmartlabs.electrode.net.mock.MOCK_REGISTER dat=content://com.walmart.android.mock/mocks/cart_pickup-details_ok.resp typ=application/octet-stream pkg=com.walmartlabs.electrode.net.mock (has extras) } U=0: not found
10-16 14:33:14.505   776  1439 W ActivityManager: Unable to start service Intent { act=com.walmartlabs.electrode.net.mock.MOCK_REGISTER dat=content://com.walmart.android.mock/mocks/cart_multi_ok.resp typ=application/octet-stream pkg=com.walmartlabs.electrode.net.mock (has extras) } U=0: not found
10-16 14:33:14.507   776  4028 W ActivityManager: Unable to start service Intent { act=com.walmartlabs.electrode.net.mock.MOCK_REGISTER dat=content://com.walmart.android.mock/mocks/cart_refill_ok.resp typ=application/octet-stream pkg=com.walmartlabs.electrode.net.mock (has extras) } U=0: not found
10-16 14:33:14.509   776  3654 W ActivityManager: Unable to start service Intent { act=com.walmartlabs.electrode.net.mock.MOCK_REGISTER dat=content://com.walmart.android.mock/mocks/cart_refill_ok.resp typ=application/octet-stream pkg=com.walmartlabs.electrode.net.mock (has extras) } U=0: not found
10-16 14:33:14.512   776  1511 W ActivityManager: Unable to start service Intent { act=com.walmartlabs.electrode.net.mock.MOCK_REGISTER dat=content://com.walmart.android.mock/mocks/cart_refill_multi_ok.resp typ=application/octet-stream pkg=com.walmartlabs.electrode.net.mock (has extras) } U=0: not found
10-16 14:33:14.515   776   790 W ActivityManager: Unable to start service Intent { act=com.walmartlabs.electrode.net.mock.MOCK_REGISTER dat=content://com.walmart.android.mock/mocks/prescriptions_external-transfer_fail.resp typ=application/octet-stream pkg=com.walmartlabs.electrode.net.mock (has extras) } U=0: not found
10-16 14:33:14.517   776   946 W ActivityManager: Unable to start service Intent { act=com.walmartlabs.electrode.net.mock.MOCK_REGISTER dat=content://com.walmart.android.mock/mocks/prescriptions_external-transfer_ok.resp typ=application/octet-stream pkg=com.walmartlabs.electrode.net.mock (has extras) } U=0: not found
10-16 14:33:14.519   776  1518 W ActivityManager: Unable to start service Intent { act=com.walmartlabs.electrode.net.mock.MOCK_REGISTER dat=content://com.walmart.android.mock/mocks/prescriptions_fail.resp typ=application/octet-stream pkg=com.walmartlabs.electrode.net.mock (has extras) } U=0: not found
10-16 14:33:14.543   776  2287 W ActivityManager: Unable to start service Intent { act=com.walmartlabs.electrode.net.mock.MOCK_REGISTER dat=content://com.walmart.android.mock/mocks/prescriptions_ok.resp typ=application/octet-stream pkg=com.walmartlabs.electrode.net.mock (has extras) } U=0: not found
10-16 14:33:14.546   776  1953 W ActivityManager: Unable to start service Intent { act=com.walmartlabs.electrode.net.mock.MOCK_REGISTER dat=content://com.walmart.android.mock/mocks/refill-history_ok.resp typ=application/octet-stream pkg=com.walmartlabs.electrode.net.mock (has extras) } U=0: not found
10-16 14:33:14.549   776  1701 W ActivityManager: Unable to start service Intent { act=com.walmartlabs.electrode.net.mock.MOCK_REGISTER dat=content://com.walmart.android.mock/mocks/refill-history_refill_ok.resp typ=application/octet-stream pkg=com.walmartlabs.electrode.net.mock (has extras) } U=0: not found
10-16 14:33:14.550 31051 31051 D QuimbyMock: registerMock(): 
10-16 14:33:14.559   776   789 W ActivityManager: Unable to start service Intent { act=com.walmartlabs.electrode.net.mock.MOCK_REGISTER dat=content://com.walmart.android.mock/mocks/quimby_base.resp typ=application/octet-stream pkg=com.walmartlabs.electrode.net.mock (has extras) } U=0: not found
10-16 14:33:14.559 31051 31051 D QuimbyMock: registerMock(): 
10-16 14:33:14.560 31229 31229 D ActivityThread: Loading provider com.google.android.gmail.provider;com.android.mail.notifier;com.google.android.gm.email.provider;com.google.android.gm.tasks.provider;com.google.android.gm.email.notifier: com.android.email.provider.EmailProvider
10-16 14:33:14.566   776   946 W ActivityManager: Unable to start service Intent { act=com.walmartlabs.electrode.net.mock.MOCK_REGISTER dat=content://com.walmart.android.mock/mocks/quimby_carousel.resp typ=application/octet-stream pkg=com.walmartlabs.electrode.net.mock (has extras) } U=0: not found
10-16 14:33:14.574   776  1518 W ActivityManager: Unable to start service Intent { act=com.walmartlabs.electrode.net.mock.MOCK_REGISTER dat=content://com.walmart.android.mock/mocks/register_ok.resp typ=application/octet-stream pkg=com.walmartlabs.electrode.net.mock (has extras) } U=0: not found
10-16 14:33:14.576   776  2287 W ActivityManager: Unable to start service Intent { act=com.walmartlabs.electrode.net.mock.MOCK_REGISTER dat=content://com.walmart.android.mock/mocks/register_fail.resp typ=application/octet-stream pkg=com.walmartlabs.electrode.net.mock (has extras) } U=0: not found
10-16 14:33:14.578   776  1439 W ActivityManager: Unable to start service Intent { act=com.walmartlabs.electrode.net.mock.MOCK_REGISTER dat=content://com.walmart.android.mock/mocks/addReceipt_alreadyProcessing.resp typ=application/octet-stream pkg=com.walmartlabs.electrode.net.mock (has extras) } U=0: not found
10-16 14:33:14.580   776  4028 W ActivityManager: Unable to start service Intent { act=com.walmartlabs.electrode.net.mock.MOCK_REGISTER dat=content://com.walmart.android.mock/mocks/addReceipt_alreadySubmitted.resp typ=application/octet-stream pkg=com.walmartlabs.electrode.net.mock (has extras) } U=0: not found
10-16 14:33:14.585   776  3654 W ActivityManager: Unable to start service Intent { act=com.walmartlabs.electrode.net.mock.MOCK_REGISTER dat=content://com.walmart.android.mock/mocks/addReceipt_fail401.resp typ=application/octet-stream pkg=com.walmartlabs.electrode.net.mock (has extras) } U=0: not found
10-16 14:33:14.588   776  2285 W ActivityManager: Unable to start service Intent { act=com.walmartlabs.electrode.net.mock.MOCK_REGISTER dat=content://com.walmart.android.mock/mocks/addReceipt_fail500.resp typ=application/octet-stream pkg=com.walmartlabs.electrode.net.mock (has extras) } U=0: not found
10-16 14:33:14.590   776   790 W ActivityManager: Unable to start service Intent { act=com.walmartlabs.electrode.net.mock.MOCK_REGISTER dat=content://com.walmart.android.mock/mocks/addReceipt_preProgram.resp typ=application/octet-stream pkg=com.walmartlabs.electrode.net.mock (has extras) } U=0: not found
10-16 14:33:14.592   776   946 W ActivityManager: Unable to start service Intent { act=com.walmartlabs.electrode.net.mock.MOCK_REGISTER dat=content://com.walmart.android.mock/mocks/addReceipt_success.resp typ=application/octet-stream pkg=com.walmartlabs.electrode.net.mock (has extras) } U=0: not found
10-16 14:33:14.594   776  2287 W ActivityManager: Unable to start service Intent { act=com.walmartlabs.electrode.net.mock.MOCK_REGISTER dat=content://com.walmart.android.mock/mocks/addReceipt_tooOld.resp typ=application/octet-stream pkg=com.walmartlabs.electrode.net.mock (has extras) } U=0: not found
10-16 14:33:14.596 31229 31229 D ActivityThread: Loading provider com.google.android.gm.sapi: com.google.android.gm.sapi.SapiUiProvider
10-16 14:33:14.596   776  1953 W ActivityManager: Unable to start service Intent { act=com.walmartlabs.electrode.net.mock.MOCK_REGISTER dat=content://com.walmart.android.mock/mocks/addReceipt_weekLimit.resp typ=application/octet-stream pkg=com.walmartlabs.electrode.net.mock (has extras) } U=0: not found
10-16 14:33:14.598   776  1701 W ActivityManager: Unable to start service Intent { act=com.walmartlabs.electrode.net.mock.MOCK_REGISTER dat=content://com.walmart.android.mock/mocks/dashboard_bluebird_linked.resp typ=application/octet-stream pkg=com.walmartlabs.electrode.net.mock (has extras) } U=0: not found
10-16 14:33:14.601   776  2285 W ActivityManager: Unable to start service Intent { act=com.walmartlabs.electrode.net.mock.MOCK_REGISTER dat=content://com.walmart.android.mock/mocks/dashboard_bluebird_linked_no_giftcard.resp typ=application/octet-stream pkg=com.walmartlabs.electrode.net.mock (has extras) } U=0: not found
10-16 14:33:14.603   776   790 W ActivityManager: Unable to start service Intent { act=com.walmartlabs.electrode.net.mock.MOCK_REGISTER dat=content://com.walmart.android.mock/mocks/dashboard_bluebird_not_preferred.resp typ=application/octet-stream pkg=com.walmartlabs.electrode.net.mock (has extras) } U=0: not found
10-16 14:33:14.606   776   946 W ActivityManager: Unable to start service Intent { act=com.walmartlabs.electrode.net.mock.MOCK_REGISTER dat=content://com.walmart.android.mock/mocks/dashboard_fail.resp typ=application/octet-stream pkg=com.walmartlabs.electrode.net.mock (has extras) } U=0: not found
10-16 14:33:14.609   776  1952 W ActivityManager: Unable to start service Intent { act=com.walmartlabs.electrode.net.mock.MOCK_REGISTER dat=content://com.walmart.android.mock/mocks/dashboard_little_available.resp typ=application/octet-stream pkg=com.walmartlabs.electrode.net.mock (has extras) } U=0: not found
10-16 14:33:14.610   776  2287 W ActivityManager: Unable to start service Intent { act=com.walmartlabs.electrode.net.mock.MOCK_REGISTER dat=content://com.walmart.android.mock/mocks/dashboard_money_redeemed.resp typ=application/octet-stream pkg=com.walmartlabs.electrode.net.mock (has extras) } U=0: not found
10-16 14:33:14.612   776  2286 W ActivityManager: Unable to start service Intent { act=com.walmartlabs.electrode.net.mock.MOCK_REGISTER dat=content://com.walmart.android.mock/mocks/dashboard_no_available.resp typ=application/octet-stream pkg=com.walmartlabs.electrode.net.mock (has extras) } U=0: not found
10-16 14:33:14.614   776  4028 W ActivityManager: Unable to start service Intent { act=com.walmartlabs.electrode.net.mock.MOCK_REGISTER dat=content://com.walmart.android.mock/mocks/dashboard_no_gc_bb_register.resp typ=application/octet-stream pkg=com.walmartlabs.electrode.net.mock (has extras) } U=0: not found
10-16 14:33:14.616   776  3654 W ActivityManager: Unable to start service Intent { act=com.walmartlabs.electrode.net.mock.MOCK_REGISTER dat=content://com.walmart.android.mock/mocks/dashboard_no_gift_card.resp typ=application/octet-stream pkg=com.walmartlabs.electrode.net.mock (has extras) } U=0: not found
10-16 14:33:14.618   776  2285 W ActivityManager: Unable to start service Intent { act=com.walmartlabs.electrode.net.mock.MOCK_REGISTER dat=content://com.walmart.android.mock/mocks/dashboard_bluebird_linked.resp typ=application/octet-stream pkg=com.walmartlabs.electrode.net.mock (has extras) } U=0: not found
10-16 14:33:14.621   776   790 W ActivityManager: Unable to start service Intent { act=com.walmartlabs.electrode.net.mock.MOCK_REGISTER dat=content://com.walmart.android.mock/mocks/dashboard_no_nothing.resp typ=application/octet-stream pkg=com.walmartlabs.electrode.net.mock (has extras) } U=0: not found
10-16 14:33:14.623   776   946 W ActivityManager: Unable to start service Intent { act=com.walmartlabs.electrode.net.mock.MOCK_REGISTER dat=content://com.walmart.android.mock/mocks/feedback_fail.resp typ=application/octet-stream pkg=com.walmartlabs.electrode.net.mock (has extras) } U=0: not found
10-16 14:33:14.625   776  1952 W ActivityManager: Unable to start service Intent { act=com.walmartlabs.electrode.net.mock.MOCK_REGISTER dat=content://com.walmart.android.mock/mocks/redeemCredit_ok.resp typ=application/octet-stream pkg=com.walmartlabs.electrode.net.mock (has extras) } U=0: not found
10-16 14:33:14.629   776  2286 W ActivityManager: Unable to start service Intent { act=com.walmartlabs.electrode.net.mock.MOCK_REGISTER dat=content://com.walmart.android.mock/mocks/redeemCredit_fail.resp typ=application/octet-stream pkg=com.walmartlabs.electrode.net.mock (has extras) } U=0: not found
10-16 14:33:14.631   776  4028 W ActivityManager: Unable to start service Intent { act=com.walmartlabs.electrode.net.mock.MOCK_REGISTER dat=content://com.walmart.android.mock/mocks/redeemCredit_fail400.resp typ=application/octet-stream pkg=com.walmartlabs.electrode.net.mock (has extras) } U=0: not found
10-16 14:33:14.657 31051 31051 D WalmartAuthenticationContext: WalmartAuthenticationContext(): 
10-16 14:33:14.662 31051 31051 D AuthService: AuthService(): host = api.mobile.walmart.com
10-16 14:33:14.663 31051 31051 D PinService: PinService(): host = api.mobile.walmart.com
10-16 14:33:14.666 31051 31051 D AuthenticatorConfiguration: Remote: RemoteConfiguration[hints=false, read=false, save=false]
10-16 14:33:14.667 31051 31051 D CyfHelper: [INIT]
10-16 14:33:14.688 31051 31051 D AuthenticatorContext: com.walmart.core.auth.authenticator.DefaultAuthenticator$AuthenticatorConfiguration@c2e633b
10-16 14:33:14.740 31051 31051 D PickupManager: create() null
10-16 14:33:14.740 31051 31051 D PickupManager: destroy() null
10-16 14:33:14.740 31051 31051 D PickupNotificationManager: create() null
10-16 14:33:14.747 31051 31051 D PickupManager: create() null
10-16 14:33:14.801 31229 31229 W Gmail   : AccountUtils:For b/73513912, load account content://com.google.android.gm.email.provider/account.410365209/1 from MailAppProvider. Is account valid result: 1.
10-16 14:33:14.885 31229 31229 W PrimesInit: Primes instant initialization
10-16 14:33:14.886 31229 31268 W Primes  : background initialization
10-16 14:33:14.930 31229 31268 I PrimesTesting: GserviceFlagsSupplier.get()
10-16 14:33:14.943 31051 31051 D EasyReorderCache: EasyReorderCache: 0 items
10-16 14:33:14.944 31051 31051 D EasyReorderCache: onNewTempoModulesReceived
10-16 14:33:14.944 31051 31051 D EasyReorderCache: EasyReorderCache: 0 items
10-16 14:33:14.986 31051 31051 D InstaWatchService: Creating service for host: store.mobile.walmart.com
10-16 14:33:14.998 31051 31051 D WalmartAuthenticationContext: start(): 
10-16 14:33:14.998 31051 31051 D WalmartAuthenticationContext: onStart(): 
10-16 14:33:14.999 31051 31051 D WalmartAuthenticationContext: getLastAuthChangedEvent(): 
10-16 14:33:15.005 31051 31051 D StorePreferencesManager: Event - onAuthenticationEvent: AuthenticationStatusEvent{loggedIn=false, hasCredentials=false, firstName=, lastName=, customerId=, cid=, email=, accountCreated=false, emailSignup=false, isShippingPassMember=false, manualLogout=false, preferredStoreId=null, associate=false}
10-16 14:33:15.005 31051 31051 W PreferenceUtils: Could not find saved local store
10-16 14:33:15.006 31051 31051 D WalmartAuthenticationContext: getLastAuthChangedEvent(): 
10-16 14:33:15.006 31051 31051 D EReceiptManager: onAuthStatusChanged
10-16 14:33:15.006 31051 31051 D EReceiptManager: onAuthStatusChanged signed out
10-16 14:33:15.007 31051 31051 D WalmartAuthenticationContext: getLastAuthChangedEvent(): 
10-16 14:33:15.007 31051 31051 D WalmartAuthenticationContext: getLastAuthChangedEvent(): 
10-16 14:33:15.008 31051 31051 D SaverManager: SaverManager.cancelSyncAll()
10-16 14:33:15.008 31051 31051 D WalmartAuthenticationContext: getLastAuthChangedEvent(): 
10-16 14:33:15.009 31051 31051 W PharmacySession: endSession: Error in logic, stopping non active session
10-16 14:33:15.009 31051 31051 D WalmartAuthenticationContext: getLastAuthChangedEvent(): 
10-16 14:33:15.012 31051 31051 D WalmartAuthenticationContext: getLastAuthChangedEvent(): 
10-16 14:33:15.013 31051 31051 D WalmartAuthenticationContext: getLastAuthChangedEvent(): 
10-16 14:33:15.013 31051 31051 D WalmartAuthenticationContext: getLastAuthChangedEvent(): 
10-16 14:33:15.013 31051 31051 D WalmartAuthenticationContext: getLastAuthChangedEvent(): 
10-16 14:33:15.013 31051 31051 D CartIntegration: onAuthStatusChanged()
10-16 14:33:15.013 31051 31051 D WalmartAuthenticationContext: getLastAuthChangedEvent(): 
10-16 14:33:15.013 31051 31051 D WalmartAuthenticationContext: getLastAuthChangedEvent(): 
10-16 14:33:15.013 31051 31051 D PickupManager: onAuthenticationStatusEvent, customerId: :, cid: , loggedIn: false, hasCredentials:false
10-16 14:33:15.018 31051 31051 D WalmartAuthenticationContext: getLastAuthChangedEvent(): 
10-16 14:33:15.018 31051 31051 D CheckinSessionManager: onAuthenticationStatusEvent: loggedIn: false, hasCredentials:false
10-16 14:33:15.018 31051 31051 D WalmartAuthenticationContext: getLastAuthChangedEvent(): 
10-16 14:33:15.018 31051 31051 D EasyReorderCache: onAuthenticationStatusEvent: hasCredentials: false
10-16 14:33:15.019 31051 31051 D EasyReorderCache: EasyReorderCache: 0 items
10-16 14:33:15.034 31229 31265 W Gmail   : Gmail:restoreIfNeeded: Account exists.
10-16 14:33:15.050  9682 31219 I chatty  : uid=10007(com.google.android.gms) expire 1 line
10-16 14:33:15.078 31229 31229 W GAV2    : Thread[main,5,main]: Need to call initialize() and be in fallback mode to start dispatch.
10-16 14:33:15.160 31051 31051 I art     : Rejecting re-init on previously-failed class java.lang.Class<q3>
10-16 14:33:15.160 31051 31051 I art     : Rejecting re-init on previously-failed class java.lang.Class<q3>
10-16 14:33:15.167 31051 31286 D AniviaEventSender: scheduleSendIfNecessary(): events available: 0
10-16 14:33:15.192 31051 31051 I art     : Rejecting re-init on previously-failed class java.lang.Class<o3>
10-16 14:33:15.192 31051 31051 I art     : Rejecting re-init on previously-failed class java.lang.Class<o3>
10-16 14:33:15.313 31229 31229 W Gmail   : AccountUtils:For b/73513912, load account content://com.google.android.gm.sapi/account.-2137146394 from MailAppProvider. Is account valid result: 1.
10-16 14:33:15.323 31229 31229 W Gmail   : AccountUtils:For b/73513912, load account content://com.google.android.gm.email.provider/account.-437561172?suppress_combined%3Dtrue from MailAppProvider. Is account valid result: 1.
10-16 14:33:15.381 31051 31288 V SaverDBHelper: Creating temporary view: CREATE TEMPORARY VIEW view_ereceipts_with_saver AS SELECT ereceipts._id,ereceipts.uuid,ereceipts.customerReceiptId,ereceipts.timestamp,ereceipts.localDateTime,ereceipts.itemsSold,ereceipts.subtotal,ereceipts.discountGiven,ereceipts.total,ereceipts.changeDue,ereceipts.waitingOnMoreInfo,CASE WHEN ereceipts.image IS NULL THEN 0 ELSE 1 END AS hasImage,ereceipts.deleted,ereceipts.customerId,ereceipts.storeId,ereceipts.addressLine1,ereceipts.addressLine2,ereceipts.city,ereceipts.phone,ereceipts.address, ereceipts.tcNumber,saver_receipt.visitDate,saver_receipt.state,saver_receipt.serverState,saver_receipt.getItBackCents,saver_receipt.totalBackCents,saver_receipt.backTaxCents, saver_receipt_decoration.seen,saver_receipt_decoration.rejected_reason,saver_receipt_decoration.submitConfirmed,saver_receipt_decoration.notificationShown FROM eReceiptsDb.ereceipts LEFT JOIN saver_receipt ON (eReceiptsDb.ereceipts.tcNumber = saver_receipt.tcNumber AND date(eReceiptsDb.ereceipts.localDateTime) = saver_receipt.visitDate) LEFT JOIN saver_receipt_decoration ON (eReceiptsDb.ereceipts.tcNumber = saver_receipt_decoration.tcNumber AND date(eReceiptsDb.ereceipts.localDateTime) = saver_receipt_decoration.visitDate);
10-16 14:33:15.381   776   884 D ConnectivityService: notifyType CAP_CHANGED for NetworkAgentInfo [WIFI () - 119]
10-16 14:33:15.381 31051 31288 V SaverDBHelper: Creating temporary view: CREATE TEMPORARY VIEW view_ereceipts_decorated AS SELECT ereceipts._id,ereceipts.uuid,ereceipts.customerReceiptId,ereceipts.timestamp,ereceipts.localDateTime,ereceipts.itemsSold,ereceipts.subtotal,ereceipts.discountGiven,ereceipts.total,ereceipts.changeDue,ereceipts.waitingOnMoreInfo,CASE WHEN ereceipts.image IS NULL THEN 0 ELSE 1 END AS hasImage,ereceipts.deleted,ereceipts.customerId,ereceipts.storeId,ereceipts.addressLine1,ereceipts.addressLine2,ereceipts.city,ereceipts.phone,ereceipts.address, saver_receipt_decoration.* FROM saver_receipt_decoration LEFT JOIN eReceiptsDb.ereceipts ON (eReceiptsDb.ereceipts.tcNumber = saver_receipt_decoration.tcNumber AND date(eReceiptsDb.ereceipts.localDateTime) = saver_receipt_decoration.visitDate);
10-16 14:33:15.382 31051 31288 V SaverDBHelper: Creating temporary view: CREATE TEMPORARY VIEW view_saver_with_ereceipt AS SELECT ereceipts._id,ereceipts.uuid,ereceipts.customerReceiptId,ereceipts.timestamp,ereceipts.localDateTime,ereceipts.itemsSold,ereceipts.subtotal,ereceipts.discountGiven,ereceipts.total,ereceipts.changeDue,ereceipts.waitingOnMoreInfo,CASE WHEN ereceipts.image IS NULL THEN 0 ELSE 1 END AS hasImage,ereceipts.deleted,ereceipts.customerId,ereceipts.storeId,ereceipts.addressLine1,ereceipts.addressLine2,ereceipts.city,ereceipts.phone,ereceipts.address, saver_receipt.tcNumber,saver_receipt.visitDate,saver_receipt.state,saver_receipt.serverState,saver_receipt.getItBackCents,saver_receipt.totalBackCents,saver_receipt.backTaxCents, saver_receipt_decoration.seen,saver_receipt_decoration.rejected_reason,saver_receipt_decoration.submitConfirmed,saver_receipt_decoration.notificationShown FROM saver_receipt LEFT JOIN eReceiptsDb.ereceipts ON (eReceiptsDb.ereceipts.tcNumber = saver_receipt.tcNumber AND date(eReceiptsDb.ereceipts.localDateTime) = saver_receipt.visitDate) LEFT JOIN saver_receipt_decoration ON (saver_receipt.tcNumber = saver_receipt_decoration.tcNumber AND saver_receipt.visitDate = saver_receipt_decoration.visitDate);
10-16 14:33:15.485   776  3654 D ConnectivityService: listenForNetwork for Listen from uid/pid:11389/31051 for NetworkRequest [ id=240, legacyType=-1, [ Capabilities: INTERNET&NOT_RESTRICTED&TRUSTED] ]
10-16 14:33:15.555   232   232 W Binder_2: type=1400 audit(0.0:5238): avc: denied { ioctl } for path="socket:[1090043]" dev="sockfs" ino=1090043 ioctlcmd=7704 scontext=u:r:surfaceflinger:s0 tcontext=u:r:surfaceflinger:s0 tclass=unix_stream_socket permissive=0
10-16 14:33:15.555   232   232 W Binder_2: type=1400 audit(0.0:5239): avc: denied { ioctl } for path="socket:[1090043]" dev="sockfs" ino=1090043 ioctlcmd=7704 scontext=u:r:surfaceflinger:s0 tcontext=u:r:surfaceflinger:s0 tclass=unix_stream_socket permissive=0
10-16 14:33:15.589   776   786 I art     : Background partial concurrent mark sweep GC freed 81594(5MB) AllocSpace objects, 15(316KB) LOS objects, 31% free, 35MB/51MB, paused 2.232ms total 167.536ms
10-16 14:33:15.715 31051 31051 D WalmartAuthenticationContext: getLastAuthChangedEvent(): 
10-16 14:33:15.803 10790 10790 I JobSchedulerImpl: onStartJob(): PeriodicStats.
10-16 14:33:15.843 10790 10821 I PeriodicStatsRunner: call()
10-16 14:33:15.845 10790 10790 I JobSchedulerImpl: onStartJob(): daily_ping_task.
10-16 14:33:15.848 10790 10790 I DailyPingTaskRunner: onRunTask() : Tag = daily_ping_task
10-16 14:33:15.920 31229 31293 W DynamiteModule: Local module descriptor class for providerinstaller not found.
10-16 14:33:15.928 31229 31293 W ProviderInstaller: Failed to load providerinstaller module: No acceptable module found. Local version is 0 and remote version is 0.
10-16 14:33:16.115  5381  5390 I chatty  : uid=10007(com.google.android.gms) HeapTaskDaemon expire 1 line
10-16 14:33:16.207  5311  5311 I FL-4261 : LaunchLocator.getCurrentSdkInstance()
10-16 14:33:16.214  4983  4983 I FL-4261 : LaunchLocator.getCurrentSdkInstance()
10-16 14:33:16.223 10790 10821 I art     : Starting a blocking GC Explicit
10-16 14:33:16.240 20708 20708 W art     : Verification of void androidx.core.app.NotificationCompatBuilder.<init>(androidx.core.app.NotificationCompat$Builder) took 130.855ms
10-16 14:33:16.300  5311  5311 I FL-4261 : LaunchLocator.getCurrentSdkInstance()
10-16 14:33:16.309  4983  4983 I FL-4261 : LaunchLocator.getCurrentSdkInstance()
10-16 14:33:16.313 20708 20708 I FL-4261 : LaunchLocator.getCurrentSdkInstance()
10-16 14:33:16.418  2466  4244 D BtGatt.GattService: stopScan() - queue size =7
10-16 14:33:16.419  2466  2551 D BtGatt.ScanManager: configureRegularScanParams() - queue=6
10-16 14:33:16.419  2466  2551 D BtGatt.ScanManager: configureRegularScanParams() - ScanSetting Scan mode=2 mLastConfiguredScanSetting=2
10-16 14:33:16.419  2466  4245 D BtGatt.GattService: unregisterClient() - clientIf=13
10-16 14:33:16.550 10790 10821 W art     : Suspending all threads took: 20.825ms
10-16 14:33:16.561 10790 10821 I art     : Explicit concurrent mark sweep GC freed 13845(877KB) AllocSpace objects, 5(100KB) LOS objects, 25% free, 23MB/31MB, paused 23.793ms total 335.331ms
10-16 14:33:16.575 10790 10821 I art     : Starting a blocking GC Explicit
10-16 14:33:16.576  5381  5575 I chatty  : uid=10007(com.google.android.gms) Thread-1708 expire 6 lines
10-16 14:33:16.738 10790 10821 I art     : Explicit concurrent mark sweep GC freed 284(12KB) AllocSpace objects, 0(0B) LOS objects, 25% free, 23MB/31MB, paused 21.831ms total 163.252ms
10-16 14:33:16.790 10790 10821 I art     : Starting a blocking GC Explicit
10-16 14:33:16.799 31229 31293 W art     : Verification of void com.google.android.chimera.ModuleContext.<init>(android.content.Context, com.google.android.chimera.ModuleContext, android.content.res.Resources) took 111.834ms
10-16 14:33:16.827 10790 10821 I art     : Explicit concurrent mark sweep GC freed 44(1760B) AllocSpace objects, 0(0B) LOS objects, 25% free, 23MB/31MB, paused 490us total 36.939ms
10-16 14:33:16.912 31229 31293 V NativeCrypto: Registering com/google/android/gms/org/conscrypt/NativeCrypto's 284 native methods...
10-16 14:33:17.290 31229 31293 W art     : Verification of javax.net.ssl.SSLEngine com.google.android.gms.org.conscrypt.Platform.unwrapEngine(javax.net.ssl.SSLEngine) took 215.029ms
10-16 14:33:17.295 31229 31293 I art     : Rejecting re-init on previously-failed class java.lang.Class<com.google.android.gms.org.conscrypt.Java7ExtendedSSLSession>
10-16 14:33:17.296 31229 31293 I art     : Rejecting re-init on previously-failed class java.lang.Class<com.google.android.gms.org.conscrypt.Java7ExtendedSSLSession>
10-16 14:33:17.363 31229 31293 I art     : Rejecting re-init on previously-failed class java.lang.Class<com.google.android.gms.org.conscrypt.Java8ExtendedSSLSession>
10-16 14:33:17.364 31229 31293 I art     : Rejecting re-init on previously-failed class java.lang.Class<com.google.android.gms.org.conscrypt.Java8ExtendedSSLSession>
10-16 14:33:17.427 31229 31280 W PhenotypeFlagCommitter: Committing snapshot for com.google.android.gm failed, retrying
10-16 14:33:17.427 31229 31280 W PhenotypeFlagCommitter: java.util.concurrent.TimeoutException: Timed out waiting for Task
10-16 14:33:17.427 31229 31280 W PhenotypeFlagCommitter: 	at lqe.a(SourceFile:11)
10-16 14:33:17.427 31229 31280 W PhenotypeFlagCommitter: 	at lfz.a(SourceFile:30)
10-16 14:33:17.427 31229 31280 W PhenotypeFlagCommitter: 	at lfz.a(SourceFile:36)
10-16 14:33:17.427 31229 31280 W PhenotypeFlagCommitter: 	at dvi.run(Unknown Source)
10-16 14:33:17.427 31229 31280 W PhenotypeFlagCommitter: 	at java.util.concurrent.ThreadPoolExecutor.runWorker(ThreadPoolExecutor.java:1113)
10-16 14:33:17.427 31229 31280 W PhenotypeFlagCommitter: 	at java.util.concurrent.ThreadPoolExecutor$Worker.run(ThreadPoolExecutor.java:588)
10-16 14:33:17.427 31229 31280 W PhenotypeFlagCommitter: 	at java.lang.Thread.run(Thread.java:818)
10-16 14:33:17.535 31229 31293 I ProviderInstaller: Installed default security provider GmsCore_OpenSSL
10-16 14:33:17.640 31229 31293 W Conscrypt: Could not set socket write timeout: java.net.SocketException: Socket closed
10-16 14:33:17.641 31229 31293 W Conscrypt: 	at com.google.android.gms.org.conscrypt.Platform.setSocketWriteTimeout(:com.google.android.gms@19420018@19.4.20 (040308-271418971):2)
10-16 14:33:17.641 31229 31293 W Conscrypt: 	at com.google.android.gms.org.conscrypt.ConscryptFileDescriptorSocket.setSoWriteTimeout(:com.google.android.gms@19420018@19.4.20 (040308-271418971):2)
10-16 14:33:17.645 31229 31294 W DynamiteModule: Local module descriptor class for providerinstaller not found.
10-16 14:33:17.735 31229 31294 W ProviderInstaller: Failed to load providerinstaller module: No acceptable module found. Local version is 0 and remote version is 0.
10-16 14:33:17.755 10790 10821 I PeriodicStatsRunner: call() : Finished in 1911 ms
10-16 14:33:17.766 10790 10790 I JobSchedulerImpl: Task: PeriodicStats successes.
10-16 14:33:17.870  5381  5381 I chatty  : uid=10007 com.google.android.gms.persistent expire 7 lines
10-16 14:33:18.071 10790 10847 E Conv2QueryReflectionHel: Failed to get Conv2QueryPeriodicMetadata.
10-16 14:33:18.071 10790 10847 E Conv2QueryReflectionHel: java.lang.NoSuchMethodException: getInstance []
10-16 14:33:18.071 10790 10847 E Conv2QueryReflectionHel: 	at java.lang.Class.getMethod(Class.java:624)
10-16 14:33:18.071 10790 10847 E Conv2QueryReflectionHel: 	at java.lang.Class.getDeclaredMethod(Class.java:586)
10-16 14:33:18.071 10790 10847 E Conv2QueryReflectionHel: 	at bvo.a(PG:338)
10-16 14:33:18.071 10790 10847 E Conv2QueryReflectionHel: 	at bvn.a(PG:411)
10-16 14:33:18.071 10790 10847 E Conv2QueryReflectionHel: 	at euc.a(PG:5)
10-16 14:33:18.071 10790 10847 E Conv2QueryReflectionHel: 	at bvo.a(PG:26)
10-16 14:33:18.071 10790 10847 E Conv2QueryReflectionHel: 	at kdv.a(PG:139)
10-16 14:33:18.071 10790 10847 E Conv2QueryReflectionHel: 	at kdv.handleMessage(PG:99)
10-16 14:33:18.071 10790 10847 E Conv2QueryReflectionHel: 	at android.os.Handler.dispatchMessage(Handler.java:98)
10-16 14:33:18.071 10790 10847 E Conv2QueryReflectionHel: 	at android.os.Looper.loop(Looper.java:148)
10-16 14:33:18.071 10790 10847 E Conv2QueryReflectionHel: 	at android.os.HandlerThread.run(HandlerThread.java:61)
10-16 14:33:18.194  5381 28677 I chatty  : uid=10007 com.google.android.gms.persistent expire 1 line
10-16 14:33:18.278  9682 31219 I chatty  : uid=10007(com.google.android.gms) expire 4 lines
10-16 14:33:18.327   776   888 D NotificationSQLiteLog: Pruned event entries: 17
10-16 14:33:18.341 31229 31293 W Conscrypt: Could not set socket write timeout: java.net.SocketException: Socket closed
10-16 14:33:18.341 31229 31293 W Conscrypt: 	at com.google.android.gms.org.conscrypt.Platform.setSocketWriteTimeout(:com.google.an