10-16 10:03:24.785   776  2286 W ActivityManager: Unable to start service Intent { act=com.walmartlabs.electrode.net.mock.MOCK_REGISTER dat=content://com.walmart.android.mock/mocks/dashboard_bluebird_linked.resp typ=application/octet-stream pkg=com.walmartlabs.electrode.net.mock (has extras) } U=0: not found
10-16 10:03:24.787   776  2285 W ActivityManager: Unable to start service Intent { act=com.walmartlabs.electrode.net.mock.MOCK_REGISTER dat=content://com.walmart.android.mock/mocks/dashboard_no_nothing.resp typ=application/octet-stream pkg=com.walmartlabs.electrode.net.mock (has extras) } U=0: not found
10-16 10:03:24.789   776   790 W ActivityManager: Unable to start service Intent { act=com.walmartlabs.electrode.net.mock.MOCK_REGISTER dat=content://com.walmart.android.mock/mocks/feedback_fail.resp typ=application/octet-stream pkg=com.walmartlabs.electrode.net.mock (has extras) } U=0: not found
10-16 10:03:24.791   776  2287 W ActivityManager: Unable to start service Intent { act=com.walmartlabs.electrode.net.mock.MOCK_REGISTER dat=content://com.walmart.android.mock/mocks/redeemCredit_ok.resp typ=application/octet-stream pkg=com.walmartlabs.electrode.net.mock (has extras) } U=0: not found
10-16 10:03:24.792   776  1953 W ActivityManager: Unable to start service Intent { act=com.walmartlabs.electrode.net.mock.MOCK_REGISTER dat=content://com.walmart.android.mock/mocks/redeemCredit_fail.resp typ=application/octet-stream pkg=com.walmartlabs.electrode.net.mock (has extras) } U=0: not found
10-16 10:03:24.794   776  4028 W ActivityManager: Unable to start service Intent { act=com.walmartlabs.electrode.net.mock.MOCK_REGISTER dat=content://com.walmart.android.mock/mocks/redeemCredit_fail400.resp typ=application/octet-stream pkg=com.walmartlabs.electrode.net.mock (has extras) } U=0: not found
10-16 10:03:25.273   776  1439 D ConnectivityService: listenForNetwork for Listen from uid/pid:11389/31619 for NetworkRequest [ id=228, legacyType=-1, [ Capabilities: INTERNET&NOT_RESTRICTED&TRUSTED] ]
10-16 10:03:26.994   776  4028 D ConnectivityService: listenForNetwork for Listen from uid/pid:11389/31619 for NetworkRequest [ id=229, legacyType=-1, [ Capabilities: INTERNET&NOT_RESTRICTED&TRUSTED] ]
10-16 10:03:33.613   776   790 I ActivityManager: Killing 29695:com.google.android.apps.walletnfcrel/u0a21 (adj 15): empty #17
10-16 10:04:25.328   776  2285 I ActivityManager: Start proc 31889:com.sand.airdroid/u0a76 for service com.sand.airdroid/.services.PushMessageHandleService
10-16 10:04:27.885   776   883 D WifiService: New client listening to asynchronous messages
10-16 10:04:32.872   776  2285 I ActivityManager: Killing 30734:com.google.android.talk/u0a51 (adj 15): empty #17
10-16 10:04:33.189   776  1701 I ActivityManager: Start proc 32040:com.google.android.apps.walletnfcrel/u0a21 for service com.google.android.apps.walletnfcrel/com.google.commerce.tapandpay.android.chime.ChimeRegistrationService
10-16 10:04:34.533   776  3654 I ActivityManager: Start proc 32100:com.google.android.apps.gcs/u0a77 for service com.google.android.apps.gcs/com.google.android.flib.phenotype.services.PhenotypeExperimentCommitService
10-16 10:04:35.110   776   946 I ActivityManager: Start proc 32146:com.google.android.instantapps.supervisor/u0a97 for service com.google.android.instantapps.supervisor/.hygiene.HygieneTaskService
10-16 10:04:35.115   776  1518 I ActivityManager: Killing 30173:com.google.android.apps.messaging/u0a102 (adj 15): empty #17
10-16 10:04:35.162   776  2285 D ConnectivityService: ConnectivityService NetworkRequestInfo binderDied(NetworkRequest [ id=222, legacyType=-1, [ Capabilities: INTERNET&NOT_RESTRICTED&TRUSTED] ], android.os.BinderProxy@a021d0c)
10-16 10:04:35.162   776   884 D ConnectivityService: releasing NetworkRequest NetworkRequest [ id=222, legacyType=-1, [ Capabilities: INTERNET&NOT_RESTRICTED&TRUSTED] ]
10-16 10:04:35.174   776   884 E ConnectivityService: RemoteException caught trying to send a callback msg for NetworkRequest [ id=222, legacyType=-1, [ Capabilities: INTERNET&NOT_RESTRICTED&TRUSTED] ]
10-16 10:04:35.513   776  1953 I ActivityManager: Start proc 32165:com.gpshopper.cpa/u0a1434 for service com.gpshopper.cpa/com.gpshopper.sdk.geofences.LocationChangedService
10-16 10:04:35.921   776  1701 I ActivityManager: Killing 31176:com.google.process.gapps/u0a100 (adj 15): empty #17
10-16 10:04:36.014   776   944 D WifiService: acquireWifiLockLocked: WifiLock{NlpWifiLock type=2 binder=android.os.BinderProxy@e5a901a}
10-16 10:04:36.189   776  1701 I ActivityManager: Killing 31122:com.google.android.gm/u0a41 (adj 15): empty #17
10-16 10:04:36.398   776   790 I ActivityManager: Start proc 32239:com.google.android.webview:webview_service/u0a90 for service com.google.android.webview/org.chromium.android_webview.services.VariationsSeedServer
10-16 10:04:36.588   776  1511 I ActivityManager: Killing 29993:com.google.android.videos/u0a70 (adj 15): empty #17
10-16 10:04:36.670   776   944 I ActivityManager: Killing 21477:android.process.media/u0a5 (adj 15): empty #17
10-16 10:04:37.627   776  2285 D WifiService: releaseWifiLockLocked: WifiLock{NlpWifiLock type=2 binder=android.os.BinderProxy@e5a901a}
10-16 10:04:57.092   776  1439 D WifiService: acquireWifiLockLocked: WifiLock{NlpWifiLock type=2 binder=android.os.BinderProxy@36ca3a5}
10-16 10:04:57.630   776   792 I ActivityManager: Waited long enough for: ServiceRecord{88a7222 u0 com.gpshopper.cpa/com.gpshopper.sdk.geofences.FusedLocationService}
10-16 10:04:58.535   776  3654 D WifiService: releaseWifiLockLocked: WifiLock{NlpWifiLock type=2 binder=android.os.BinderProxy@36ca3a5}
10-16 10:05:03.267   776   944 I ActivityManager: Start proc 32483:android.process.media/u0a5 for content provider com.android.providers.media/.MediaProvider
10-16 10:06:46.932   776   776 I EntropyMixer: Added HW RNG output to entropy pool
10-16 10:06:46.932   776   776 I EntropyMixer: Writing entropy...
10-16 10:09:25.132   776  1954 I ActivityManager: Killing 31032:com.google.android.contacts/u0a80 (adj 15): empty #17
10-16 10:10:01.552   776   946 D WifiService: acquireWifiLockLocked: WifiLock{NlpWifiLock type=2 binder=android.os.BinderProxy@89c8aa5}
10-16 10:10:02.873   776  2286 D WifiService: releaseWifiLockLocked: WifiLock{NlpWifiLock type=2 binder=android.os.BinderProxy@89c8aa5}
10-16 10:15:33.044   776   792 I ProcessStatsService: Prepared write state in 13ms
10-16 10:15:33.062   776   791 I ProcessStatsService: Pruning old procstats: /data/system/procstats/state-2019-10-15-07-07-59.bin
10-16 10:16:53.832   776  3654 D ConnectivityService: listenForNetwork for Listen from uid/pid:10057/31568 for NetworkRequest [ id=230, legacyType=-1, [ Capabilities: INTERNET&NOT_RESTRICTED&TRUSTED] ]
10-16 10:17:20.648   776  2285 D WifiService: acquireWifiLockLocked: WifiLock{NlpWifiLock type=2 binder=android.os.BinderProxy@c88d4de}
10-16 10:17:21.945   776  1701 D WifiService: releaseWifiLockLocked: WifiLock{NlpWifiLock type=2 binder=android.os.BinderProxy@c88d4de}
10-16 10:17:24.556   776   792 I ActivityManager: Killing 19229:com.google.android.googlequicksearchbox:search/u0a19 (adj 9): excessive cpu 791110 during 900016
10-16 10:17:24.594   776   883 D WifiService: Client connection lost with reason: 4
10-16 10:17:24.595   776  3654 D ConnectivityService: ConnectivityService NetworkRequestInfo binderDied(NetworkRequest [ id=147, legacyType=-1, [ Capabilities: INTERNET&NOT_RESTRICTED&TRUSTED] ], android.os.BinderProxy@47ee21c)
10-16 10:17:24.595   776   884 D ConnectivityService: releasing NetworkRequest NetworkRequest [ id=147, legacyType=-1, [ Capabilities: INTERNET&NOT_RESTRICTED&TRUSTED] ]
10-16 10:17:24.608   776  1701 I WindowState: WIN DEATH: Window{a370ffd u0 com.google.android.googlequicksearchbox/com.google.android.launcher.GEL}
10-16 10:17:24.634   776   884 E ConnectivityService: RemoteException caught trying to send a callback msg for NetworkRequest [ id=147, legacyType=-1, [ Capabilities: INTERNET&NOT_RESTRICTED&TRUSTED] ]
10-16 10:17:24.658   776  3654 W ActivityManager: Scheduling restart of crashed service com.google.android.googlequicksearchbox/com.google.android.apps.gsa.nowoverlayservice.DrawerOverlayService in 1000ms
10-16 10:17:32.511   776  1953 I ActivityManager: Killing 30607:com.google.android.apps.books/u0a25 (adj 15): empty #17
10-16 10:19:35.810   776   792 I ActivityManager: Start proc 2079:com.google.android.apps.photos/u0a78 for broadcast com.google.android.apps.photos/.scheduler.PowerReceiver
10-16 10:19:35.836   776   776 I ActivityManager: Start proc 2104:com.google.android.gm/u0a41 for service com.google.android.gm/com.android.email.service.ImapPurgeService
10-16 10:19:35.844   776   776 V BackupManagerService: Scheduling immediate backup pass
10-16 10:19:35.859   776   776 V BackupManagerService: Running a backup pass
10-16 10:19:35.872   776   897 V BackupManagerService: clearing pending backups
10-16 10:19:35.881   776   897 V PerformBackupTask: Beginning backup of 7 targets
10-16 10:19:35.914   776   897 D PerformBackupTask: invokeAgentForBackup on @pm@
10-16 10:19:35.952   776   897 I BackupRestoreController: Getting widget state for user: 0
10-16 10:19:36.064   776   897 D PerformBackupTask: starting key/value backup of BackupRequest{pkg=com.android.providers.settings}
10-16 10:19:36.065   776   897 D BackupManagerService: awaiting agent for ApplicationInfo{b53ec53 com.android.providers.settings}
10-16 10:19:36.086   776   776 D BackupManagerService: agentConnected pkg=com.android.providers.settings agent=android.app.backup.BackupAgent$BackupServiceBinder@ebfaf67
10-16 10:19:36.086   776   897 I BackupManagerService: got agent android.app.backup.BackupAgent$BackupServiceBinder@ebfaf67
10-16 10:19:36.086   776   897 D PerformBackupTask: invokeAgentForBackup on com.android.providers.settings
10-16 10:19:36.172   776   897 I BackupRestoreController: Getting widget state for user: 0
10-16 10:19:36.478  2104  2104 D ActivityThread: Loading provider com.google.android.gmail.provider;com.android.mail.notifier;com.google.android.gm.email.provider;com.google.android.gm.tasks.provider;com.google.android.gm.email.notifier: com.android.email.provider.EmailProvider
10-16 10:19:36.521  2104  2104 D ActivityThread: Loading provider com.google.android.gm.sapi: com.google.android.gm.sapi.SapiUiProvider
10-16 10:19:37.213   776   789 I ActivityManager: Start proc 2185:com.google.android.music:main/u0a58 for broadcast com.google.android.music/com.google.android.wearable.datatransfer.DataSyncEventReceiver
10-16 10:19:42.003   776   789 D ConnectivityService: listenForNetwork for Listen from uid/pid:10078/2079 for NetworkRequest [ id=231, legacyType=-1, [ Capabilities: INTERNET&NOT_RESTRICTED&TRUSTED] ]
10-16 10:19:42.391   776   897 V KeyValueBackupJob: Scheduling k/v pass in 244 minutes
10-16 10:19:42.391   776   897 D PerformBackupTask: starting key/value backup of BackupRequest{pkg=com.google.android.music}
10-16 10:19:42.394   776   897 D BackupManagerService: awaiting agent for ApplicationInfo{1d11706 com.google.android.music}
10-16 10:19:42.407   776  1511 D BackupManagerService: agentConnected pkg=com.google.android.music agent=android.os.BinderProxy@1e864b5
10-16 10:19:42.407   776   897 I BackupManagerService: got agent android.app.IBackupAgent$Stub$Proxy@7a0374a
10-16 10:19:42.407   776   897 D PerformBackupTask: invokeAgentForBackup on com.google.android.music
10-16 10:19:42.433   776   897 I BackupRestoreController: Getting widget state for user: 0
10-16 10:19:43.143   776   897 D PerformBackupTask: starting key/value backup of BackupRequest{pkg=com.google.android.apps.gcs}
10-16 10:19:43.163   776   897 D BackupManagerService: awaiting agent for ApplicationInfo{3cd02d0 com.google.android.apps.gcs}
10-16 10:19:43.194   776  4028 D BackupManagerService: agentConnected pkg=com.google.android.apps.gcs agent=android.os.BinderProxy@45d06fa
10-16 10:19:43.194   776   897 I BackupManagerService: got agent android.app.IBackupAgent$Stub$Proxy@31854ab
10-16 10:19:43.194   776   897 D PerformBackupTask: invokeAgentForBackup on com.google.android.apps.gcs
10-16 10:19:43.236   776   897 I BackupRestoreController: Getting widget state for user: 0
10-16 10:19:44.018   776   897 D PerformBackupTask: starting key/value backup of BackupRequest{pkg=com.google.android.apps.walletnfcrel}
10-16 10:19:44.020   776   897 D BackupManagerService: awaiting agent for ApplicationInfo{5a6b502 com.google.android.apps.walletnfcrel}
10-16 10:19:44.116   776  1953 D BackupManagerService: agentConnected pkg=com.google.android.apps.walletnfcrel agent=android.os.BinderProxy@746097f
10-16 10:19:44.116   776   897 I BackupManagerService: got agent android.app.IBackupAgent$Stub$Proxy@6f0ed4c
10-16 10:19:44.116   776   897 D PerformBackupTask: invokeAgentForBackup on com.google.android.apps.walletnfcrel
10-16 10:19:44.118   776   897 I BackupRestoreController: Getting widget state for user: 0
10-16 10:19:44.119   776   897 D PerformBackupTask: starting key/value backup of BackupRequest{pkg=com.google.android.inputmethod.latin}
10-16 10:19:44.119   776   897 D BackupManagerService: awaiting agent for ApplicationInfo{1aa6195 com.google.android.inputmethod.latin}
10-16 10:19:44.205   776  1953 D BackupManagerService: agentConnected pkg=com.google.android.inputmethod.latin agent=android.os.BinderProxy@d8522aa
10-16 10:19:44.205   776   897 I BackupManagerService: got agent android.app.IBackupAgent$Stub$Proxy@bbbbe9b
10-16 10:19:44.205   776   897 D PerformBackupTask: invokeAgentForBackup on com.google.android.inputmethod.latin
10-16 10:19:44.377   776   897 I BackupRestoreController: Getting widget state for user: 0
10-16 10:19:45.766   776  1952 I ActivityManager: Killing 30867:com.google.android.youtube/u0a71 (adj 15): empty #17
10-16 10:19:45.791   776   946 D ConnectivityService: ConnectivityService NetworkRequestInfo binderDied(NetworkRequest [ id=226, legacyType=-1, [ Capabilities: INTERNET&NOT_RESTRICTED&TRUSTED] ], android.os.BinderProxy@6446249)
10-16 10:19:45.791   776   884 D ConnectivityService: releasing NetworkRequest NetworkRequest [ id=226, legacyType=-1, [ Capabilities: INTERNET&NOT_RESTRICTED&TRUSTED] ]
10-16 10:19:45.791   776   884 E ConnectivityService: RemoteException caught trying to send a callback msg for NetworkRequest [ id=226, legacyType=-1, [ Capabilities: INTERNET&NOT_RESTRICTED&TRUSTED] ]
10-16 10:19:46.625   776   897 D PerformBackupTask: starting key/value backup of BackupRequest{pkg=com.google.android.calendar}
10-16 10:19:46.632   776   897 I ActivityManager: Start proc 2370:com.google.android.calendar/u0a28 for backup com.google.android.calendar/.backup.CalendarBackupAgent
10-16 10:19:46.665   776   897 D BackupManagerService: awaiting agent for ApplicationInfo{d82065c com.google.android.calendar}
10-16 10:19:47.189   776  1953 I ActivityManager: Start proc 2395:com.android.providers.calendar/u0a1 for content provider com.android.providers.calendar/.CalendarProvider2
10-16 10:19:47.405   776  3654 D BackupManagerService: agentConnected pkg=com.google.android.calendar agent=android.os.BinderProxy@1f656b0
10-16 10:19:47.405   776   897 I BackupManagerService: got agent android.app.IBackupAgent$Stub$Proxy@6cb929
10-16 10:19:47.405   776   897 D PerformBackupTask: invokeAgentForBackup on com.google.android.calendar
10-16 10:19:47.471   776   897 I BackupRestoreController: Getting widget state for user: 0
10-16 10:19:47.597   776  1701 I ActivityManager: Killing 31057:android.process.acore/u0a3 (adj 15): empty #17
10-16 10:19:48.303   776   897 D PerformBackupTask: starting key/value backup of BackupRequest{pkg=android}
10-16 10:19:48.318   776   897 D BackupManagerService: awaiting agent for ApplicationInfo{fd29aa2 android}
10-16 10:19:48.323   776   776 D BackupManagerService: agentConnected pkg=android agent=android.app.backup.BackupAgent$BackupServiceBinder@92b27d1
10-16 10:19:48.323   776   897 I BackupManagerService: got agent android.app.backup.BackupAgent$BackupServiceBinder@92b27d1
10-16 10:19:48.324   776   897 D PerformBackupTask: invokeAgentForBackup on android
10-16 10:19:48.363   776  1701 I ActivityManager: Killing 31452:com.android.vending:download_service/u0a14 (adj 15): empty #17
10-16 10:19:48.375   776   897 I BackupRestoreController: Getting widget state for user: 0
10-16 10:19:48.456   776  2287 I ActivityManager: Start proc 2470:com.google.android.googlequicksearchbox:search/u0a19 for broadcast com.google.android.googlequicksearchbox/com.google.android.apps.gsa.broadcastreceiver.external.PreNCalendarBroadcastReceiver
10-16 10:19:50.246   776   897 I BackupManagerService: Backup pass finished.
10-16 10:19:52.199   776   792 I ActivityManager: Waited long enough for: ServiceRecord{212cc5 u0 com.google.android.apps.photos/.scheduler.LowPriorityBackgroundIntentService}
10-16 10:19:53.686   776   792 I ActivityManager: Waited long enough for: ServiceRecord{c99a6fb u0 com.google.android.music/com.google.android.wearable.datatransfer.DataSyncService}
10-16 10:19:55.059   776  1439 I ActivityManager: Start proc 2568:com.google.android.partnersetup/u0a11 for content provider com.google.android.partnersetup/.RlzAppProvider
10-16 10:19:55.163   776  4028 I ActivityManager: Killing 31098:com.android.vending/u0a14 (adj 15): empty #17
10-16 10:19:55.194   776  1952 D ConnectivityService: ConnectivityService NetworkRequestInfo binderDied(NetworkRequest [ id=227, legacyType=-1, [ Capabilities: INTERNET&NOT_RESTRICTED&TRUSTED] ], android.os.BinderProxy@9a7fe1b)
10-16 10:19:55.194   776   884 D ConnectivityService: releasing NetworkRequest NetworkRequest [ id=227, legacyType=-1, [ Capabilities: INTERNET&NOT_RESTRICTED&TRUSTED] ]
10-16 10:19:55.194   776   884 E ConnectivityService: RemoteException caught trying to send a callback msg for NetworkRequest [ id=227, legacyType=-1, [ Capabilities: INTERNET&NOT_RESTRICTED&TRUSTED] ]
10-16 10:19:55.469   776   946 I ActivityManager: Killing 32040:com.google.android.apps.walletnfcrel/u0a21 (adj 15): empty #17
10-16 10:19:57.852   776   883 D WifiService: New client listening to asynchronous messages
10-16 10:19:58.927   776  1952 I ActivityManager: Killing 32100:com.google.android.apps.gcs/u0a77 (adj 15): empty #17
10-16 10:20:05.386   776   946 I ActivityManager: Killing 32146:com.google.android.instantapps.supervisor/u0a97 (adj 15): empty #17
10-16 10:20:34.839   776   791 I UsageStatsService: User[0] Flushing usage stats to disk
10-16 10:22:30.538   776  2285 D WifiService: acquireWifiLockLocked: WifiLock{NlpWifiLock type=2 binder=android.os.BinderProxy@67d0d53}
10-16 10:22:32.044   776   790 D WifiService: releaseWifiLockLocked: WifiLock{NlpWifiLock type=2 binder=android.os.BinderProxy@67d0d53}
10-16 10:23:43.257   776  1511 W IntentResolver: resolveIntent failed: found match, but none with CATEGORY_DEFAULT
10-16 10:23:43.258   776  1511 W IntentResolver: resolveIntent: multiple matches, only some with CATEGORY_DEFAULT
10-16 10:23:43.464   776   944 W IntentResolver: resolveIntent failed: found match, but none with CATEGORY_DEFAULT
10-16 10:23:43.465   776   944 W IntentResolver: resolveIntent: multiple matches, only some with CATEGORY_DEFAULT
10-16 10:23:43.466   776   946 W IntentResolver: resolveIntent failed: found match, but none with CATEGORY_DEFAULT
10-16 10:23:43.466   776   946 W IntentResolver: resolveIntent: multiple matches, only some with CATEGORY_DEFAULT
10-16 10:23:44.237   776  3654 I ActivityManager: Killing 31619:com.walmart.android/u0a1389 (adj 15): empty #17
10-16 10:23:44.254   776  1701 D ConnectivityService: ConnectivityService NetworkRequestInfo binderDied(NetworkRequest [ id=229, legacyType=-1, [ Capabilities: INTERNET&NOT_RESTRICTED&TRUSTED] ], android.os.BinderProxy@9ae659e)
10-16 10:23:44.254   776  4028 D ConnectivityService: ConnectivityService NetworkRequestInfo binderDied(NetworkRequest [ id=228, legacyType=-1, [ Capabilities: INTERNET&NOT_RESTRICTED&TRUSTED] ], android.os.BinderProxy@86b987f)
10-16 10:23:44.254   776   884 D ConnectivityService: releasing NetworkRequest NetworkRequest [ id=229, legacyType=-1, [ Capabilities: INTERNET&NOT_RESTRICTED&TRUSTED] ]
10-16 10:23:44.255   776   884 E ConnectivityService: RemoteException caught trying to send a callback msg for NetworkRequest [ id=229, legacyType=-1, [ Capabilities: INTERNET&NOT_RESTRICTED&TRUSTED] ]
10-16 10:23:44.255   776   884 D ConnectivityService: releasing NetworkRequest NetworkRequest [ id=228, legacyType=-1, [ Capabilities: INTERNET&NOT_RESTRICTED&TRUSTED] ]
10-16 10:23:44.255   776   884 E ConnectivityService: RemoteException caught trying to send a callback msg for NetworkRequest [ id=228, legacyType=-1, [ Capabilities: INTERNET&NOT_RESTRICTED&TRUSTED] ]
10-16 10:30:34.529   776   884 D ConnectivityService: NetworkAgentInfo [WIFI () - 117] EVENT_NETWORK_INFO_CHANGED, going from CONNECTED to DISCONNECTED
10-16 10:30:34.529   776   884 D ConnectivityService: NetworkAgentInfo [WIFI () - 117] got DISCONNECTED, was satisfying 10
10-16 10:30:34.566   776   884 D ConnectivityService: notifyType LOST for NetworkAgentInfo [WIFI () - 117]
10-16 10:30:34.667   776   884 D CSLegacyTypeTracker: Sending DISCONNECTED broadcast for type 1 NetworkAgentInfo [WIFI () - 117] isDefaultNetwork=true
10-16 10:30:34.671   776   884 D ConnectivityService: sendStickyBroadcast: action=android.net.conn.CONNECTIVITY_CHANGE
10-16 10:30:34.781   776  2287 I ActivityManager: Start proc 4614:com.google.android.setupwizard/u0a16 for broadcast com.google.android.setupwizard/.carrier.MobileConnectivityChangeReceiver
10-16 10:30:35.086   776   789 I ActivityManager: Start proc 4634:com.walmart.android/u0a1389 for broadcast com.walmart.android/com.gpshopper.sdk.beacons.BeaconsNetStatReceiver
10-16 10:30:37.506   776  1511 W ActivityManager: Unable to start service Intent { act=com.walmartlabs.electrode.net.mock.MOCK_REGISTER dat=content://com.walmart.android.mock/mocks/add_to_cart_success.resp typ=application/octet-stream pkg=com.walmartlabs.electrode.net.mock (has extras) } U=0: not found
10-16 10:30:37.509   776  1518 W ActivityManager: Unable to start service Intent { act=com.walmartlabs.electrode.net.mock.MOCK_REGISTER dat=content://com.walmart.android.mock/mocks/cards.resp typ=application/octet-stream pkg=com.walmartlabs.electrode.net.mock (has extras) } U=0: not found
10-16 10:30:37.514   776   944 W ActivityManager: Unable to start service Intent { act=com.walmartlabs.electrode.net.mock.MOCK_REGISTER dat=content://com.walmart.android.mock/mocks/gift_card.resp typ=application/octet-stream pkg=com.walmartlabs.electrode.net.mock (has extras) } U=0: not found
10-16 10:30:37.516   776   946 W ActivityManager: Unable to start service Intent { act=com.walmartlabs.electrode.net.mock.MOCK_REGISTER dat=content://com.walmart.android.mock/mocks/gift_cards.resp typ=application/octet-stream pkg=com.walmartlabs.electrode.net.mock (has extras) } U=0: not found
10-16 10:30:37.518   776  2286 W ActivityManager: Unable to start service Intent { act=com.walmartlabs.electrode.net.mock.MOCK_REGISTER dat=content://com.walmart.android.mock/mocks/delete.resp typ=application/octet-stream pkg=com.walmartlabs.electrode.net.mock (has extras) } U=0: not found
10-16 10:30:37.519   776  4028 W ActivityManager: Unable to start service Intent { act=com.walmartlabs.electrode.net.mock.MOCK_REGISTER dat=content://com.walmart.android.mock/mocks/gift_card.resp typ=application/octet-stream pkg=com.walmartlabs.electrode.net.mock (has extras) } U=0: not found
10-16 10:30:37.521   776  1953 W ActivityManager: Unable to start service Intent { act=com.walmartlabs.electrode.net.mock.MOCK_REGISTER dat=content://com.walmart.android.mock/mocks/credit_card.resp typ=application/octet-stream pkg=com.walmartlabs.electrode.net.mock (has extras) } U=0: not found
10-16 10:30:37.523   776  2287 W ActivityManager: Unable to start service Intent { act=com.walmartlabs.electrode.net.mock.MOCK_REGISTER dat=content://com.walmart.android.mock/mocks/credit_cards.resp typ=application/octet-stream pkg=com.walmartlabs.electrode.net.mock (has extras) } U=0: not found
10-16 10:30:37.524   776  3654 W ActivityManager: Unable to start service Intent { act=com.walmartlabs.electrode.net.mock.MOCK_REGISTER dat=content://com.walmart.android.mock/mocks/delete.resp typ=application/octet-stream pkg=com.walmartlabs.electrode.net.mock (has extras) } U=0: not found
10-16 10:30:37.526   776   789 W ActivityManager: Unable to start service Intent { act=com.walmartlabs.electrode.net.mock.MOCK_REGISTER dat=content://com.walmart.android.mock/mocks/credit_card.resp typ=application/octet-stream pkg=com.walmartlabs.electrode.net.mock (has extras) } U=0: not found
10-16 10:30:37.528   776   944 W ActivityManager: Unable to start service Intent { act=com.walmartlabs.electrode.net.mock.MOCK_REGISTER dat=content://com.walmart.android.mock/mocks/user.resp typ=application/octet-stream pkg=com.walmartlabs.electrode.net.mock (has extras) } U=0: not found
10-16 10:30:37.530   776   946 W ActivityManager: Unable to start service Intent { act=com.walmartlabs.electrode.net.mock.MOCK_REGISTER dat=content://com.walmart.android.mock/mocks/create_user.resp typ=application/octet-stream pkg=com.walmartlabs.electrode.net.mock (has extras) } U=0: not found
10-16 10:30:37.533   776  2286 W ActivityManager: Unable to start service Intent { act=com.walmartlabs.electrode.net.mock.MOCK_REGISTER dat=content://com.walmart.android.mock/mocks/user_related_cards.resp typ=application/octet-stream pkg=com.walmartlabs.electrode.net.mock (has extras) } U=0: not found
10-16 10:30:37.534   776  4028 W ActivityManager: Unable to start service Intent { act=com.walmartlabs.electrode.net.mock.MOCK_REGISTER dat=content://com.walmart.android.mock/mocks/user_update_cards.resp typ=application/octet-stream pkg=com.walmartlabs.electrode.net.mock (has extras) } U=0: not found
10-16 10:30:37.537   776  1953 W ActivityManager: Unable to start service Intent { act=com.walmartlabs.electrode.net.mock.MOCK_REGISTER dat=content://com.walmart.android.mock/mocks/user_last_transaction.resp typ=application/octet-stream pkg=com.walmartlabs.electrode.net.mock (has extras) } U=0: not found
10-16 10:30:37.538   776  2287 W ActivityManager: Unable to start service Intent { act=com.walmartlabs.electrode.net.mock.MOCK_REGISTER dat=content://com.walmart.android.mock/mocks/user_pair.resp typ=application/octet-stream pkg=com.walmartlabs.electrode.net.mock (has extras) } U=0: not found
10-16 10:30:37.540   776  3654 W ActivityManager: Unable to start service Intent { act=com.walmartlabs.electrode.net.mock.MOCK_REGISTER dat=content://com.walmart.android.mock/mocks/headers.resp typ=application/octet-stream pkg=com.walmartlabs.electrode.net.mock (has extras) } U=0: not found
10-16 10:30:37.542   776   789 W ActivityManager: Unable to start service Intent { act=com.walmartlabs.electrode.net.mock.MOCK_REGISTER dat=content://com.walmart.android.mock/mocks/phone_ok.resp typ=application/octet-stream pkg=com.walmartlabs.electrode.net.mock (has extras) } U=0: not found
10-16 10:30:37.544   776   944 W ActivityManager: Unable to start service Intent { act=com.walmartlabs.electrode.net.mock.MOCK_REGISTER dat=content://com.walmart.android.mock/mocks/phone_missing.resp typ=application/octet-stream pkg=com.walmartlabs.electrode.net.mock (has extras) } U=0: not found
10-16 10:30:37.546   776   946 W ActivityManager: Unable to start service Intent { act=com.walmartlabs.electrode.net.mock.MOCK_REGISTER dat=content://com.walmart.android.mock/mocks/phone_code_ok.resp typ=application/octet-stream pkg=com.walmartlabs.electrode.net.mock (has extras) } U=0: not found
10-16 10:30:37.548   776  2286 W ActivityManager: Unable to start service Intent { act=com.walmartlabs.electrode.net.mock.MOCK_REGISTER dat=content://com.walmart.android.mock/mocks/account_link_cooldown.resp typ=application/octet-stream pkg=com.walmartlabs.electrode.net.mock (has extras) } U=0: not found
10-16 10:30:37.549   776  4028 W ActivityManager: Unable to start service Intent { act=com.walmartlabs.electrode.net.mock.MOCK_REGISTER dat=content://com.walmart.android.mock/mocks/account_link_fail.resp typ=application/octet-stream pkg=com.walmartlabs.electrode.net.mock (has extras) } U=0: not found
10-16 10:30:37.551   776  1953 W ActivityManager: Unable to start service Intent { act=com.walmartlabs.electrode.net.mock.MOCK_REGISTER dat=content://com.walmart.android.mock/mocks/account_link_invalid_dob.resp typ=application/octet-stream pkg=com.walmartlabs.electrode.net.mock (has extras) } U=0: not found
10-16 10:30:37.553   776  2287 W ActivityManager: Unable to start service Intent { act=com.walmartlabs.electrode.net.mock.MOCK_REGISTER dat=content://com.walmart.android.mock/mocks/account_link_invalid_lastName.resp typ=application/octet-stream pkg=com.walmartlabs.electrode.net.mock (has extras) } U=0: not found
10-16 10:30:37.555   776  3654 W ActivityManager: Unable to start service Intent { act=com.walmartlabs.electrode.net.mock.MOCK_REGISTER dat=content://com.walmart.android.mock/mocks/account_link_invalid_RxStoreNumber.resp typ=application/octet-stream pkg=com.walmartlabs.electrode.net.mock (has extras) } U=0: not found
10-16 10:30:37.557   776   789 W ActivityManager: Unable to start service Intent { act=com.walmartlabs.electrode.net.mock.MOCK_REGISTER dat=content://com.walmart.android.mock/mocks/account_link_ok.resp typ=application/octet-stream pkg=com.walmartlabs.electrode.net.mock (has extras) } U=0: not found
10-16 10:30:37.564   776   790 W ActivityManager: Unable to start service Intent { act=com.walmartlabs.electrode.net.mock.MOCK_REGISTER dat=content://com.walmart.android.mock/mocks/account_profile_get_ok.resp typ=application/octet-stream pkg=com.walmartlabs.electrode.net.mock (has extras) } U=0: not found
10-16 10:30:37.566   776  1954 W ActivityManager: Unable to start service Intent { act=com.walmartlabs.electrode.net.mock.MOCK_REGISTER dat=content://com.walmart.android.mock/mocks/account_rx-enabled_fail.resp typ=application/octet-stream pkg=com.walmartlabs.electrode.net.mock (has extras) } U=0: not found
10-16 10:30:37.568   776  1439 W ActivityManager: Unable to start service Intent { act=com.walmartlabs.electrode.net.mock.MOCK_REGISTER dat=content://com.walmart.android.mock/mocks/account_rx-enabled_no.resp typ=application/octet-stream pkg=com.walmartlabs.electrode.net.mock (has extras) } U=0: not found
10-16 10:30:37.570   776  1511 W ActivityManager: Unable to start service Intent { act=com.walmartlabs.electrode.net.mock.MOCK_REGISTER dat=content://com.walmart.android.mock/mocks/account_rx-enabled_yes.resp typ=application/octet-stream pkg=com.walmartlabs.electrode.net.mock (has extras) } U=0: not found
10-16 10:30:37.572   776  1518 W ActivityManager: Unable to start service Intent { act=com.walmartlabs.electrode.net.mock.MOCK_REGISTER dat=content://com.walmart.android.mock/mocks/account_validate_cooldown_dob_checked.resp typ=application/octet-stream pkg=com.walmartlabs.electrode.net.mock (has extras) } U=0: not found
10-16 10:30:37.574   776  2285 W ActivityManager: Unable to start service Intent { act=com.walmartlabs.electrode.net.mock.MOCK_REGISTER dat=content://com.walmart.android.mock/mocks/account_validate_fail.resp typ=application/octet-stream pkg=com.walmartlabs.electrode.net.mock (has extras) } U=0: not found
10-16 10:30:37.575   776  1952 W ActivityManager: Unable to start service Intent { act=com.walmartlabs.electrode.net.mock.MOCK_REGISTER dat=content://com.walmart.android.mock/mocks/account_validate_ok.resp typ=application/octet-stream pkg=com.walmartlabs.electrode.net.mock (has extras) } U=0: not found
10-16 10:30:37.577   776  1701 W ActivityManager: Unable to start service Intent { act=com.walmartlabs.electrode.net.mock.MOCK_REGISTER dat=content://com.walmart.android.mock/mocks/cart_ok.resp typ=application/octet-stream pkg=com.walmartlabs.electrode.net.mock (has extras) } U=0: not found
10-16 10:30:37.579   776   790 W ActivityManager: Unable to start service Intent { act=com.walmartlabs.electrode.net.mock.MOCK_REGISTER dat=content://com.walmart.android.mock/mocks/cart_multi_ok.resp typ=application/octet-stream pkg=com.walmartlabs.electrode.net.mock (has extras) } U=0: not found
10-16 10:30:37.580   776  1954 W ActivityManager: Unable to start service Intent { act=com.walmartlabs.electrode.net.mock.MOCK_REGISTER dat=content://com.walmart.android.mock/mocks/cart_checkout_invalid_date.resp typ=application/octet-stream pkg=com.walmartlabs.electrode.net.mock (has extras) } U=0: not found
10-16 10:30:37.582   776  1439 W ActivityManager: Unable to start service Intent { act=com.walmartlabs.electrode.net.mock.MOCK_REGISTER dat=content://com.walmart.android.mock/mocks/cart_checkout_ok.resp typ=application/octet-stream pkg=com.walmartlabs.electrode.net.mock (has extras) } U=0: not found
10-16 10:30:37.584   776  1511 W ActivityManager: Unable to start service Intent { act=com.walmartlabs.electrode.net.mock.MOCK_REGISTER dat=content://com.walmart.android.mock/mocks/cart_checkout_partial.resp typ=application/octet-stream pkg=com.walmartlabs.electrode.net.mock (has extras) } U=0: not found
10-16 10:30:37.585   776  1518 W ActivityManager: Unable to start service Intent { act=com.walmartlabs.electrode.net.mock.MOCK_REGISTER dat=content://com.walmart.android.mock/mocks/cart_pickup-details_ok.resp typ=application/octet-stream pkg=com.walmartlabs.electrode.net.mock (has extras) } U=0: not found
10-16 10:30:37.587   776  2285 W ActivityManager: Unable to start service Intent { act=com.walmartlabs.electrode.net.mock.MOCK_REGISTER dat=content://com.walmart.android.mock/mocks/cart_multi_ok.resp typ=application/octet-stream pkg=com.walmartlabs.electrode.net.mock (has extras) } U=0: not found
10-16 10:30:37.588   776  1952 W ActivityManager: Unable to start service Intent { act=com.walmartlabs.electrode.net.mock.MOCK_REGISTER dat=content://com.walmart.android.mock/mocks/cart_refill_ok.resp typ=application/octet-stream pkg=com.walmartlabs.electrode.net.mock (has extras) } U=0: not found
10-16 10:30:37.590   776  1701 W ActivityManager: Unable to start service Intent { act=com.walmartlabs.electrode.net.mock.MOCK_REGISTER dat=content://com.walmart.android.mock/mocks/cart_refill_ok.resp typ=application/octet-stream pkg=com.walmartlabs.electrode.net.mock (has extras) } U=0: not found
10-16 10:30:37.592   776   790 W ActivityManager: Unable to start service Intent { act=com.walmartlabs.electrode.net.mock.MOCK_REGISTER dat=content://com.walmart.android.mock/mocks/cart_refill_multi_ok.resp typ=application/octet-stream pkg=com.walmartlabs.electrode.net.mock (has extras) } U=0: not found
10-16 10:30:37.594   776  1954 W ActivityManager: Unable to start service Intent { act=com.walmartlabs.electrode.net.mock.MOCK_REGISTER dat=content://com.walmart.android.mock/mocks/prescriptions_external-transfer_fail.resp typ=application/octet-stream pkg=com.walmartlabs.electrode.net.mock (has extras) } U=0: not found
10-16 10:30:37.595   776  1439 W ActivityManager: Unable to start service Intent { act=com.walmartlabs.electrode.net.mock.MOCK_REGISTER dat=content://com.walmart.android.mock/mocks/prescriptions_external-transfer_ok.resp typ=application/octet-stream pkg=com.walmartlabs.electrode.net.mock (has extras) } U=0: not found
10-16 10:30:37.597   776  1511 W ActivityManager: Unable to start service Intent { act=com.walmartlabs.electrode.net.mock.MOCK_REGISTER dat=content://com.walmart.android.mock/mocks/prescriptions_fail.resp typ=application/octet-stream pkg=com.walmartlabs.electrode.net.mock (has extras) } U=0: not found
10-16 10:30:37.599   776  1518 W ActivityManager: Unable to start service Intent { act=com.walmartlabs.electrode.net.mock.MOCK_REGISTER dat=content://com.walmart.android.mock/mocks/prescriptions_ok.resp typ=application/octet-stream pkg=com.walmartlabs.electrode.net.mock (has extras) } U=0: not found
10-16 10:30:37.601   776  2285 W ActivityManager: Unable to start service Intent { act=com.walmartlabs.electrode.net.mock.MOCK_REGISTER dat=content://com.walmart.android.mock/mocks/refill-history_ok.resp typ=application/octet-stream pkg=com.walmartlabs.electrode.net.mock (has extras) } U=0: not found
10-16 10:30:37.602   776  1952 W ActivityManager: Unable to start service Intent { act=com.walmartlabs.electrode.net.mock.MOCK_REGISTER dat=content://com.walmart.android.mock/mocks/refill-history_refill_ok.resp typ=application/octet-stream pkg=com.walmartlabs.electrode.net.mock (has extras) } U=0: not found
10-16 10:30:37.606   776  1701 W ActivityManager: Unable to start service Intent { act=com.walmartlabs.electrode.net.mock.MOCK_REGISTER dat=content://com.walmart.android.mock/mocks/quimby_base.resp typ=application/octet-stream pkg=com.walmartlabs.electrode.net.mock (has extras) } U=0: not found
10-16 10:30:37.614   776   790 W ActivityManager: Unable to start service Intent { act=com.walmartlabs.electrode.net.mock.MOCK_REGISTER dat=content://com.walmart.android.mock/mocks/quimby_carousel.resp typ=application/octet-stream pkg=com.walmartlabs.electrode.net.mock (has extras) } U=0: not found
10-16 10:30:37.619   776  1954 W ActivityManager: Unable to start service Intent { act=com.walmartlabs.electrode.net.mock.MOCK_REGISTER dat=content://com.walmart.android.mock/mocks/register_ok.resp typ=application/octet-stream pkg=com.walmartlabs.electrode.net.mock (has extras) } U=0: not found
10-16 10:30:37.621   776  1439 W ActivityManager: Unable to start service Intent { act=com.walmartlabs.electrode.net.mock.MOCK_REGISTER dat=content://com.walmart.android.mock/mocks/register_fail.resp typ=application/octet-stream pkg=com.walmartlabs.electrode.net.mock (has extras) } U=0: not found
10-16 10:30:37.625   776  3654 W ActivityManager: Unable to start service Intent { act=com.walmartlabs.electrode.net.mock.MOCK_REGISTER dat=content://com.walmart.android.mock/mocks/addReceipt_alreadyProcessing.resp typ=application/octet-stream pkg=com.walmartlabs.electrode.net.mock (has extras) } U=0: not found
10-16 10:30:37.627   776   789 W ActivityManager: Unable to start service Intent { act=com.walmartlabs.electrode.net.mock.MOCK_REGISTER dat=content://com.walmart.android.mock/mocks/addReceipt_alreadySubmitted.resp typ=application/octet-stream pkg=com.walmartlabs.electrode.net.mock (has extras) } U=0: not found
10-16 10:30:37.629   776   944 W ActivityManager: Unable to start service Intent { act=com.walmartlabs.electrode.net.mock.MOCK_REGISTER dat=content://com.walmart.android.mock/mocks/addReceipt_fail401.resp typ=application/octet-stream pkg=com.walmartlabs.electrode.net.mock (has extras) } U=0: not found
10-16 10:30:37.632   776  1954 W ActivityManager: Unable to start service Intent { act=com.walmartlabs.electrode.net.mock.MOCK_REGISTER dat=content://com.walmart.android.mock/mocks/addReceipt_fail500.resp typ=application/octet-stream pkg=com.walmartlabs.electrode.net.mock (has extras) } U=0: not found
10-16 10:30:37.634   776  1439 W ActivityManager: Unable to start service Intent { act=com.walmartlabs.electrode.net.mock.MOCK_REGISTER dat=content://com.walmart.android.mock/mocks/addReceipt_preProgram.resp typ=application/octet-stream pkg=com.walmartlabs.electrode.net.mock (has extras) } U=0: not found
10-16 10:30:37.641   776  1518 W ActivityManager: Unable to start service Intent { act=com.walmartlabs.electrode.net.mock.MOCK_REGISTER dat=content://com.walmart.android.mock/mocks/addReceipt_success.resp typ=application/octet-stream pkg=com.walmartlabs.electrode.net.mock (has extras) } U=0: not found
10-16 10:30:37.643   776  1952 W ActivityManager: Unable to start service Intent { act=com.walmartlabs.electrode.net.mock.MOCK_REGISTER dat=content://com.walmart.android.mock/mocks/addReceipt_tooOld.resp typ=application/octet-stream pkg=com.walmartlabs.electrode.net.mock (has extras) } U=0: not found
10-16 10:30:37.645   776  1701 W ActivityManager: Unable to start service Intent { act=com.walmartlabs.electrode.net.mock.MOCK_REGISTER dat=content://com.walmart.android.mock/mocks/addReceipt_weekLimit.resp typ=application/octet-stream pkg=com.walmartlabs.electrode.net.mock (has extras) } U=0: not found
10-16 10:30:37.647   776   790 W ActivityManager: Unable to start service Intent { act=com.walmartlabs.electrode.net.mock.MOCK_REGISTER dat=content://com.walmart.android.mock/mocks/dashboard_bluebird_linked.resp typ=application/octet-stream pkg=com.walmartlabs.electrode.net.mock (has extras) } U=0: not found
10-16 10:30:37.649   776  1954 W ActivityManager: Unable to start service Intent { act=com.walmartlabs.electrode.net.mock.MOCK_REGISTER dat=content://com.walmart.android.mock/mocks/dashboard_bluebird_linked_no_giftcard.resp typ=application/octet-stream pkg=com.walmartlabs.electrode.net.mock (has extras) } U=0: not found
10-16 10:30:37.651   776  1439 W ActivityManager: Unable to start service Intent { act=com.walmartlabs.electrode.net.mock.MOCK_REGISTER dat=content://com.walmart.android.mock/mocks/dashboard_bluebird_not_preferred.resp typ=application/octet-stream pkg=com.walmartlabs.electrode.net.mock (has extras) } U=0: not found
10-16 10:30:37.653   776  1511 W ActivityManager: Unable to start service Intent { act=com.walmartlabs.electrode.net.mock.MOCK_REGISTER dat=content://com.walmart.android.mock/mocks/dashboard_fail.resp typ=application/octet-stream pkg=com.walmartlabs.electrode.net.mock (has extras) } U=0: not found
10-16 10:30:37.655   776  3654 W ActivityManager: Unable to start service Intent { act=com.walmartlabs.electrode.net.mock.MOCK_REGISTER dat=content://com.walmart.android.mock/mocks/dashboard_little_available.resp typ=application/octet-stream pkg=com.walmartlabs.electrode.net.mock (has extras) } U=0: not found
10-16 10:30:37.656   776  1518 W ActivityManager: Unable to start service Intent { act=com.walmartlabs.electrode.net.mock.MOCK_REGISTER dat=content://com.walmart.android.mock/mocks/dashboard_money_redeemed.resp typ=application/octet-stream pkg=com.walmartlabs.electrode.net.mock (has extras) } U=0: not found
10-16 10:30:37.658   776  1952 W ActivityManager: Unable to start service Intent { act=com.walmartlabs.electrode.net.mock.MOCK_REGISTER dat=content://com.walmart.android.mock/mocks/dashboard_no_available.resp typ=application/octet-stream pkg=com.walmartlabs.electrode.net.mock (has extras) } U=0: not found
10-16 10:30:37.659   776  1701 W ActivityManager: Unable to start service Intent { act=com.walmartlabs.electrode.net.mock.MOCK_REGISTER dat=content://com.walmart.android.mock/mocks/dashboard_no_gc_bb_register.resp typ=application/octet-stream pkg=com.walmartlabs.electrode.net.mock (has extras) } U=0: not found
10-16 10:30:37.661   776   790 W ActivityManager: Unable to start service Intent { act=com.walmartlabs.electrode.net.mock.MOCK_REGISTER dat=content://com.walmart.android.mock/mocks/dashboard_no_gift_card.resp typ=application/octet-stream pkg=com.walmartlabs.electrode.net.mock (has extras) } U=0: not found
10-16 10:30:37.662   776  1954 W ActivityManager: Unable to start service Intent { act=com.walmartlabs.electrode.net.mock.MOCK_REGISTER dat=content://com.walmart.android.mock/mocks/dashboard_bluebird_linked.resp typ=application/octet-stream pkg=com.walmartlabs.electrode.net.mock (has extras) } U=0: not found
10-16 10:30:37.664   776  1439 W ActivityManager: Unable to start service Intent { act=com.walmartlabs.electrode.net.mock.MOCK_REGISTER dat=content://com.walmart.android.mock/mocks/dashboard_no_nothing.resp typ=application/octet-stream pkg=com.walmartlabs.electrode.net.mock (has extras) } U=0: not found
10-16 10:30:37.666   776  1511 W ActivityManager: Unable to start service Intent { act=com.walmartlabs.electrode.net.mock.MOCK_REGISTER dat=content://com.walmart.android.mock/mocks/feedback_fail.resp typ=application/octet-stream pkg=com.walmartlabs.electrode.net.mock (has extras) } U=0: not found
10-16 10:30:37.668   776  3654 W ActivityManager: Unable to start service Intent { act=com.walmartlabs.electrode.net.mock.MOCK_REGISTER dat=content://com.walmart.android.mock/mocks/redeemCredit_ok.resp typ=application/octet-stream pkg=com.walmartlabs.electrode.net.mock (has extras) } U=0: not found
10-16 10:30:37.669   776  1518 W ActivityManager: Unable to start service Intent { act=com.walmartlabs.electrode.net.mock.MOCK_REGISTER dat=content://com.walmart.android.mock/mocks/redeemCredit_fail.resp typ=application/octet-stream pkg=com.walmartlabs.electrode.net.mock (has extras) } U=0: not found
10-16 10:30:37.671   776  1952 W ActivityManager: Unable to start service Intent { act=com.walmartlabs.electrode.net.mock.MOCK_REGISTER dat=content://com.walmart.android.mock/mocks/redeemCredit_fail400.resp typ=application/octet-stream pkg=com.walmartlabs.electrode.net.mock (has extras) } U=0: not found
10-16 10:30:37.937   776  1518 D ConnectivityService: listenForNetwork for Listen from uid/pid:11389/4634 for NetworkRequest [ id=232, legacyType=-1, [ Capabilities: INTERNET&NOT_RESTRICTED&TRUSTED] ]
10-16 10:30:39.118   776  1439 D ConnectivityService: listenForNetwork for Listen from uid/pid:11389/4634 for NetworkRequest [ id=233, legacyType=-1, [ Capabilities: INTERNET&NOT_RESTRICTED&TRUSTED] ]
10-16 10:30:39.247   776   789 I ActivityManager: Start proc 4754:com.gpshopper.carcareone/u0a1457 for broadcast com.gpshopper.carcareone/com.gpshopper.sdk.beacons.BeaconsNetStatReceiver
10-16 10:30:39.247   776   789 I ActivityManager: Killing 30443:com.gpshopper.shoecarnival/u0a1448 (adj 15): empty #17
10-16 10:30:40.058   776   946 I ActivityManager: Start proc 4802:com.gpshopper.shoecarnival/u0a1448 for broadcast com.gpshopper.shoecarnival/com.gpshopper.sdk.beacons.BeaconsNetStatReceiver
10-16 10:30:40.060   776   946 I ActivityManager: Killing 32239:com.google.android.webview:webview_service/u0a90 (adj 15): empty #17
10-16 10:30:40.209   776   884 D ConnectivityService: releasing NetworkRequest NetworkRequest [ id=232, legacyType=-1, [ Capabilities: INTERNET&NOT_RESTRICTED&TRUSTED] ]
10-16 10:30:40.841   776  1511 I ActivityManager: Killing 2185:com.google.android.music:main/u0a58 (adj 15): empty #17
10-16 10:30:44.789   776  1954 I ActivityManager: Killing 2395:com.android.providers.calendar/u0a1 (adj 15): empty #17
10-16 10:31:34.718   776   884 D ConnectivityService: Failed to find a new network - expiring NetTransition Wakelock
10-16 10:31:37.309   776  1701 D WifiService: acquireWifiLockLocked: WifiLock{NlpWifiLock type=2 binder=android.os.BinderProxy@4aec330}
10-16 10:31:38.717   776  1439 D WifiService: releaseWifiLockLocked: WifiLock{NlpWifiLock type=2 binder=android.os.BinderProxy@4aec330}
10-16 10:38:08.489   776   874 I PowerManagerService: Waking up from sleep (uid 1000)...
10-16 10:38:08.495   776   799 I DisplayPowerController: Blocking screen on until initial contents have been drawn.
10-16 10:38:08.601   776   797 I DisplayManagerService: Display device changed state: "Built-in Screen", ON
10-16 10:38:08.846   776   799 I DisplayPowerController: Unblocked screen on after 351 ms
10-16 10:38:10.355   776   790 D WifiService: acquireWifiLockLocked: WifiLock{NlpWifiLock type=2 binder=android.os.BinderProxy@e024b1c}
10-16 10:38:10.404   776  1439 D WifiService: releaseWifiLockLocked: WifiLock{NlpWifiLock type=2 binder=android.os.BinderProxy@e024b1c}
10-16 10:38:10.981   776   882 D ConnectivityService: registerNetworkAgent NetworkAgentInfo{ ni{[type: WIFI[], state: CONNECTING/CONNECTING, reason: (unspecified), extra: "NETGEAR59", roaming: false, failover: false, isAvailable: true]}  network{118}  lp{{InterfaceName: wlan0 LinkAddresses: []  Routes: [] DnsAddresses: [] Domains: null MTU: 0 TcpBufferSizes: 524288,1048576,2097152,262144,524288,1048576}}  nc{[ Transports: WIFI Capabilities: INTERNET&NOT_RESTRICTED&TRUSTED&NOT_VPN LinkUpBandwidth>=1048576Kbps LinkDnBandwidth>=1048576Kbps]}  Score{20}  everValidated{false}  lastValidated{false}  created{false} lingering{false} explicitlySelected{false} acceptUnvalidated{false} everCaptivePortalDetected{false} lastCaptivePortalDetected{false} }
10-16 10:38:10.981   776   884 D ConnectivityService: NetworkAgentInfo [WIFI () - 118] EVENT_NETWORK_INFO_CHANGED, going from null to CONNECTING
10-16 10:38:11.024   776   884 D ConnectivityService: updateNetworkScore for NetworkAgentInfo [WIFI () - 118] to 60
10-16 10:38:12.124   776   884 D ConnectivityService: notifyType CAP_CHANGED for NetworkAgentInfo [WIFI () - 118]
10-16 10:38:12.124   776   789 W InputMethodManagerService: Window already focused, ignoring focus gain of: com.android.internal.view.IInputMethodClient$Stub$Proxy@d559f68 attribute=android.view.inputmethod.EditorInfo@676bf81, token = android.os.BinderProxy@7ea7fd2
10-16 10:38:12.124   776   884 D ConnectivityService: NetworkAgentInfo [WIFI () - 118] EVENT_NETWORK_INFO_CHANGED, going from CONNECTING to CONNECTED
10-16 10:38:12.125   776   884 D ConnectivityService: Adding iface wlan0 to network 118
10-16 10:38:12.271   776   884 E ConnectivityService: Unexpected mtu value: 0, wlan0
10-16 10:38:12.271   776   884 D ConnectivityService: Adding Route [fe80::/64 -> :: wlan0] to network 118
10-16 10:38:12.271   776   884 D ConnectivityService: Adding Route [2601:86:680:1ba0::/64 -> :: wlan0] to network 118
10-16 10:38:12.272   776   884 D ConnectivityService: Adding Route [::/0 -> fe80::b27f:b9ff:feda:7752 wlan0] to network 118
10-16 10:38:12.273   776   884 D ConnectivityService: Setting Dns servers for network 118 to [/2001:558:feed::1, /2001:558:feed::2]
10-16 10:38:12.277   776   884 I Nat464Xlat: Starting clatd on wlan0
10-16 10:38:12.293   776   884 D ConnectivityService: notifyType IP_CHANGED for NetworkAgentInfo [WIFI () - 118]
10-16 10:38:12.304   776   884 D ConnectivityService: scheduleUnvalidatedPrompt 118
10-16 10:38:12.305   776   884 D ConnectivityService: updateSignalStrengthThresholds: CONNECT, sending [] to NetworkAgentInfo [WIFI () - 118]
