10-16 10:38:12.305   776   884 D ConnectivityService: rematch for NetworkAgentInfo [WIFI () - 118]
10-16 10:38:12.305   776   884 D ConnectivityService:    accepting network in place of null
10-16 10:38:12.306   776   884 D ConnectivityService: Switching to new default network: NetworkAgentInfo{ ni{[type: WIFI[], state: CONNECTED/CONNECTED, reason: (unspecified), extra: "NETGEAR59", roaming: false, failover: false, isAvailable: true]}  network{118}  lp{{InterfaceName: wlan0 LinkAddresses: [fe80::cefa:ff:fee8:9d1a/64,2601:86:680:1ba0:cefa:ff:fee8:9d1a/64,2601:86:680:1ba0:557f:2cdb:f4e9:b67a/64,]  Routes: [fe80::/64 -> :: wlan0,::/0 -> fe80::b27f:b9ff:feda:7752 wlan0,2601:86:680:1ba0::/64 -> :: wlan0,] DnsAddresses: [2001:558:feed::1,2001:558:feed::2,] Domains: null MTU: 0 TcpBufferSizes: 524288,1048576,2097152,262144,524288,1048576}}  nc{[ Transports: WIFI Capabilities: INTERNET&NOT_RESTRICTED&TRUSTED&NOT_VPN LinkUpBandwidth>=1048576Kbps LinkDnBandwidth>=1048576Kbps SignalStrength: -36]}  Score{20}  everValidated{false}  lastValidated{false}  created{true} lingering{false} explicitlySelected{false} acceptUnvalidated{false} everCaptivePortalDetected{false} lastCaptivePortalDetected{false} }
10-16 10:38:12.357   776   884 D CSLegacyTypeTracker: Sending CONNECTED broadcast for type 1 NetworkAgentInfo [WIFI () - 118] isDefaultNetwork=true
10-16 10:38:12.357   776   884 D ConnectivityService: sendStickyBroadcast: action=android.net.conn.CONNECTIVITY_CHANGE
10-16 10:38:12.360   776   884 D ConnectivityService: notifyType PRECHECK for NetworkAgentInfo [WIFI () - 118]
10-16 10:38:12.927   776  3654 W InputMethodManagerService: Window already focused, ignoring focus gain of: com.android.internal.view.IInputMethodClient$Stub$Proxy@974f1c8 attribute=null, token = android.os.BinderProxy@7ea7fd2
10-16 10:38:13.115   776  1701 I ActivityManager: START u0 {act=com.android.systemui.recents.SHOW_RECENTS flg=0x10804000 cmp=com.android.systemui/.recents.RecentsActivity} from uid 10012 on display 0
10-16 10:38:13.482   776   884 I Nat464Xlat: Stopping clatd
10-16 10:38:13.590   776   884 D ConnectivityService: notifyType IP_CHANGED for NetworkAgentInfo [WIFI () - 118]
10-16 10:38:13.599   776   884 D ConnectivityService: Adding Route [192.168.0.0/24 -> 0.0.0.0 wlan0] to network 118
10-16 10:38:13.600   776   884 D ConnectivityService: Adding Route [0.0.0.0/0 -> 192.168.0.1 wlan0] to network 118
10-16 10:38:13.600   776   884 D ConnectivityService: Setting Dns servers for network 118 to [/2001:558:feed::1, /2001:558:feed::2, /75.75.75.75, /75.75.76.76]
10-16 10:38:13.605   776   884 I Nat464Xlat: Stopping clatd
10-16 10:38:13.618   776   884 E Nat464Xlat: Error stopping clatd: java.lang.IllegalStateException: command '1741 clatd stop wlan0' failed with '400 1741 Clatd operation failed'
10-16 10:38:13.632   776   884 D ConnectivityService: notifyType IP_CHANGED for NetworkAgentInfo [WIFI () - 118]
10-16 10:38:13.803   776  1954 D ConnectivityService: listenForNetwork for Listen from uid/pid:10019/2470 for NetworkRequest [ id=234, legacyType=-1, [ Capabilities: INTERNET&NOT_RESTRICTED&TRUSTED] ]
10-16 10:38:14.032   776   884 D ConnectivityService: notifyType CAP_CHANGED for NetworkAgentInfo [WIFI () - 118]
10-16 10:38:14.746   776   884 D ConnectivityService: setProvNotificationVisibleIntent null visible=false networkType=MOBILE extraInfo=null highPriority=false
10-16 10:38:14.746   776   884 D ConnectivityService: NetworkAgentInfo [WIFI () - 118] validation  passed
10-16 10:38:14.746   776   884 D ConnectivityService: notifyType CAP_CHANGED for NetworkAgentInfo [WIFI () - 118]
10-16 10:38:14.751   776   884 D ConnectivityService: sendStickyBroadcast: action=android.net.conn.INET_CONDITION_ACTION
10-16 10:38:15.115   776  3654 I ActivityManager: START u0 {act=android.intent.action.MAIN cat=[android.intent.category.HOME] flg=0x10200000 cmp=com.google.android.googlequicksearchbox/com.google.android.launcher.GEL} from uid 10012 on display 0
10-16 10:38:16.022   776   874 I PowerManagerService: Going to sleep due to power button (uid 1000)...
10-16 10:38:16.022   776   799 I PowerManagerService: Sleeping (uid 1000)...
10-16 10:38:16.385   776   790 I ActivityManager: Start proc 6622:com.google.android.webview:webview_service/u0a90 for service com.google.android.webview/org.chromium.android_webview.services.VariationsSeedServer
10-16 10:38:16.607   776   797 I DisplayManagerService: Display device changed state: "Built-in Screen", OFF
10-16 10:38:19.573   776  1701 D ConnectivityService: requestNetwork for Request from uid/pid:10019/2470 for NetworkRequest [ id=235, legacyType=5, [ Transports: CELLULAR Capabilities: INTERNET&NOT_RESTRICTED&TRUSTED&NOT_VPN] ]
10-16 10:38:19.575   776  1952 D ConnectivityService: reportNetworkConnectivity(118, false) by 10019
10-16 10:38:20.305   776   884 D ConnectivityService: handlePromptUnvalidated 118
10-16 10:38:20.478   776   884 D ConnectivityService: setProvNotificationVisibleIntent null visible=false networkType=MOBILE extraInfo=null highPriority=false
10-16 10:38:20.480   776   884 D ConnectivityService: NetworkAgentInfo [WIFI () - 118] validation  passed
10-16 10:38:20.886   776   792 I ActivityManager: Start proc 6691:com.Slack/u0a1437 for broadcast com.Slack/com.google.firebase.iid.FirebaseInstanceIdReceiver
10-16 10:38:22.129   776  2286 D ConnectivityService: listenForNetwork for Listen from uid/pid:11437/6691 for NetworkRequest [ id=236, legacyType=-1, [ Capabilities: INTERNET&NOT_RESTRICTED&TRUSTED&NOT_VPN] ]
10-16 10:38:22.917   776  2287 D ConnectivityService: listenForNetwork for Listen from uid/pid:11437/6691 for NetworkRequest [ id=237, legacyType=-1, [ Capabilities: INTERNET&NOT_RESTRICTED&TRUSTED&NOT_VPN] ]
10-16 10:38:22.975   776  2286 D ConnectivityService: listenForNetwork for Listen from uid/pid:11437/6691 for NetworkRequest [ id=238, legacyType=-1, [ Capabilities: INTERNET&NOT_RESTRICTED&TRUSTED&NOT_VPN] ]
10-16 10:38:23.306   193  6546 W SocketClient: write error (Broken pipe)
10-16 10:38:55.275   776  1511 I ActivityManager: Killing 2370:com.google.android.calendar/u0a28 (adj 15): empty #17
10-16 10:38:59.599   776   884 D ConnectivityService: releasing NetworkRequest NetworkRequest [ id=235, legacyType=5, [ Transports: CELLULAR Capabilities: INTERNET&NOT_RESTRICTED&TRUSTED&NOT_VPN] ]
10-16 10:39:47.587   776   792 I ActivityManager: Waited long enough for: ServiceRecord{83bfbfc u0 com.google.android.googlequicksearchbox/com.google.android.apps.gsa.shared.util.keepalive.StandaloneKeepAlive$KeepAliveService}
10-16 10:47:22.178   776   792 I ProcessStatsService: Prepared write state in 4ms
10-16 10:47:22.182   776   792 I ProcessStatsService: Prepared write state in 4ms
10-16 10:47:22.187   776   792 I ProcessStatsService: Prepared write state in 5ms
10-16 10:47:22.191   776   792 I ProcessStatsService: Prepared write state in 4ms
10-16 10:47:22.299   776  2287 D WifiService: acquireWifiLockLocked: WifiLock{NlpWifiLock type=2 binder=android.os.BinderProxy@25741bf}
10-16 10:47:23.383   776  1511 D WifiService: releaseWifiLockLocked: WifiLock{NlpWifiLock type=2 binder=android.os.BinderProxy@25741bf}
10-16 10:47:35.503   776   884 D ConnectivityService: NetworkAgentInfo [WIFI () - 118] EVENT_NETWORK_INFO_CHANGED, going from CONNECTED to DISCONNECTED
10-16 10:47:35.503   776   884 D ConnectivityService: NetworkAgentInfo [WIFI () - 118] got DISCONNECTED, was satisfying 15
10-16 10:47:35.546   776   884 D ConnectivityService: notifyType LOST for NetworkAgentInfo [WIFI () - 118]
10-16 10:47:35.550   776   884 I Nat464Xlat: Stopping clatd
10-16 10:47:35.553   776   884 E Nat464Xlat: Error stopping clatd: java.lang.IllegalStateException: command '1749 clatd stop wlan0' failed with '400 1749 Clatd operation failed'
10-16 10:47:35.628   776   884 D CSLegacyTypeTracker: Sending DISCONNECTED broadcast for type 1 NetworkAgentInfo [WIFI () - 118] isDefaultNetwork=true
10-16 10:47:35.628   776   884 D ConnectivityService: sendStickyBroadcast: action=android.net.conn.CONNECTIVITY_CHANGE
10-16 10:48:35.673   776   884 D ConnectivityService: Failed to find a new network - expiring NetTransition Wakelock
10-16 10:50:09.972   776   776 I ActivityManager: Killing 2568:com.google.android.partnersetup/u0a11 (adj 15): empty for 1814s
10-16 10:52:37.432   776  1439 D WifiService: acquireWifiLockLocked: WifiLock{NlpWifiLock type=2 binder=android.os.BinderProxy@54793d8}
10-16 10:52:38.743   776  4028 D WifiService: releaseWifiLockLocked: WifiLock{NlpWifiLock type=2 binder=android.os.BinderProxy@54793d8}
10-16 10:52:47.649   776   792 I ActivityManager: Start proc 9357:android.process.acore/u0a3 for broadcast com.android.providers.contacts/.PackageIntentReceiver
10-16 10:52:48.102   776  2285 I ActivityManager: Start proc 9402:com.android.vending/u0a14 for broadcast com.android.vending/com.google.android.finsky.packagemanager.impl.PackageMonitorReceiverImpl$RegisteredReceiver
10-16 10:52:49.202   776   946 I ActivityManager: Start proc 9449:com.google.process.gapps/u0a100 for content provider com.google.android.syncadapters.contacts/.GalProvider
10-16 10:52:50.392   776  1954 D ConnectivityService: listenForNetwork for Listen from uid/pid:10014/9402 for NetworkRequest [ id=239, legacyType=-1, [ Capabilities: INTERNET&NOT_RESTRICTED&TRUSTED] ]
10-16 10:52:50.581   776  1518 I ActivityManager: Killing 6622:com.google.android.webview:webview_service/u0a90 (adj 15): empty #17
10-16 10:53:01.007   776   790 I ActivityManager: Start proc 9597:com.android.vending:download_service/u0a14 for service com.android.vending/com.google.android.finsky.downloadservice.DownloadService
10-16 10:53:01.145   776  1439 I ActivityManager: Killing 31568:com.google.android.apps.maps/u0a57 (adj 15): empty #17
10-16 10:53:01.162   776  1518 D ConnectivityService: ConnectivityService NetworkRequestInfo binderDied(NetworkRequest [ id=230, legacyType=-1, [ Capabilities: INTERNET&NOT_RESTRICTED&TRUSTED] ], android.os.BinderProxy@9f508ce)
10-16 10:53:01.162   776   884 D ConnectivityService: releasing NetworkRequest NetworkRequest [ id=230, legacyType=-1, [ Capabilities: INTERNET&NOT_RESTRICTED&TRUSTED] ]
10-16 10:53:01.168   776   884 E ConnectivityService: RemoteException caught trying to send a callback msg for NetworkRequest [ id=230, legacyType=-1, [ Capabilities: INTERNET&NOT_RESTRICTED&TRUSTED] ]
10-16 10:57:37.667   776  3654 D WifiService: acquireWifiLockLocked: WifiLock{NlpWifiLock type=2 binder=android.os.BinderProxy@75dd5cf}
10-16 10:57:39.160   776  2286 D WifiService: releaseWifiLockLocked: WifiLock{NlpWifiLock type=2 binder=android.os.BinderProxy@75dd5cf}
10-16 10:58:11.970   776   791 I UsageStatsService: User[0] Flushing usage stats to disk
10-16 11:02:48.728   776  4028 D WifiService: acquireWifiLockLocked: WifiLock{NlpWifiLock type=2 binder=android.os.BinderProxy@576fb87}
10-16 11:02:50.171   776  3654 D WifiService: releaseWifiLockLocked: WifiLock{NlpWifiLock type=2 binder=android.os.BinderProxy@576fb87}
10-16 11:08:14.876   776  3654 D WifiService: acquireWifiLockLocked: WifiLock{NlpWifiLock type=2 binder=android.os.BinderProxy@1f8a99f}
10-16 11:08:16.178   776  2285 D WifiService: releaseWifiLockLocked: WifiLock{NlpWifiLock type=2 binder=android.os.BinderProxy@1f8a99f}
10-16 11:09:00.499   776   776 I ActivityManager: Killing 2104:com.google.android.gm/u0a41 (adj 15): empty for 1805s
10-16 11:09:00.507   776  2285 D WifiService: acquireWifiLockLocked: WifiLock{NlpWifiLock type=2 binder=android.os.BinderProxy@8a93bee}
10-16 11:09:01.834   776  1518 D WifiService: releaseWifiLockLocked: WifiLock{NlpWifiLock type=2 binder=android.os.BinderProxy@8a93bee}
10-16 11:11:51.615   776  3654 I ActivityManager: Killing 6691:com.Slack/u0a1437 (adj 15): empty for 1813s
10-16 11:11:51.634   776  2285 D ConnectivityService: ConnectivityService NetworkRequestInfo binderDied(NetworkRequest [ id=238, legacyType=-1, [ Capabilities: INTERNET&NOT_RESTRICTED&TRUSTED&NOT_VPN] ], android.os.BinderProxy@e7c0438)
10-16 11:11:51.635   776  2285 D ConnectivityService: ConnectivityService NetworkRequestInfo binderDied(NetworkRequest [ id=236, legacyType=-1, [ Capabilities: INTERNET&NOT_RESTRICTED&TRUSTED&NOT_VPN] ], android.os.BinderProxy@f670c11)
10-16 11:11:51.635   776  2285 D ConnectivityService: ConnectivityService NetworkRequestInfo binderDied(NetworkRequest [ id=237, legacyType=-1, [ Capabilities: INTERNET&NOT_RESTRICTED&TRUSTED&NOT_VPN] ], android.os.BinderProxy@ab38176)
10-16 11:11:51.636   776   884 D ConnectivityService: releasing NetworkRequest NetworkRequest [ id=238, legacyType=-1, [ Capabilities: INTERNET&NOT_RESTRICTED&TRUSTED&NOT_VPN] ]
10-16 11:11:51.636   776   884 E ConnectivityService: RemoteException caught trying to send a callback msg for NetworkRequest [ id=238, legacyType=-1, [ Capabilities: INTERNET&NOT_RESTRICTED&TRUSTED&NOT_VPN] ]
10-16 11:11:51.636   776   884 D ConnectivityService: releasing NetworkRequest NetworkRequest [ id=236, legacyType=-1, [ Capabilities: INTERNET&NOT_RESTRICTED&TRUSTED&NOT_VPN] ]
10-16 11:11:51.637   776   884 E ConnectivityService: RemoteException caught trying to send a callback msg for NetworkRequest [ id=236, legacyType=-1, [ Capabilities: INTERNET&NOT_RESTRICTED&TRUSTED&NOT_VPN] ]
10-16 11:11:51.637   776   884 D ConnectivityService: releasing NetworkRequest NetworkRequest [ id=237, legacyType=-1, [ Capabilities: INTERNET&NOT_RESTRICTED&TRUSTED&NOT_VPN] ]
10-16 11:11:51.637   776   884 E ConnectivityService: RemoteException caught trying to send a callback msg for NetworkRequest [ id=237, legacyType=-1, [ Capabilities: INTERNET&NOT_RESTRICTED&TRUSTED&NOT_VPN] ]
10-16 11:14:10.661   776  3654 D WifiService: acquireWifiLockLocked: WifiLock{NlpWifiLock type=2 binder=android.os.BinderProxy@5d86cb2}
10-16 11:14:12.101   776   944 D WifiService: releaseWifiLockLocked: WifiLock{NlpWifiLock type=2 binder=android.os.BinderProxy@5d86cb2}
10-16 11:17:37.036   776  1701 I ActivityManager: Killing 2079:com.google.android.apps.photos/u0a78 (adj 15): empty for 1801s
10-16 11:17:37.054   776  3654 D ConnectivityService: ConnectivityService NetworkRequestInfo binderDied(NetworkRequest [ id=231, legacyType=-1, [ Capabilities: INTERNET&NOT_RESTRICTED&TRUSTED] ], android.os.BinderProxy@8f55fba)
10-16 11:17:37.055   776   884 D ConnectivityService: releasing NetworkRequest NetworkRequest [ id=231, legacyType=-1, [ Capabilities: INTERNET&NOT_RESTRICTED&TRUSTED] ]
10-16 11:17:37.055   776   884 E ConnectivityService: RemoteException caught trying to send a callback msg for NetworkRequest [ id=231, legacyType=-1, [ Capabilities: INTERNET&NOT_RESTRICTED&TRUSTED] ]
10-16 11:17:37.059   776  1701 I ActivityManager: Killing 4754:com.gpshopper.carcareone/u0a1457 (adj 15): empty for 1801s
10-16 11:17:37.077   776  1701 I ActivityManager: Killing 4634:com.walmart.android/u0a1389 (adj 15): empty for 1801s
10-16 11:17:37.094   776  1511 D ConnectivityService: ConnectivityService NetworkRequestInfo binderDied(NetworkRequest [ id=233, legacyType=-1, [ Capabilities: INTERNET&NOT_RESTRICTED&TRUSTED] ], android.os.BinderProxy@7809e6b)
10-16 11:17:37.096   776   884 D ConnectivityService: releasing NetworkRequest NetworkRequest [ id=233, legacyType=-1, [ Capabilities: INTERNET&NOT_RESTRICTED&TRUSTED] ]
10-16 11:17:37.096   776   884 E ConnectivityService: RemoteException caught trying to send a callback msg for NetworkRequest [ id=233, legacyType=-1, [ Capabilities: INTERNET&NOT_RESTRICTED&TRUSTED] ]
10-16 11:17:37.107   776  1701 I ActivityManager: Killing 4614:com.google.android.setupwizard/u0a16 (adj 15): empty for 1801s
10-16 11:17:37.118   776  1701 I ActivityManager: Killing 32483:android.process.media/u0a5 (adj 15): empty for 1801s
10-16 11:17:37.140   776   792 I ProcessStatsService: Prepared write state in 3ms
10-16 11:19:20.627   776  1701 D WifiService: acquireWifiLockLocked: WifiLock{NlpWifiLock type=2 binder=android.os.BinderProxy@28fb1d1}
10-16 11:19:21.878   776   946 D WifiService: releaseWifiLockLocked: WifiLock{NlpWifiLock type=2 binder=android.os.BinderProxy@28fb1d1}
10-16 11:22:59.806   776   791 I UsageStatsService: User[0] Flushing usage stats to disk
10-16 11:23:22.915   776   790 D WifiService: acquireWifiLockLocked: WifiLock{NlpWifiLock type=2 binder=android.os.BinderProxy@f154522}
10-16 11:23:24.397   776  2286 D WifiService: releaseWifiLockLocked: WifiLock{NlpWifiLock type=2 binder=android.os.BinderProxy@f154522}
10-16 11:23:42.943   776  2287 D WifiService: acquireWifiLockLocked: WifiLock{NlpWifiLock type=2 binder=android.os.BinderProxy@620a15d}
10-16 11:23:44.411   776  2286 D WifiService: releaseWifiLockLocked: WifiLock{NlpWifiLock type=2 binder=android.os.BinderProxy@620a15d}
10-16 11:26:37.479   776   792 W ProcessCpuTracker: Skipping unknown process pid 14111
10-16 11:26:37.481   776   792 W ProcessCpuTracker: Skipping unknown process pid 14120
10-16 11:26:37.481   776   792 W ProcessCpuTracker: Skipping unknown process pid 14121
10-16 11:27:50.338   776  1701 D WifiService: acquireWifiLockLocked: WifiLock{NlpWifiLock type=2 binder=android.os.BinderProxy@4790701}
10-16 11:27:51.664   776  1953 D WifiService: releaseWifiLockLocked: WifiLock{NlpWifiLock type=2 binder=android.os.BinderProxy@4790701}
10-16 11:28:10.368   776  2286 D WifiService: acquireWifiLockLocked: WifiLock{NlpWifiLock type=2 binder=android.os.BinderProxy@4790701}
10-16 11:28:11.864   776  1952 D WifiService: releaseWifiLockLocked: WifiLock{NlpWifiLock type=2 binder=android.os.BinderProxy@4790701}
10-16 11:32:07.718   776  2286 D WifiService: acquireWifiLockLocked: WifiLock{NlpWifiLock type=2 binder=android.os.BinderProxy@4790701}
10-16 11:32:09.052   776  2285 D WifiService: releaseWifiLockLocked: WifiLock{NlpWifiLock type=2 binder=android.os.BinderProxy@4790701}
10-16 11:32:16.192   776   792 I ActivityManager: Start proc 14666:com.google.android.apps.maps/u0a57 for broadcast com.google.android.apps.maps/com.google.android.apps.gmm.navigation.service.detection.ActivityRecognitionReceiver
10-16 11:32:17.142   776  1701 I ActivityManager: Killing 9449:com.google.process.gapps/u0a100 (adj 15): empty for 2367s
10-16 11:32:48.976   776  1954 D WifiService: acquireWifiLockLocked: WifiLock{NlpWifiLock type=2 binder=android.os.BinderProxy@79ce420}
10-16 11:32:49.074   776  4028 I ActivityManager: Start proc 14797:de.codenauts.hockeyapp/u0a173 for broadcast de.codenauts.hockeyapp/net.hockeyapp.client.notification.InviteNotificationManager
10-16 11:32:49.304   776  2287 I ActivityManager: Killing 9597:com.android.vending:download_service/u0a14 (adj 15): empty for 2388s
10-16 11:32:50.200   776  1511 D WifiService: releaseWifiLockLocked: WifiLock{NlpWifiLock type=2 binder=android.os.BinderProxy@79ce420}
10-16 11:36:46.343   776   790 D WifiService: acquireWifiLockLocked: WifiLock{NlpWifiLock type=2 binder=android.os.BinderProxy@ce6625e}
10-16 11:36:47.811   776   790 D WifiService: releaseWifiLockLocked: WifiLock{NlpWifiLock type=2 binder=android.os.BinderProxy@ce6625e}
10-16 11:37:06.365   776  2285 D WifiService: acquireWifiLockLocked: WifiLock{NlpWifiLock type=2 binder=android.os.BinderProxy@ce6625e}
10-16 11:37:07.695   776  2287 D WifiService: releaseWifiLockLocked: WifiLock{NlpWifiLock type=2 binder=android.os.BinderProxy@ce6625e}
10-16 11:41:18.695   776  1518 D WifiService: acquireWifiLockLocked: WifiLock{NlpWifiLock type=2 binder=android.os.BinderProxy@9629ed}
10-16 11:41:20.303   776   944 D WifiService: releaseWifiLockLocked: WifiLock{NlpWifiLock type=2 binder=android.os.BinderProxy@9629ed}
10-16 11:41:38.774   776  1511 D WifiService: acquireWifiLockLocked: WifiLock{NlpWifiLock type=2 binder=android.os.BinderProxy@9629ed}
10-16 11:41:40.090   776  1954 D WifiService: releaseWifiLockLocked: WifiLock{NlpWifiLock type=2 binder=android.os.BinderProxy@9629ed}
10-16 11:45:45.990   776  1954 D WifiService: acquireWifiLockLocked: WifiLock{NlpWifiLock type=2 binder=android.os.BinderProxy@e1227e8}
10-16 11:45:47.288   776  4028 D WifiService: releaseWifiLockLocked: WifiLock{NlpWifiLock type=2 binder=android.os.BinderProxy@e1227e8}
10-16 11:46:06.051   776   789 D WifiService: acquireWifiLockLocked: WifiLock{NlpWifiLock type=2 binder=android.os.BinderProxy@e1227e8}
10-16 11:46:07.386   776  1511 D WifiService: releaseWifiLockLocked: WifiLock{NlpWifiLock type=2 binder=android.os.BinderProxy@e1227e8}
10-16 11:47:38.937   776   792 I ProcessStatsService: Prepared write state in 2ms
10-16 11:50:18.312   776  1952 D WifiService: acquireWifiLockLocked: WifiLock{NlpWifiLock type=2 binder=android.os.BinderProxy@7738fd5}
10-16 11:50:19.660   776  1439 D WifiService: releaseWifiLockLocked: WifiLock{NlpWifiLock type=2 binder=android.os.BinderProxy@7738fd5}
10-16 11:50:38.403   776   776 I ActivityManager: Idle maintenance over +1d8h48m44s500ms low RAM for +10m2s924ms
10-16 11:50:38.403   776   875 I MountService: Running fstrim idle maintenance
10-16 11:50:38.403   776   875 D VoldConnector: SND -> {9 fstrim dotrim}
10-16 11:50:38.408   776   876 D VoldConnector: RCV <- {200 9 Command succeeded}
10-16 11:50:38.409   776   875 I MountServiceIdler: Got mount service completion callback
10-16 11:50:38.414   148 16055 D vold    : Starting trim of /data
10-16 11:50:38.420   776   944 D WifiService: acquireWifiLockLocked: WifiLock{NlpWifiLock type=2 binder=android.os.BinderProxy@7738fd5}
10-16 11:50:39.588   776  1518 D WifiService: releaseWifiLockLocked: WifiLock{NlpWifiLock type=2 binder=android.os.BinderProxy@7738fd5}
10-16 11:50:50.838   148 16055 I vold    : Trimmed 5251112960 bytes on /data in 12422ms
10-16 11:50:50.838   148 16055 D vold    : Starting trim of /cache
10-16 11:50:50.838   776   876 D VoldConnector: RCV <- {662 /data 5251112960 12422785100}
10-16 11:50:50.901   148 16055 I vold    : Trimmed 99655680 bytes on /cache in 62ms
10-16 11:50:50.901   776   876 D VoldConnector: RCV <- {662 /cache 99655680 62815469}
10-16 11:55:38.536   776  3654 D WifiService: acquireWifiLockLocked: WifiLock{NlpWifiLock type=2 binder=android.os.BinderProxy@d12e2b2}
10-16 11:55:39.912   776  1953 D WifiService: releaseWifiLockLocked: WifiLock{NlpWifiLock type=2 binder=android.os.BinderProxy@d12e2b2}
10-16 11:59:55.808   776  2286 D WifiService: acquireWifiLockLocked: WifiLock{NlpWifiLock type=2 binder=android.os.BinderProxy@ab3cd5e}
10-16 11:59:57.193   776   789 D WifiService: releaseWifiLockLocked: WifiLock{NlpWifiLock type=2 binder=android.os.BinderProxy@ab3cd5e}
10-16 12:00:13.792   776   776 I ActivityManager: Start proc 16933:com.qualcomm.timeservice/u0a68 for broadcast com.qualcomm.timeservice/.TimeServiceBroadcastReceiver
10-16 12:00:13.862   776  1439 I ActivityManager: Killing 9357:android.process.acore/u0a3 (adj 15): empty for 3434s
10-16 12:00:13.891   776  1952 I ActivityManager: Start proc 16946:com.google.android.calendar/u0a28 for broadcast com.google.android.calendar/com.android.calendar.widget.CalendarAppWidgetProvider
10-16 12:00:14.397   776   946 I ActivityManager: Start proc 16971:com.android.providers.calendar/u0a1 for content provider com.android.providers.calendar/.CalendarProvider2
10-16 12:00:14.701   776   944 I ActivityManager: Start proc 17008:com.ubertesters.identity/u0a93 for broadcast com.ubertesters.identity/.receivers.DateTimeChangeReceiver
10-16 12:00:14.701   776   944 I ActivityManager: Killing 9402:com.android.vending/u0a14 (adj 15): empty for 3435s
10-16 12:00:14.727   776  1701 D ConnectivityService: ConnectivityService NetworkRequestInfo binderDied(NetworkRequest [ id=239, legacyType=-1, [ Capabilities: INTERNET&NOT_RESTRICTED&TRUSTED] ], android.os.BinderProxy@63f3e0f)
10-16 12:00:14.727   776   884 D ConnectivityService: releasing NetworkRequest NetworkRequest [ id=239, legacyType=-1, [ Capabilities: INTERNET&NOT_RESTRICTED&TRUSTED] ]
10-16 12:00:14.728   776   884 E ConnectivityService: RemoteException caught trying to send a callback msg for NetworkRequest [ id=239, legacyType=-1, [ Capabilities: INTERNET&NOT_RESTRICTED&TRUSTED] ]
10-16 12:00:18.601   776  1953 D WifiService: acquireWifiLockLocked: WifiLock{NlpWifiLock type=2 binder=android.os.BinderProxy@ab3cd5e}
10-16 12:00:20.018   776   946 D WifiService: releaseWifiLockLocked: WifiLock{NlpWifiLock type=2 binder=android.os.BinderProxy@ab3cd5e}
10-16 12:02:24.797   776   944 I ActivityManager: Killing 14666:com.google.android.apps.maps/u0a57 (adj 15): empty for 1808s
10-16 12:02:54.829   776   789 I ActivityManager: Killing 14797:de.codenauts.hockeyapp/u0a173 (adj 15): empty for 1805s
10-16 12:04:15.931   776   944 D WifiService: acquireWifiLockLocked: WifiLock{NlpWifiLock type=2 binder=android.os.BinderProxy@ab3cd5e}
10-16 12:04:17.280   776   789 D WifiService: releaseWifiLockLocked: WifiLock{NlpWifiLock type=2 binder=android.os.BinderProxy@ab3cd5e}
10-16 12:04:35.996   776   789 D WifiService: acquireWifiLockLocked: WifiLock{NlpWifiLock type=2 binder=android.os.BinderProxy@ab3cd5e}
10-16 12:04:37.471   776  2286 D WifiService: releaseWifiLockLocked: WifiLock{NlpWifiLock type=2 binder=android.os.BinderProxy@ab3cd5e}
10-16 12:08:38.379   776  1953 D WifiService: acquireWifiLockLocked: WifiLock{NlpWifiLock type=2 binder=android.os.BinderProxy@ab3cd5e}
10-16 12:08:39.800   776  2285 D WifiService: releaseWifiLockLocked: WifiLock{NlpWifiLock type=2 binder=android.os.BinderProxy@ab3cd5e}
10-16 12:09:32.521   776   789 D WifiService: acquireWifiLockLocked: WifiLock{NlpWifiLock type=2 binder=android.os.BinderProxy@ab3cd5e}
10-16 12:09:34.006   776   946 D WifiService: releaseWifiLockLocked: WifiLock{NlpWifiLock type=2 binder=android.os.BinderProxy@ab3cd5e}
10-16 12:13:19.772   776  1439 D WifiService: acquireWifiLockLocked: WifiLock{NlpWifiLock type=2 binder=android.os.BinderProxy@ab3cd5e}
10-16 12:13:21.181   776   944 D WifiService: releaseWifiLockLocked: WifiLock{NlpWifiLock type=2 binder=android.os.BinderProxy@ab3cd5e}
10-16 12:13:42.694   776  1953 D WifiService: acquireWifiLockLocked: WifiLock{NlpWifiLock type=2 binder=android.os.BinderProxy@ab3cd5e}
10-16 12:13:44.101   776  1953 D WifiService: releaseWifiLockLocked: WifiLock{NlpWifiLock type=2 binder=android.os.BinderProxy@ab3cd5e}
10-16 12:17:39.910   776   946 D WifiService: acquireWifiLockLocked: WifiLock{NlpWifiLock type=2 binder=android.os.BinderProxy@ab3cd5e}
10-16 12:17:40.760   776   792 I ProcessStatsService: Prepared write state in 2ms
10-16 12:17:41.448   776  1701 D WifiService: releaseWifiLockLocked: WifiLock{NlpWifiLock type=2 binder=android.os.BinderProxy@ab3cd5e}
10-16 12:17:59.922   776  2286 D WifiService: acquireWifiLockLocked: WifiLock{NlpWifiLock type=2 binder=android.os.BinderProxy@ab3cd5e}
10-16 12:18:01.292   776  1439 D WifiService: releaseWifiLockLocked: WifiLock{NlpWifiLock type=2 binder=android.os.BinderProxy@ab3cd5e}
10-16 12:20:16.876   776   791 I UsageStatsService: User[0] Flushing usage stats to disk
10-16 12:21:47.154   776  1439 D WifiService: acquireWifiLockLocked: WifiLock{NlpWifiLock type=2 binder=android.os.BinderProxy@ab3cd5e}
10-16 12:21:48.689   776   946 D WifiService: releaseWifiLockLocked: WifiLock{NlpWifiLock type=2 binder=android.os.BinderProxy@ab3cd5e}
10-16 12:22:30.666   776  1511 D WifiService: acquireWifiLockLocked: WifiLock{NlpWifiLock type=2 binder=android.os.BinderProxy@ab3cd5e}
10-16 12:22:31.978   776  1953 D WifiService: releaseWifiLockLocked: WifiLock{NlpWifiLock type=2 binder=android.os.BinderProxy@ab3cd5e}
10-16 12:26:27.884   776  1953 D WifiService: acquireWifiLockLocked: WifiLock{NlpWifiLock type=2 binder=android.os.BinderProxy@ab3cd5e}
10-16 12:26:29.298   776  1953 D WifiService: releaseWifiLockLocked: WifiLock{NlpWifiLock type=2 binder=android.os.BinderProxy@ab3cd5e}
10-16 12:26:47.899   776  1439 D WifiService: acquireWifiLockLocked: WifiLock{NlpWifiLock type=2 binder=android.os.BinderProxy@ab3cd5e}
10-16 12:26:49.204   776  1953 D WifiService: releaseWifiLockLocked: WifiLock{NlpWifiLock type=2 binder=android.os.BinderProxy@ab3cd5e}
10-16 12:30:35.150   776  1952 D WifiService: acquireWifiLockLocked: WifiLock{NlpWifiLock type=2 binder=android.os.BinderProxy@ab3cd5e}
10-16 12:30:36.670   776  2285 D WifiService: releaseWifiLockLocked: WifiLock{NlpWifiLock type=2 binder=android.os.BinderProxy@ab3cd5e}
10-16 12:30:55.168   776  2286 D WifiService: acquireWifiLockLocked: WifiLock{NlpWifiLock type=2 binder=android.os.BinderProxy@ab3cd5e}
10-16 12:30:56.589   776  1954 D WifiService: releaseWifiLockLocked: WifiLock{NlpWifiLock type=2 binder=android.os.BinderProxy@ab3cd5e}
10-16 12:34:52.436   776  1518 D WifiService: acquireWifiLockLocked: WifiLock{NlpWifiLock type=2 binder=android.os.BinderProxy@ab3cd5e}
10-16 12:34:53.760   776  3654 D WifiService: releaseWifiLockLocked: WifiLock{NlpWifiLock type=2 binder=android.os.BinderProxy@ab3cd5e}
10-16 12:35:12.510   776   790 D WifiService: acquireWifiLockLocked: WifiLock{NlpWifiLock type=2 binder=android.os.BinderProxy@ab3cd5e}
10-16 12:35:13.909   776   789 D WifiService: releaseWifiLockLocked: WifiLock{NlpWifiLock type=2 binder=android.os.BinderProxy@ab3cd5e}
10-16 12:35:30.074   776  1952 I ActivityManager: Start proc 20127:com.google.android.gms.unstable/u0a7 for service com.google.android.gms/.droidguard.DroidGuardService
10-16 12:35:31.729   776  1954 I ActivityManager: Start proc 20183:com.google.android.setupwizard/u0a16 for broadcast com.google.android.setupwizard/.util.GservicesChangedReceiver
10-16 12:35:31.845   776  3654 I ActivityManager: Killing 16933:com.qualcomm.timeservice/u0a68 (adj 15): empty for 2118s
10-16 12:35:31.876   776   946 W BroadcastQueue: Permission Denial: broadcasting Intent { act=com.google.android.checkin.CHECKIN_COMPLETE flg=0x10 (has extras) } from com.google.android.gms (pid=9682, uid=10007) is not exported from uid 10014 due to receiver com.android.vending/com.google.android.finsky.checkin.CheckinReceiver
10-16 12:35:36.581   776  4028 I ActivityManager: Killing 17008:com.ubertesters.identity/u0a93 (adj 15): empty for 2121s
10-16 12:39:09.797   776  1952 D WifiService: acquireWifiLockLocked: WifiLock{NlpWifiLock type=2 binder=android.os.BinderProxy@a70a2e6}
10-16 12:39:11.266   776  3654 D WifiService: releaseWifiLockLocked: WifiLock{NlpWifiLock type=2 binder=android.os.BinderProxy@a70a2e6}
10-16 12:39:32.510   776  1952 D WifiService: acquireWifiLockLocked: WifiLock{NlpWifiLock type=2 binder=android.os.BinderProxy@a70a2e6}
10-16 12:39:33.692   776   789 D WifiService: releaseWifiLockLocked: WifiLock{NlpWifiLock type=2 binder=android.os.BinderProxy@a70a2e6}
10-16 12:43:19.841   776  4028 D WifiService: acquireWifiLockLocked: WifiLock{NlpWifiLock type=2 binder=android.os.BinderProxy@929de1e}
10-16 12:43:21.277   776  1953 D WifiService: releaseWifiLockLocked: WifiLock{NlpWifiLock type=2 binder=android.os.BinderProxy@929de1e}
10-16 12:43:47.709   776  2286 D WifiService: acquireWifiLockLocked: WifiLock{NlpWifiLock type=2 binder=android.os.BinderProxy@929de1e}
10-16 12:43:49.250   776  1701 D WifiService: releaseWifiLockLocked: WifiLock{NlpWifiLock type=2 binder=android.os.BinderProxy@929de1e}
10-16 12:47:34.948   776  2285 D WifiService: acquireWifiLockLocked: WifiLock{NlpWifiLock type=2 binder=android.os.BinderProxy@1d41aa9}
10-16 12:47:36.259   776   790 D WifiService: releaseWifiLockLocked: WifiLock{NlpWifiLock type=2 binder=android.os.BinderProxy@1d41aa9}
10-16 12:47:57.667   776   792 I ProcessStatsService: Prepared write state in 2ms
10-16 12:47:57.902   776  1953 D WifiService: acquireWifiLockLocked: WifiLock{NlpWifiLock type=2 binder=android.os.BinderProxy@279d8de}
10-16 12:47:59.209   776  1439 D WifiService: releaseWifiLockLocked: WifiLock{NlpWifiLock type=2 binder=android.os.BinderProxy@279d8de}
10-16 12:51:45.164   776  1701 D WifiService: acquireWifiLockLocked: WifiLock{NlpWifiLock type=2 binder=android.os.BinderProxy@ab8b7a7}
10-16 12:51:46.475   776   946 D WifiService: releaseWifiLockLocked: WifiLock{NlpWifiLock type=2 binder=android.os.BinderProxy@ab8b7a7}
10-16 12:52:20.648   776  2285 D WifiService: acquireWifiLockLocked: WifiLock{NlpWifiLock type=2 binder=android.os.BinderProxy@ab8b7a7}
10-16 12:52:22.213   776  1953 D WifiService: releaseWifiLockLocked: WifiLock{NlpWifiLock type=2 binder=android.os.BinderProxy@ab8b7a7}
10-16 12:56:17.886   776  1701 D WifiService: acquireWifiLockLocked: WifiLock{NlpWifiLock type=2 binder=android.os.BinderProxy@ab8b7a7}
10-16 12:56:19.414   776   944 D WifiService: releaseWifiLockLocked: WifiLock{NlpWifiLock type=2 binder=android.os.BinderProxy@ab8b7a7}
10-16 12:56:37.944   776  1518 D WifiService: acquireWifiLockLocked: WifiLock{NlpWifiLock type=2 binder=android.os.BinderProxy@ab8b7a7}
10-16 12:56:39.354   776  1953 D WifiService: releaseWifiLockLocked: WifiLock{NlpWifiLock type=2 binder=android.os.BinderProxy@ab8b7a7}
10-16 13:00:40.238   776  4028 D WifiService: acquireWifiLockLocked: WifiLock{NlpWifiLock type=2 binder=android.os.BinderProxy@ab8b7a7}
10-16 13:00:41.592   776  2285 D WifiService: releaseWifiLockLocked: WifiLock{NlpWifiLock type=2 binder=android.os.BinderProxy@ab8b7a7}
10-16 13:01:00.327   776  1518 D WifiService: acquireWifiLockLocked: WifiLock{NlpWifiLock type=2 binder=android.os.BinderProxy@ab8b7a7}
10-16 13:01:01.704   776  2287 D WifiService: releaseWifiLockLocked: WifiLock{NlpWifiLock type=2 binder=android.os.BinderProxy@ab8b7a7}
10-16 13:06:29.659   776  1518 D WifiService: acquireWifiLockLocked: WifiLock{NlpWifiLock type=2 binder=android.os.BinderProxy@ab8b7a7}
10-16 13:06:30.916   776  1953 D WifiService: releaseWifiLockLocked: WifiLock{NlpWifiLock type=2 binder=android.os.BinderProxy@ab8b7a7}
10-16 13:06:47.002   776   776 I EntropyMixer: Added HW RNG output to entropy pool
10-16 13:06:47.003   776   776 I EntropyMixer: Writing entropy...
10-16 13:10:44.963   776  1954 D WifiService: acquireWifiLockLocked: WifiLock{NlpWifiLock type=2 binder=android.os.BinderProxy@ab8b7a7}
10-16 13:10:46.156   776  2287 D WifiService: releaseWifiLockLocked: WifiLock{NlpWifiLock type=2 binder=android.os.BinderProxy@ab8b7a7}
10-16 13:11:05.032   776  3654 D WifiService: acquireWifiLockLocked: WifiLock{NlpWifiLock type=2 binder=android.os.BinderProxy@ab8b7a7}
10-16 13:11:06.390   776   790 D WifiService: releaseWifiLockLocked: WifiLock{NlpWifiLock type=2 binder=android.os.BinderProxy@ab8b7a7}
10-16 13:15:22.319   776  1953 D WifiService: acquireWifiLockLocked: WifiLock{NlpWifiLock type=2 binder=android.os.BinderProxy@ab8b7a7}
10-16 13:15:23.851   776  4028 D WifiService: releaseWifiLockLocked: WifiLock{NlpWifiLock type=2 binder=android.os.BinderProxy@ab8b7a7}
10-16 13:15:45.188   776  4028 D WifiService: acquireWifiLockLocked: WifiLock{NlpWifiLock type=2 binder=android.os.BinderProxy@ab8b7a7}
10-16 13:15:45.337   776   789 I ActivityManager: Start proc 24961:com.google.android.apps.maps/u0a57 for broadcast com.google.android.apps.maps/com.google.android.apps.gmm.navigation.service.detection.ActivityRecognitionReceiver
10-16 13:15:45.757   776  1518 I ActivityManager: Killing 16946:com.google.android.calendar/u0a28 (adj 15): empty for 4530s
10-16 13:15:46.593   776  1518 D WifiService: releaseWifiLockLocked: WifiLock{NlpWifiLock type=2 binder=android.os.BinderProxy@ab8b7a7}
10-16 13:17:59.678   776   792 I ProcessStatsService: Prepared write state in 17ms
10-16 13:17:59.716   776   791 I ProcessStatsService: Pruning old procstats: /data/system/procstats/state-2019-10-15-10-08-10.bin
10-16 13:20:02.490   776  1701 D WifiService: acquireWifiLockLocked: WifiLock{NlpWifiLock type=2 binder=android.os.BinderProxy@ab8b7a7}
10-16 13:20:03.932   776  1701 D WifiService: releaseWifiLockLocked: WifiLock{NlpWifiLock type=2 binder=android.os.BinderProxy@ab8b7a7}
10-16 13:20:22.504   776  2285 D WifiService: acquireWifiLockLocked: WifiLock{NlpWifiLock type=2 binder=android.os.BinderProxy@ab8b7a7}
10-16 13:20:23.917   776  1701 D WifiService: releaseWifiLockLocked: WifiLock{NlpWifiLock type=2 binder=android.os.BinderProxy@ab8b7a7}
10-16 13:25:22.660   776  1439 D WifiService: acquireWifiLockLocked: WifiLock{NlpWifiLock type=2 binder=android.os.BinderProxy@ab8b7a7}
10-16 13:25:24.046   776   789 D WifiService: releaseWifiLockLocked: WifiLock{NlpWifiLock type=2 binder=android.os.BinderProxy@ab8b7a7}
10-16 13:29:24.873   776  1952 D WifiService: acquireWifiLockLocked: WifiLock{NlpWifiLock type=2 binder=android.os.BinderProxy@ab8b7a7}
10-16 13:29:26.158   776  3654 D WifiService: releaseWifiLockLocked: WifiLock{NlpWifiLock type=2 binder=android.os.BinderProxy@ab8b7a7}
10-16 13:29:51.625   776  1953 D WifiService: acquireWifiLockLocked: WifiLock{NlpWifiLock type=2 binder=android.os.BinderProxy@ab8b7a7}
10-16 13:29:53.037   776  1953 D WifiService: releaseWifiLockLocked: WifiLock{NlpWifiLock type=2 binder=android.os.BinderProxy@ab8b7a7}
10-16 13:33:48.832   776   789 D WifiService: acquireWifiLockLocked: WifiLock{NlpWifiLock type=2 binder=android.os.BinderProxy@e4119a1}
10-16 13:33:50.279   776  1701 D WifiService: releaseWifiLockLocked: WifiLock{NlpWifiLock type=2 binder=android.os.BinderProxy@e4119a1}
10-16 13:34:08.927   776  2285 D WifiService: acquireWifiLockLocked: WifiLock{NlpWifiLock type=2 binder=android.os.BinderProxy@e4119a1}
10-16 13:34:10.311   776  2285 D WifiService: releaseWifiLockLocked: WifiLock{NlpWifiLock type=2 binder=android.os.BinderProxy@e4119a1}
10-16 13:38:11.133   776  2286 D WifiService: acquireWifiLockLocked: WifiLock{NlpWifiLock type=2 binder=android.os.BinderProxy@9eb997b}
10-16 13:38:12.710   776  4028 D WifiService: releaseWifiLockLocked: WifiLock{NlpWifiLock type=2 binder=android.os.BinderProxy@9eb997b}
10-16 13:38:50.559   776   790 D WifiService: acquireWifiLockLocked: WifiLock{NlpWifiLock type=2 binder=android.os.BinderProxy@f9cf61}
10-16 13:38:51.915   776   790 D WifiService: releaseWifiLockLocked: WifiLock{NlpWifiLock type=2 binder=android.os.BinderProxy@f9cf61}
10-16 13:44:00.651   776  2285 D WifiService: acquireWifiLockLocked: WifiLock{NlpWifiLock type=2 binder=android.os.BinderProxy@350e3ca}
10-16 13:44:02.073   776  2286 D WifiService: releaseWifiLockLocked: WifiLock{NlpWifiLock type=2 binder=android.os.BinderProxy@350e3ca}
10-16 13:48:01.645   776   792 I ProcessStatsService: Prepared write state in 1ms
10-16 13:48:07.887   776  1953 D WifiService: acquireWifiLockLocked: WifiLock{NlpWifiLock type=2 binder=android.os.BinderProxy@60b92b8}
10-16 13:48:09.434   776  3654 D WifiService: releaseWifiLockLocked: WifiLock{NlpWifiLock type=2 binder=android.os.BinderProxy@60b92b8}
10-16 13:48:27.953   776  1953 D WifiService: acquireWifiLockLocked: WifiLock{NlpWifiLock type=2 binder=android.os.BinderProxy@60b92b8}
10-16 13:48:29.317   776   789 D WifiService: releaseWifiLockLocked: WifiLock{NlpWifiLock type=2 binder=android.os.BinderProxy@60b92b8}
10-16 13:52:15.204   776   789 D WifiService: acquireWifiLockLocked: WifiLock{NlpWifiLock type=2 binder=android.os.BinderProxy@2c48a3a}
10-16 13:52:16.658   776  1952 D WifiService: releaseWifiLockLocked: WifiLock{NlpWifiLock type=2 binder=android.os.BinderProxy@2c48a3a}
10-16 13:52:35.219   776  1518 D WifiService: acquireWifiLockLocked: WifiLock{NlpWifiLock type=2 binder=android.os.BinderProxy@2c48a3a}
10-16 13:52:36.594   776  1439 D WifiService: releaseWifiLockLocked: WifiLock{NlpWifiLock type=2 binder=android.os.BinderProxy@2c48a3a}
10-16 13:56:42.507   776   946 D WifiService: acquireWifiLockLocked: WifiLock{NlpWifiLock type=2 binder=android.os.BinderProxy@ee4a3f9}
10-16 13:56:43.963   776   946 D WifiService: releaseWifiLockLocked: WifiLock{NlpWifiLock type=2 binder=android.os.BinderProxy@ee4a3f9}
10-16 13:57:02.584   776  2286 D WifiService: acquireWifiLockLocked: WifiLock{NlpWifiLock type=2 binder=android.os.BinderProxy@ee4a3f9}
10-16 13:57:03.873   776  2286 D WifiService: releaseWifiLockLocked: WifiLock{NlpWifiLock type=2 binder=android.os.BinderProxy@ee4a3f9}
10-16 14:01:19.873   776   790 D WifiService: acquireWifiLockLocked: WifiLock{NlpWifiLock type=2 binder=android.os.BinderProxy@e798c26}
10-16 14:01:21.233   776  2287 D WifiService: releaseWifiLockLocked: WifiLock{NlpWifiLock type=2 binder=android.os.BinderProxy@e798c26}
10-16 14:01:39.963   776  3654 D WifiService: acquireWifiLockLocked: WifiLock{NlpWifiLock type=2 binder=android.os.BinderProxy@e798c26}
10-16 14:01:41.388   776   790 D WifiService: releaseWifiLockLocked: WifiLock{NlpWifiLock type=2 binder=android.os.BinderProxy@e798c26}
10-16 14:06:40.165   776  2286 D WifiService: acquireWifiLockLocked: WifiLock{NlpWifiLock type=2 binder=android.os.BinderProxy@e798c26}
10-16 14:06:41.497   776  1952 D WifiService: releaseWifiLockLocked: WifiLock{NlpWifiLock type=2 binder=android.os.BinderProxy@e798c26}
--------- beginning of main
10-16 14:10:40.809  4802  4851 I com.newrelic.android: Harvester: connected
10-16 14:10:40.809  4802  4851 I com.newrelic.android: Harvester: Sending 0 HTTP transactions.
10-16 14:10:40.809  4802  4851 I com.newrelic.android: Harvester: Sending 0 HTTP errors.
10-16 14:10:40.809  4802  4851 I com.newrelic.android: Harvester: Sending 0 activity traces.
10-16 14:10:40.809  4802  4851 I com.newrelic.android: Harvester: Sending 2 analytics events.
10-16 14:10:40.819  4802  4851 E com.newrelic.android: Failed to send POST to collector: Unable to resolve host "mobile-collector.newrelic.com": No address associated with hostname
10-16 14:10:40.819  4802  4851 E com.newrelic.android: HarvestConnection: Attempting to convert network exception java.net.UnknownHostException to error code.
10-16 14:10:42.387   776  1954 D WifiService: acquireWifiLockLocked: WifiLock{NlpWifiLock type=2 binder=android.os.BinderProxy@e798c26}
10-16 14:10:42.391   776   894 D wifi    : Initialized common fields 10000, 16, 100, 10
10-16 14:10:42.391   776   894 D wifi    : bucket[0] = 2:3:10000:2
10-16 14:10:42.437 20708 21027 D LocationChangedService: onHandleIntent(): incoming intent Intent { act=com.gpshopper.sdk.action.LOCATION_READY cmp=com.footaction.footaction/com.gpshopper.sdk.geofences.LocationChangedService (has extras) }
10-16 14:10:42.437 20708 21027 D LocationChangedService: Skipping location check, since GeofenceManager has not run at least once.
10-16 14:10:42.447 32165 29738 D LocationChangedService: onHandleIntent(): incoming intent Intent { act=com.gpshopper.sdk.action.LOCATION_READY cmp=com.gpshopper.cpa/com.gpshopper.sdk.geofences.LocationChangedService (has extras) }
10-16 14:10:42.449 32165 29738 D LocationChangedService: Best last known location: Location[fused 40.722440,-74.064866 acc=17 et=?!? alt=-4.800000190734863]
10-16 14:10:42.451 32165 29738 D LocationChangedService: New Location (Location[fused 40.722492,-74.064950 acc=16 et=+1d22h4m51s935ms alt=-4.800000190734863 {Bundle[mParcelledData.dataSize=52]}]) is better than last known location (Location[fused 40.722440,-74.064866 acc=17 et=?!? alt=-4.800000190734863])
10-16 14:10:42.451 32165 29738 D LocationChangedService: Location changed, attempting to fetch new Geofences.
10-16 14:10:42.451 32165 29738 D GeofencePrefsAdapter: current latitude: 40.7224919  longitude: -74.0649501
10-16 14:10:42.453 32165 29738 D DefaultGeofencesController: We did not move far enough to fetch Geofence data.
10-16 14:10:42.453 32165 29738 D GeofenceManager: No need to refresh Geofence data at this time
10-16 14:10:42.455  5311 17126 D LocationChangedService: onHandleIntent(): incoming intent Intent { act=com.gpshopper.sdk.action.LOCATION_READY cmp=com.champssports.champssports/com.gpshopper.sdk.geofences.LocationChangedService (has extras) }
10-16 14:10:42.456  5311 17126 D LocationChangedService: Skipping location check, since GeofenceManager has not run at least once.
10-16 14:10:42.459  5381  5381 I chatty  : uid=10007 com.google.android.gms.persistent expire 12 lines
10-16 14:10:42.469  4983  8546 D LocationChangedService: onHandleIntent(): incoming intent Intent { act=com.gpshopper.sdk.action.LOCATION_READY cmp=com.footlocker.approved/com.gpshopper.sdk.geofences.LocationChangedService (has extras) }
10-16 14:10:42.470  4983  8546 D LocationChangedService: Skipping location check, since GeofenceManager has not run at least once.
10-16 14:10:42.475  4802 29747 D LocationChangedService: onHandleIntent(): incoming intent Intent { act=com.gpshopper.sdk.action.LOCATION_READY cmp=com.gpshopper.shoecarnival/com.gpshopper.sdk.geofences.LocationChangedService (has extras) }
10-16 14:10:42.478  4802 29747 D LocationChangedService: Best last known location: Location[fused 40.722440,-74.064866 acc=17 et=?!? alt=-4.800000190734863]
10-16 14:10:42.479  4802 29747 D LocationChangedService: New Location (Location[fused 40.722492,-74.064950 acc=16 et=+1d22h4m51s935ms alt=-4.800000190734863 {Bundle[mParcelledData.dataSize=52]}]) is better than last known location (Location[fused 40.722440,-74.064866 acc=17 et=?!? alt=-4.800000190734863])
10-16 14:10:42.479  4802 29747 D LocationChangedService: Location changed, attempting to fetch new Geofences.
10-16 14:10:42.480  4802 29747 D GeofencePrefsAdapter: current latitude: 40.7224919  longitude: -74.0649501
10-16 14:10:42.487  4802 29747 D DefaultGeofencesController: We did not move far enough to fetch Geofence data.
10-16 14:10:42.487  4802 29747 D GeofenceManager: No need to refresh Geofence data at this time
10-16 14:10:42.512  5381 28677 I chatty  : uid=10007 com.google.android.gms.persistent expire 3 lines
10-16 14:10:42.529  2466  2480 D BtGatt.GattService: registerClient() - UUID=f5f63ad3-a559-496c-8516-f4a2fae78a86
10-16 14:10:42.530  2466  2543 D BtGatt.GattService: onClientRegistered() - UUID=f5f63ad3-a559-496c-8516-f4a2fae78a86, clientIf=12
10-16 14:10:42.530  5381 19585 I chatty  : uid=10007(com.google.android.gms) Binder_C expire 1 line
10-16 14:10:42.530  2466  6441 D BtGatt.GattService: start scan with filters
10-16 14:10:42.531  2466  2551 D BtGatt.ScanManager: handling starting scan
10-16 14:10:42.534  2466  2551 D BtGatt.ScanManager: configureRegularScanParams() - queue=6
10-16 14:10:42.534  2466  2551 D BtGatt.ScanManager: configureRegularScanParams() - ScanSetting Scan mode=2 mLastConfiguredScanSetting=2
10-16 14:10:43.772   776  1952 D WifiService: releaseWifiLockLocked: WifiLock{NlpWifiLock type=2 binder=android.os.BinderProxy@e798c26}
10-16 14:10:44.546  2466  4278 D BtGatt.GattService: stopScan() - queue size =6
10-16 14:10:44.547  2466  2551 D BtGatt.ScanManager: configureRegularScanParams() - queue=5
10-16 14:10:44.547  2466  2551 D BtGatt.ScanManager: configureRegularScanParams() - ScanSetting Scan mode=2 mLastConfiguredScanSetting=2
10-16 14:10:44.547  2466  2617 D BtGatt.GattService: unregisterClient() - clientIf=12
10-16 14:11:02.394   776   944 D WifiService: acquireWifiLockLocked: WifiLock{NlpWifiLock type=2 binder=android.os.BinderProxy@e798c26}
10-16 14:11:02.395   776   894 D wifi    : Initialized common fields 10000, 16, 100, 10
10-16 14:11:02.395   776   894 D wifi    : bucket[0] = 2:3:10000:2
10-16 14:11:03.681  5381  5381 I chatty  : uid=10007 com.google.android.gms.persistent expire 3 lines
10-16 14:11:03.724   776  1518 D WifiService: releaseWifiLockLocked: WifiLock{NlpWifiLock type=2 binder=android.os.BinderProxy@e798c26}
10-16 14:11:40.860  4802  4851 I com.newrelic.android: Harvester: connected
10-16 14:11:40.860  4802  4851 I com.newrelic.android: Harvester: Sending 0 HTTP transactions.
10-16 14:11:40.860  4802  4851 I com.newrelic.android: Harvester: Sending 0 HTTP errors.
10-16 14:11:40.860  4802  4851 I com.newrelic.android: Harvester: Sending 0 activity traces.
10-16 14:11:40.860  4802  4851 I com.newrelic.android: Harvester: Sending 2 analytics events.
10-16 14:11:40.865  4802  4851 E com.newrelic.android: Failed to send POST to collector: Unable to resolve host "mobile-collector.newrelic.com": No address associated with hostname
10-16 14:11:40.865  4802  4851 E com.newrelic.android: HarvestConnection: Attempting to convert network exception java.net.UnknownHostException to error code.
10-16 14:12:02.668 20708 20708 D FusedLocationService: Play Services location request timed out.
10-16 14:12:02.668 20708 20708 D FusedLocationService: Shutting down FusedLocationService due to Play services timeout .
10-16 14:12:02.671 20708 20708 D GeofenceScheduler: Setting new restart location service alarm. Start time:  2019-10-16 14:58:12, PendingIntent to launch: PendingIntent{b228005: android.os.BinderProxy@990385a}
10-16 14:12:40.863  4802  4851 I com.newrelic.android: Harvester: connected
10-16 14:12:40.863  4802  4851 I com.newrelic.android: Harvester: Sending 0 HTTP transactions.
10-16 14:12:40.863  4802  4851 I com.newrelic.android: Harvester: Sending 0 HTTP errors.
10-16 14:12:40.863  4802  4851 I com.newrelic.android: Harvester: Sending 0 activity traces.
10-16 14:12:40.863  4802  4851 I com.newrelic.android: Harvester: Sending 2 analytics events.
10-16 14:12:40.877  4802  4851 E com.newrelic.android: Failed to send POST to collector: Unable to resolve host "mobile-collector.newrelic.com": No address associated with hostname
10-16 14:12:40.877  4802  4851 E com.newrelic.android: HarvestConnection: Attempting to convert network exception java.net.UnknownHostException to error code.
10-16 14:12:51.154 20708 22085 D LocationChangedService: onHandleIntent(): incoming intent Intent { act=com.gpshopper.sdk.action.LOCATION_READY cmp=com.footaction.footaction/com.gpshopper.sdk.geofences.LocationChangedService (has extras) }
10-16 14:12:51.154 20708 22085 D LocationChangedService: Skipping location check, since GeofenceManager has not run at least once.
10-16 14:12:51.178 32165 29872 D LocationChangedService: onHandleIntent(): incoming intent Intent { act=com.gpshopper.sdk.action.LOCATION_READY cmp=com.gpshopper.cpa/com.gpshopper.sdk.geofences.LocationChangedService (has extras) }
10-16 14:12:51.181  5311  8545 D LocationChangedService: onHandleIntent(): incoming intent Intent { act=com.gpshopper.sdk.action.LOCATION_READY cmp=com.champssports.champssports/com.gpshopper.sdk.geofences.LocationChangedService (has extras) }
