10-15 16:59:23.803 17563 17563 E ActivityThread: android.app.ServiceConnectionLeaked: Activity com.footlocker.mobileapp.universalapplication.MainActivity has leaked ServiceConnection com.footlocker.mobileapp.universalapplication.utils.CustomTabsManager$setupCustomTab$1@df8b3d8 that was originally bound here
10-15 16:59:23.803 17563 17563 E ActivityThread: 	at android.app.LoadedApk$ServiceDispatcher.<init>(LoadedApk.java:1092)
10-15 16:59:23.803 17563 17563 E ActivityThread: 	at android.app.LoadedApk.getServiceDispatcher(LoadedApk.java:986)
10-15 16:59:23.803 17563 17563 E ActivityThread: 	at android.app.ContextImpl.bindServiceCommon(ContextImpl.java:1303)
10-15 16:59:23.803 17563 17563 E ActivityThread: 	at android.app.ContextImpl.bindService(ContextImpl.java:1286)
10-15 16:59:23.803 17563 17563 E ActivityThread: 	at android.content.ContextWrapper.bindService(ContextWrapper.java:604)
10-15 16:59:23.803 17563 17563 E ActivityThread: 	at androidx.browser.customtabs.CustomTabsClient.bindCustomTabsService(CustomTabsClient.java:73)
10-15 16:59:23.803 17563 17563 E ActivityThread: 	at com.footlocker.mobileapp.universalapplication.utils.CustomTabsManager.setupCustomTab(CustomTabsManager.kt:64)
10-15 16:59:23.803 17563 17563 E ActivityThread: 	at com.footlocker.mobileapp.universalapplication.screens.nativeshopping.shoplanding.ShopLandingFragment.onResume(ShopLandingFragment.kt:73)
10-15 16:59:23.803 17563 17563 E ActivityThread: 	at androidx.fragment.app.Fragment.performResume(Fragment.java:2498)
10-15 16:59:23.803 17563 17563 E ActivityThread: 	at androidx.fragment.app.FragmentManagerImpl.moveToState(FragmentManager.java:1501)
10-15 16:59:23.803 17563 17563 E ActivityThread: 	at androidx.fragment.app.FragmentManagerImpl.moveFragmentToExpectedState(FragmentManager.java:1784)
10-15 16:59:23.803 17563 17563 E ActivityThread: 	at androidx.fragment.app.FragmentManagerImpl.moveToState(FragmentManager.java:1852)
10-15 16:59:23.803 17563 17563 E ActivityThread: 	at androidx.fragment.app.FragmentManagerImpl.dispatchStateChange(FragmentManager.java:3269)
10-15 16:59:23.803 17563 17563 E ActivityThread: 	at androidx.fragment.app.FragmentManagerImpl.dispatchResume(FragmentManager.java:3241)
10-15 16:59:23.803 17563 17563 E ActivityThread: 	at androidx.fragment.app.FragmentController.dispatchResume(FragmentController.java:223)
10-15 16:59:23.803 17563 17563 E ActivityThread: 	at androidx.fragment.app.FragmentActivity.onResumeFragments(FragmentActivity.java:538)
10-15 16:59:23.803 17563 17563 E ActivityThread: 	at androidx.fragment.app.FragmentActivity.onPostResume(FragmentActivity.java:527)
10-15 16:59:23.803 17563 17563 E ActivityThread: 	at androidx.appcompat.app.AppCompatActivity.onPostResume(AppCompatActivity.java:172)
10-15 16:59:23.803 17563 17563 E ActivityThread: 	at android.app.Activity.performResume(Activity.java:6351)
10-15 16:59:23.803 17563 17563 E ActivityThread: 	at android.app.ActivityThread.performResumeActivity(ActivityThread.java:3092)
10-15 16:59:23.803 17563 17563 E ActivityThread: 	at android.app.ActivityThread.handleResumeActivity(ActivityThread.java:3134)
10-15 16:59:23.803 17563 17563 E ActivityThread: 	at android.app.ActivityThread.handleLaunchActivity(ActivityThread.java:2481)
10-15 16:59:23.803 17563 17563 E ActivityThread: 	at android.app.ActivityThread.-wrap11(ActivityThread.java)
10-15 16:59:23.803 17563 17563 E ActivityThread: 	at android.app.ActivityThread$H.handleMessage(ActivityThread.java:1344)
10-15 16:59:23.803 17563 17563 E ActivityThread: 	at android.os.Handler.dispatchMessage(Handler.java:102)
10-15 16:59:23.803 17563 17563 E ActivityThread: 	at android.os.Looper.loop(Looper.java:148)
10-15 16:59:23.803 17563 17563 E ActivityThread: 	at android.app.ActivityThread.main(ActivityThread.java:5417)
10-15 16:59:23.803 17563 17563 E ActivityThread: 	at java.lang.reflect.Method.invoke(Native Method)
10-15 16:59:23.803 17563 17563 E ActivityThread: 	at com.android.internal.os.ZygoteInit$MethodAndArgsCaller.run(ZygoteInit.java:726)
10-15 16:59:23.803 17563 17563 E ActivityThread: 	at com.android.internal.os.ZygoteInit.main(ZygoteInit.java:616)
10-15 16:59:23.985   776  1954 I chatty  : uid=1000(system) Binder_B expire 10 lines
10-15 16:59:24.028   776  1953 I chatty  : uid=1000(system) Binder_A expire 9 lines
10-15 16:59:24.066   776  1511 I chatty  : uid=1000(system) Binder_6 expire 9 lines
10-15 16:59:24.072   776   883 I chatty  : uid=1000(system) WifiService expire 5 lines
10-15 16:59:25.077   776   792 I chatty  : uid=1000(system) ActivityManager expire 16 lines
10-15 16:59:25.894   776   776 I chatty  : uid=1000 system_server expire 10 lines
10-15 16:59:29.120   776  2285 I chatty  : uid=1000(system) Binder_C expire 6 lines
10-15 16:59:31.416   776   790 I chatty  : uid=1000(system) Binder_2 expire 10 lines
10-15 16:59:31.576   776  1701 I chatty  : uid=1000(system) Binder_8 expire 4 lines
10-15 16:59:54.041   776  1439 I chatty  : uid=1000(system) Binder_5 expire 11 lines
10-15 16:59:54.301   776   805 I chatty  : uid=1000(system) PackageManager expire 17 lines
10-15 16:59:59.604 19071 19082 D DefContainer: Copying /storage/emulated/0/Download/app-champssports-continuous (10).apk to base.apk
10-15 17:00:00.108   776   797 I chatty  : uid=1000(system) android.display expire 2 lines
10-15 17:00:01.404   776   884 I chatty  : uid=1000(system) ConnectivitySer expire 11 lines
10-15 17:00:02.292 19289 19289 I chatty  : uid=1000(system) expire 1 line
10-15 17:00:02.727   776  2287 I chatty  : uid=1000(system) Binder_E expire 6 lines
10-15 17:00:03.685   776  3654 I chatty  : uid=1000(system) Binder_F expire 7 lines
10-15 17:00:05.930   776   873 I chatty  : uid=1000(system) InputDispatcher expire 1 line
10-15 17:00:26.871 19970 19970 I chatty  : uid=1000(system) expire 3 lines
10-15 17:00:27.907 20009 20009 D ActivityThread: Loading provider com.google.android.gmail.provider;com.android.mail.notifier;com.google.android.gm.email.provider;com.google.android.gm.tasks.provider;com.google.android.gm.email.notifier: com.android.email.provider.EmailProvider
10-15 17:00:27.949 20009 20009 D ActivityThread: Loading provider com.google.android.gm.sapi: com.google.android.gm.sapi.SapiUiProvider
10-15 17:00:31.033   776  1954 I chatty  : uid=1000(system) Binder_B expire 5 lines
10-15 17:00:31.546   776   884 I chatty  : uid=1000(system) ConnectivitySer expire 16 lines
10-15 17:00:32.119   776   792 I chatty  : uid=1000(system) ActivityManager expire 4 lines
10-15 17:00:32.169   776   805 I chatty  : uid=1000(system) PackageManager expire 6 lines
10-15 17:00:59.610   776   789 I chatty  : uid=1000(system) Binder_1 expire 4 lines
10-15 17:03:26.943   776   884 I chatty  : uid=1000(system) ConnectivitySer expire 61 lines
10-15 17:04:47.932   776   792 I chatty  : uid=1000(system) ActivityManager expire 9 lines
10-15 17:06:07.832   776   798 I chatty  : uid=1000(system) CpuTracker expire 5 lines
10-15 17:08:53.780   776  4028 I chatty  : uid=1000(system) Binder_10 expire 3 lines
10-15 17:08:53.877   776   879 I chatty  : uid=1000(system) NetworkStats expire 1 line
10-15 17:08:54.604   776  1439 I chatty  : uid=1000(system) Binder_5 expire 5 lines
10-15 17:08:54.634   776  2286 I chatty  : uid=1000(system) Binder_D expire 4 lines
10-15 17:08:55.629   776   946 I chatty  : uid=1000(system) Binder_4 expire 2 lines
10-15 17:09:14.221   776  2287 I chatty  : uid=1000(system) Binder_E expire 4 lines
10-15 17:11:04.936   776  1953 I chatty  : uid=1000(system) Binder_A expire 4 lines
10-15 17:11:10.658 20353 20364 D DefContainer: Copying /storage/emulated/0/Download/app-champssports-continuous (11).apk to base.apk
10-15 17:11:15.791   776   884 I chatty  : uid=1000(system) ConnectivitySer expire 87 lines
10-15 17:12:05.506   776  1511 I chatty  : uid=1000(system) Binder_6 expire 3 lines
10-15 17:12:08.547   776  3654 I chatty  : uid=1000(system) Binder_F expire 2 lines
10-15 17:12:09.907   776   873 I chatty  : uid=1000(system) InputDispatcher expire 3 lines
10-15 17:12:12.497   776   790 I chatty  : uid=1000(system) Binder_2 expire 1 line
10-15 17:19:13.329   776   791 I chatty  : uid=1000(system) android.bg expire 2 lines
10-15 17:20:11.349   776  1952 I chatty  : uid=1000(system) Binder_9 expire 2 lines
10-15 17:20:11.389   776   776 I chatty  : uid=1000 system_server expire 1 line
10-15 17:20:24.572 28139 28139 D ActivityThread: Loading provider com.google.android.gmail.provider;com.android.mail.notifier;com.google.android.gm.email.provider;com.google.android.gm.tasks.provider;com.google.android.gm.email.notifier: com.android.email.provider.EmailProvider
10-15 17:20:24.602 28139 28139 D ActivityThread: Loading provider com.google.android.gm.sapi: com.google.android.gm.sapi.SapiUiProvider
10-15 17:20:32.075   776   884 I chatty  : uid=1000(system) ConnectivitySer expire 11 lines
10-15 17:21:52.326 20353 20363 D DefContainer: Copying /storage/emulated/0/Download/app-footaction-continuous (12).apk to base.apk
10-15 17:22:15.885   776  1701 I chatty  : uid=1000(system) Binder_8 expire 1 line
10-15 17:22:17.316   776   884 I chatty  : uid=1000(system) ConnectivitySer expire 37 lines
10-15 17:22:21.070   776  2285 I chatty  : uid=1000(system) Binder_C expire 1 line
10-15 17:22:22.012   776  1954 I chatty  : uid=1000(system) Binder_B expire 2 lines
10-15 17:27:19.320   776  1518 I chatty  : uid=1000(system) Binder_7 expire 1 line
10-15 17:27:20.361   776   944 I chatty  : uid=1000(system) Binder_3 expire 15 lines
10-15 17:27:24.319   776   946 I chatty  : uid=1000(system) Binder_4 expire 10 lines
10-15 17:27:24.373   776   792 I chatty  : uid=1000(system) ActivityManager expire 9 lines
10-15 17:27:24.404   776  2286 I chatty  : uid=1000(system) Binder_D expire 8 lines
10-15 17:27:24.793   776   789 I chatty  : uid=1000(system) Binder_1 expire 9 lines
10-15 17:27:25.663   776   884 I chatty  : uid=1000(system) ConnectivitySer expire 67 lines
10-15 17:27:26.258   776  2285 I chatty  : uid=1000(system) Binder_C expire 14 lines
10-15 17:27:30.222   776  1701 I chatty  : uid=1000(system) Binder_8 expire 16 lines
10-15 17:27:32.550   776  4028 I chatty  : uid=1000(system) Binder_10 expire 6 lines
10-15 17:27:35.446   776  1518 I chatty  : uid=1000(system) Binder_7 expire 15 lines
10-15 17:27:35.583   776  1954 I chatty  : uid=1000(system) Binder_B expire 14 lines
10-15 17:27:42.274   776  2287 I chatty  : uid=1000(system) Binder_E expire 12 lines
10-15 17:28:01.454   776  1952 I chatty  : uid=1000(system) Binder_9 expire 5 lines
10-15 17:28:15.438   776  3654 I chatty  : uid=1000(system) Binder_F expire 4 lines
10-15 17:28:35.185   776  1439 I chatty  : uid=1000(system) Binder_5 expire 12 lines
10-15 17:28:38.470   776   790 I chatty  : uid=1000(system) Binder_2 expire 13 lines
10-15 17:28:38.979   776  1953 I chatty  : uid=1000(system) Binder_A expire 3 lines
10-15 17:29:00.945   776   873 I chatty  : uid=1000(system) InputDispatcher expire 1 line
10-15 17:29:05.322   776  1511 I chatty  : uid=1000(system) Binder_6 expire 4 lines
10-15 17:29:09.085   776   883 I chatty  : uid=1000(system) WifiService expire 2 lines
10-15 17:29:10.229   776   882 I chatty  : uid=1000(system) WifiStateMachin expire 1 line
10-15 17:31:26.558   776   805 I chatty  : uid=1000(system) PackageManager expire 1 line
10-15 17:31:31.015  3053  3064 D DefContainer: Copying /storage/emulated/0/Download/app-footlocker-continuous (16).apk to base.apk
10-15 17:31:41.215   776   884 I chatty  : uid=1000(system) ConnectivitySer expire 10 lines
10-15 17:31:49.947   776   790 I chatty  : uid=1000(system) Binder_2 expire 1 line
10-15 17:31:50.467   776  1701 I chatty  : uid=1000(system) Binder_8 expire 1 line
10-15 17:32:23.739   776  2285 I chatty  : uid=1000(system) Binder_C expire 1 line
10-15 17:32:28.140   776  1954 I chatty  : uid=1000(system) Binder_B expire 1 line
10-15 17:32:28.157   776  2287 I chatty  : uid=1000(system) Binder_E expire 11 lines
10-15 17:32:28.158   776  1439 I chatty  : uid=1000(system) Binder_5 expire 13 lines
10-15 17:32:28.159   776   884 I chatty  : uid=1000(system) ConnectivitySer expire 67 lines
10-15 17:32:29.040   776   789 I chatty  : uid=1000(system) Binder_1 expire 5 lines
10-15 17:32:31.648   776  1953 I chatty  : uid=1000(system) Binder_A expire 5 lines
10-15 17:32:33.928   776  3654 I chatty  : uid=1000(system) Binder_F expire 5 lines
10-15 17:32:40.628   776  1952 I chatty  : uid=1000(system) Binder_9 expire 3 lines
10-15 17:32:49.915   776   946 I chatty  : uid=1000(system) Binder_4 expire 18 lines
10-15 17:32:55.561   776   944 I chatty  : uid=1000(system) Binder_3 expire 13 lines
10-15 17:33:01.295   776  4028 I chatty  : uid=1000(system) Binder_10 expire 4 lines
10-15 17:33:06.601   776  1954 I chatty  : uid=1000(system) Binder_B expire 6 lines
10-15 17:33:13.129   776  1518 I chatty  : uid=1000(system) Binder_7 expire 14 lines
10-15 17:33:36.438   776  1511 I chatty  : uid=1000(system) Binder_6 expire 15 lines
10-15 17:34:21.693   776  2285 I chatty  : uid=1000(system) Binder_C expire 13 lines
10-15 17:34:22.728   776   792 I chatty  : uid=1000(system) ActivityManager expire 5 lines
10-15 17:34:23.019   776   790 I chatty  : uid=1000(system) Binder_2 expire 17 lines
10-15 17:34:26.341   776  1701 I chatty  : uid=1000(system) Binder_8 expire 2 lines
10-15 17:34:36.567   776  2286 I chatty  : uid=1000(system) Binder_D expire 4 lines
10-15 17:35:24.874   776   882 I chatty  : uid=1000(system) WifiStateMachin expire 2 lines
10-15 17:35:27.134   776   791 I chatty  : uid=1000(system) android.bg expire 1 line
10-15 17:35:27.776  6368  6368 D ActivityThread: Loading provider com.google.android.gmail.provider;com.android.mail.notifier;com.google.android.gm.email.provider;com.google.android.gm.tasks.provider;com.google.android.gm.email.notifier: com.android.email.provider.EmailProvider
10-15 17:35:27.801  6368  6368 D ActivityThread: Loading provider com.google.android.gm.sapi: com.google.android.gm.sapi.SapiUiProvider
10-15 17:35:27.922   776   884 I chatty  : uid=1000(system) ConnectivitySer expire 52 lines
10-15 17:36:24.089   776   873 I chatty  : uid=1000(system) InputDispatcher expire 1 line
10-15 17:36:24.774   776  2286 I chatty  : uid=1000(system) Binder_D expire 6 lines
10-15 17:36:24.787   776   792 I chatty  : uid=1000(system) ActivityManager expire 10 lines
10-15 17:36:24.802   776  1954 I chatty  : uid=1000(system) Binder_B expire 6 lines
10-15 17:36:25.331   776  1518 I chatty  : uid=1000(system) Binder_7 expire 5 lines
10-15 17:36:27.337   776   944 I chatty  : uid=1000(system) Binder_3 expire 5 lines
10-15 17:36:27.678   776  2285 I chatty  : uid=1000(system) Binder_C expire 1 line
10-15 17:36:27.687   776  1701 I chatty  : uid=1000(system) Binder_8 expire 4 lines
10-15 17:36:27.688   776   789 I chatty  : uid=1000(system) Binder_1 expire 5 lines
10-15 17:36:28.738   776   883 I chatty  : uid=1000(system) WifiService expire 2 lines
10-15 17:36:40.862   776  1439 I chatty  : uid=1000(system) Binder_5 expire 5 lines
10-15 17:36:43.055 17336 17336 V DeadZone: consuming errant click: (838.0,20.0)
10-15 17:36:44.572   776  3654 I chatty  : uid=1000(system) Binder_F expire 5 lines
10-15 17:36:44.661   776  1953 I chatty  : uid=1000(system) Binder_A expire 3 lines
10-15 17:36:44.820   776   776 I chatty  : uid=1000 system_server expire 1 line
10-15 17:36:44.822   776  1952 I chatty  : uid=1000(system) Binder_9 expire 3 lines
10-15 17:36:47.058   776  2287 I chatty  : uid=1000(system) Binder_E expire 7 lines
10-15 17:36:47.309   193  7450 W SocketClient: write error (Broken pipe)
10-15 17:36:47.545   776   790 I chatty  : uid=1000(system) Binder_2 expire 4 lines
10-15 17:36:48.650   776   884 I chatty  : uid=1000(system) ConnectivitySer expire 153 lines
10-15 17:37:27.437   776   882 I chatty  : uid=1000(system) WifiStateMachin expire 1 line
10-15 17:37:43.281   776  1511 I chatty  : uid=1000(system) Binder_6 expire 3 lines
10-15 17:41:32.868   776   791 I chatty  : uid=1000(system) android.bg expire 1 line
10-15 17:42:12.905   776  4028 I chatty  : uid=1000(system) Binder_10 expire 4 lines
10-15 17:46:00.935   776   946 I chatty  : uid=1000(system) Binder_4 expire 5 lines
10-15 17:54:40.163   776   884 I chatty  : uid=1000(system) ConnectivitySer expire 78 lines
10-15 17:54:59.916   776  2285 I chatty  : uid=1000(system) Binder_C expire 4 lines
10-15 17:55:00.746   776   790 I chatty  : uid=1000(system) Binder_2 expire 3 lines
10-15 17:58:47.063   776  2286 I chatty  : uid=1000(system) Binder_D expire 6 lines
10-15 17:58:47.719   776   792 I chatty  : uid=1000(system) ActivityManager expire 12 lines
10-15 17:58:47.938   776  1701 I chatty  : uid=1000(system) Binder_8 expire 5 lines
10-15 17:58:51.473   776   944 I chatty  : uid=1000(system) Binder_3 expire 10 lines
10-15 17:58:56.641   776  3654 I chatty  : uid=1000(system) Binder_F expire 5 lines
10-15 17:59:03.973   776  1953 I chatty  : uid=1000(system) Binder_A expire 5 lines
10-15 17:59:20.946   776   873 I chatty  : uid=1000(system) InputDispatcher expire 2 lines
10-15 17:59:23.384   776   789 I chatty  : uid=1000(system) Binder_1 expire 11 lines
10-15 17:59:36.372   776  2287 I chatty  : uid=1000(system) Binder_E expire 6 lines
10-15 17:59:48.728   776  1439 I chatty  : uid=1000(system) Binder_5 expire 2 lines
10-15 18:00:28.526   776  1954 I chatty  : uid=1000(system) Binder_B expire 5 lines
10-15 18:01:09.753   776  1511 I chatty  : uid=1000(system) Binder_6 expire 2 lines
10-15 18:01:10.010   776  1518 I chatty  : uid=1000(system) Binder_7 expire 5 lines
10-15 18:01:11.057   776   882 I chatty  : uid=1000(system) WifiStateMachin expire 1 line
10-15 18:01:12.979   776   791 I chatty  : uid=1000(system) android.bg expire 4 lines
10-15 18:01:13.481 20289 20289 D ActivityThread: Loading provider com.google.android.gmail.provider;com.android.mail.notifier;com.google.android.gm.email.provider;com.google.android.gm.tasks.provider;com.google.android.gm.email.notifier: com.android.email.provider.EmailProvider
10-15 18:01:13.506 20289 20289 D ActivityThread: Loading provider com.google.android.gm.sapi: com.google.android.gm.sapi.SapiUiProvider
10-15 18:01:13.636   776   884 I chatty  : uid=1000(system) ConnectivitySer expire 16 lines
10-15 18:01:26.519   776  4028 I chatty  : uid=1000(system) Binder_10 expire 3 lines
10-15 18:01:31.445 17336 17336 V DeadZone: consuming errant click: (582.0,77.0)
10-15 18:01:34.863   776  1952 I chatty  : uid=1000(system) Binder_9 expire 5 lines
10-15 18:02:14.591   776   874 I chatty  : uid=1000(system) InputReader expire 1 line
10-15 18:02:14.618   776   799 I chatty  : uid=1000(system) PowerManagerSer expire 6 lines
10-15 18:02:15.277   776   797 I chatty  : uid=1000(system) android.display expire 3 lines
10-15 18:08:03.151   776   776 I chatty  : uid=1000 system_server expire 8 lines
10-15 18:09:54.794   776   897 I chatty  : uid=1000(system) backup expire 14 lines
10-15 18:10:27.160  6192 23357 W ActivityThread: ClassLoader.loadClass: The class loader returned by Thread.getContextClassLoader() may fail for processes that host multiple applications. You should explicitly specify a context class loader. For example: Thread.setContextClassLoader(getClass().getClassLoader());
10-15 18:10:39.064   776   883 I chatty  : uid=1000(system) WifiService expire 1 line
10-15 18:10:42.874   776   897 I chatty  : uid=1000(system) backup expire 16 lines
10-15 18:10:46.495   776   792 I chatty  : uid=1000(system) ActivityManager expire 8 lines
10-15 18:10:47.212   776   884 I chatty  : uid=1000(system) ConnectivitySer expire 15 lines
10-15 18:11:34.312   776   790 I chatty  : uid=1000(system) Binder_2 expire 11 lines
10-15 18:11:35.476   776   897 I chatty  : uid=1000(system) backup expire 7 lines
10-15 18:11:38.683   776   944 I chatty  : uid=1000(system) Binder_3 expire 8 lines
10-15 18:11:38.751   776   776 I chatty  : uid=1000 system_server expire 10 lines
10-15 18:11:40.956   776  1511 I chatty  : uid=1000(system) Binder_6 expire 10 lines
10-15 18:11:44.750   776  1953 I chatty  : uid=1000(system) Binder_A expire 15 lines
10-15 18:11:45.411   776  1439 I chatty  : uid=1000(system) Binder_5 expire 13 lines
10-15 18:11:46.091   776  1954 I chatty  : uid=1000(system) Binder_B expire 12 lines
10-15 18:11:46.277   776  3654 I chatty  : uid=1000(system) Binder_F expire 13 lines
10-15 18:11:46.637   776  1701 I chatty  : uid=1000(system) Binder_8 expire 12 lines
10-15 18:12:09.308   776   946 I chatty  : uid=1000(system) Binder_4 expire 13 lines
10-15 18:12:09.552   776   792 I chatty  : uid=1000(system) ActivityManager expire 14 lines
10-15 18:12:10.263   776  4028 I chatty  : uid=1000(system) Binder_10 expire 9 lines
10-15 18:12:41.395   776   805 I chatty  : uid=1000(system) PackageManager expire 13 lines
10-15 18:12:56.106   776  2286 I chatty  : uid=1000(system) Binder_D expire 16 lines
10-15 18:12:56.210   776  2287 I chatty  : uid=1000(system) Binder_E expire 10 lines
10-15 18:13:05.740   776   883 I chatty  : uid=1000(system) WifiService expire 5 lines
10-15 18:13:07.497   776  1952 I chatty  : uid=1000(system) Binder_9 expire 10 lines
10-15 18:13:07.577 24783 24783 I chatty  : uid=1000(system) expire 1 line
10-15 18:13:08.370   776  1518 I chatty  : uid=1000(system) Binder_7 expire 15 lines
10-15 18:13:08.604 24820 24820 D ActivityThread: Loading provider com.google.android.gmail.provider;com.android.mail.notifier;com.google.android.gm.email.provider;com.google.android.gm.tasks.provider;com.google.android.gm.email.notifier: com.android.email.provider.EmailProvider
10-15 18:13:08.631 24820 24820 D ActivityThread: Loading provider com.google.android.gm.sapi: com.google.android.gm.sapi.SapiUiProvider
10-15 18:13:15.863   776   789 I chatty  : uid=1000(system) Binder_1 expire 10 lines
10-15 18:13:15.874   776  2285 I chatty  : uid=1000(system) Binder_C expire 8 lines
10-15 18:13:32.446   776   874 I chatty  : uid=1000(system) InputReader expire 1 line
10-15 18:13:32.459   776   799 I chatty  : uid=1000(system) PowerManagerSer expire 4 lines
10-15 18:13:32.609   776   797 I chatty  : uid=1000(system) android.display expire 2 lines
10-15 18:13:33.467 25463 25463 I chatty  : uid=1000(system) expire 1 line
10-15 18:30:18.462   776   791 I chatty  : uid=1000(system) android.bg expire 4 lines
10-15 18:37:01.607   776  1518 I chatty  : uid=1000(system) Binder_7 expire 8 lines
10-15 18:37:06.652   776   798 I chatty  : uid=1000(system) CpuTracker expire 8 lines
10-15 18:39:00.392   776   792 I chatty  : uid=1000(system) ActivityManager expire 5 lines
10-15 18:41:00.794   776   871 I chatty  : uid=1000(system) AlarmManager expire 1 line
10-15 18:41:01.328   776  2286 I chatty  : uid=1000(system) Binder_D expire 6 lines
10-15 18:41:01.991   776   790 I chatty  : uid=1000(system) Binder_2 expire 7 lines
10-15 18:41:02.229   776  1953 I chatty  : uid=1000(system) Binder_A expire 5 lines
10-15 18:41:05.177   776  1439 I chatty  : uid=1000(system) Binder_5 expire 5 lines
10-15 18:41:05.342   776  1954 I chatty  : uid=1000(system) Binder_B expire 4 lines
10-15 18:41:09.574   776  4028 I chatty  : uid=1000(system) Binder_10 expire 6 lines
10-15 18:42:10.857   776   944 I chatty  : uid=1000(system) Binder_3 expire 4 lines
10-15 18:46:02.855   776  1952 I chatty  : uid=1000(system) Binder_9 expire 3 lines
10-15 18:46:03.837   776   946 I chatty  : uid=1000(system) Binder_4 expire 8 lines
10-15 18:47:20.560   776   789 I chatty  : uid=1000(system) Binder_1 expire 2 lines
10-15 18:50:24.685 30235 30235 D ActivityThread: Loading provider com.google.android.gmail.provider;com.android.mail.notifier;com.google.android.gm.email.provider;com.google.android.gm.tasks.provider;com.google.android.gm.email.notifier: com.android.email.provider.EmailProvider
10-15 18:50:24.707 30235 30235 D ActivityThread: Loading provider com.google.android.gm.sapi: com.google.android.gm.sapi.SapiUiProvider
10-15 18:52:30.597   776   776 I chatty  : uid=1000 system_server expire 46 lines
10-15 18:52:30.848   776   884 I chatty  : uid=1000(system) ConnectivitySer expire 9 lines
10-15 18:52:34.739   776  2287 I chatty  : uid=1000(system) Binder_E expire 3 lines
10-15 19:07:05.662   776  3654 I chatty  : uid=1000(system) Binder_F expire 3 lines
10-15 19:08:01.575   776  1701 I chatty  : uid=1000(system) Binder_8 expire 2 lines
10-15 19:11:02.157   776  1511 I chatty  : uid=1000(system) Binder_6 expire 4 lines
10-15 19:18:21.613   776  2285 I chatty  : uid=1000(system) Binder_C expire 1 line
10-15 19:28:53.887   776  1903 I chatty  : uid=1000 system_server expire 3 lines
10-15 19:33:50.616   776  3634 I chatty  : uid=1000 system_server expire 3 lines
10-15 19:33:53.181   776  3686 I chatty  : uid=1000 system_server expire 3 lines
10-15 19:33:55.726   776  3703 I chatty  : uid=1000 system_server expire 3 lines
10-15 19:33:58.281   776  3715 I chatty  : uid=1000 system_server expire 3 lines
10-15 19:34:00.821   776  3750 I chatty  : uid=1000 system_server expire 3 lines
10-15 19:34:03.423   776  3757 I chatty  : uid=1000 system_server expire 3 lines
10-15 19:34:05.997   776  3782 I chatty  : uid=1000 system_server expire 3 lines
10-15 19:34:08.576   776  3787 I chatty  : uid=1000 system_server expire 3 lines
10-15 19:34:11.190   776  3789 I chatty  : uid=1000 system_server expire 3 lines
10-15 19:34:13.803   776  3790 I chatty  : uid=1000 system_server expire 3 lines
10-15 19:34:16.395   776  3791 I chatty  : uid=1000 system_server expire 3 lines
10-15 19:34:18.961   776  3792 I chatty  : uid=1000 system_server expire 3 lines
10-15 19:34:21.526   776  3794 I chatty  : uid=1000 system_server expire 3 lines
10-15 19:34:24.106   776  3795 I chatty  : uid=1000 system_server expire 3 lines
10-15 19:34:26.731   776  3796 I chatty  : uid=1000 system_server expire 3 lines
10-15 19:34:29.332   776  3797 I chatty  : uid=1000 system_server expire 3 lines
10-15 19:34:31.938   776  3799 I chatty  : uid=1000 system_server expire 3 lines
10-15 19:34:34.509   776  3800 I chatty  : uid=1000 system_server expire 3 lines
10-15 19:34:37.091   776  3805 I chatty  : uid=1000 system_server expire 3 lines
10-15 19:34:39.651   776  3818 I chatty  : uid=1000 system_server expire 3 lines
10-15 19:34:42.255   776  3820 I chatty  : uid=1000 system_server expire 3 lines
10-15 19:34:44.864   776  3840 I chatty  : uid=1000 system_server expire 3 lines
10-15 19:34:47.461   776  3869 I chatty  : uid=1000 system_server expire 3 lines
10-15 19:34:50.063   776  3871 I chatty  : uid=1000 system_server expire 3 lines
10-15 19:34:52.666   776  3890 I chatty  : uid=1000 system_server expire 3 lines
10-15 19:34:55.262   776  3891 I chatty  : uid=1000 system_server expire 3 lines
10-15 19:34:57.861   776  3892 I chatty  : uid=1000 system_server expire 3 lines
10-15 19:35:00.452   776  3898 I chatty  : uid=1000 system_server expire 3 lines
10-15 19:35:03.070   776  3899 I chatty  : uid=1000 system_server expire 3 lines
10-15 19:35:05.675   776  3900 I chatty  : uid=1000 system_server expire 3 lines
10-15 19:35:08.259   776  3911 I chatty  : uid=1000 system_server expire 3 lines
10-15 19:35:10.843   776  3937 I chatty  : uid=1000 system_server expire 3 lines
10-15 19:35:13.409   776  3947 I chatty  : uid=1000 system_server expire 3 lines
10-15 19:35:16.092   776  3974 I chatty  : uid=1000 system_server expire 3 lines
10-15 19:35:18.700   776  3975 I chatty  : uid=1000 system_server expire 3 lines
10-15 19:35:21.271   776  3979 I chatty  : uid=1000 system_server expire 3 lines
10-15 19:35:23.855   776  3984 I chatty  : uid=1000 system_server expire 3 lines
10-15 19:35:26.447   776   776 I chatty  : uid=1000 system_server expire 10 lines
10-15 19:35:26.449   776  4004 I chatty  : uid=1000 system_server expire 3 lines
10-15 19:35:29.004   776  4050 I chatty  : uid=1000 system_server expire 3 lines
10-15 19:35:31.556   776  4085 I chatty  : uid=1000 system_server expire 3 lines
10-15 19:35:34.127   776  4091 I chatty  : uid=1000 system_server expire 3 lines
10-15 19:35:36.728   776  4092 I chatty  : uid=1000 system_server expire 3 lines
10-15 19:35:39.305   776  4093 I chatty  : uid=1000 system_server expire 3 lines
10-15 19:35:41.890   776  4095 I chatty  : uid=1000 system_server expire 3 lines
10-15 19:35:44.477   776  4117 I chatty  : uid=1000 system_server expire 3 lines
10-15 19:35:47.047   776  4118 I chatty  : uid=1000 system_server expire 3 lines
10-15 19:35:49.612   776  4119 I chatty  : uid=1000 system_server expire 3 lines
10-15 19:37:42.819   776  1518 I chatty  : uid=1000(system) Binder_7 expire 7 lines
10-15 19:37:43.715   776  1701 I chatty  : uid=1000(system) Binder_8 expire 16 lines
10-15 19:39:00.692   776  1953 I chatty  : uid=1000(system) Binder_A expire 8 lines
10-15 19:39:06.435   776   798 I chatty  : uid=1000(system) CpuTracker expire 9 lines
10-15 19:39:21.290   776   884 I chatty  : uid=1000(system) ConnectivitySer expire 13 lines
10-15 19:39:21.496   776   792 I chatty  : uid=1000(system) ActivityManager expire 3 lines
10-15 19:39:21.704   776  2286 I chatty  : uid=1000(system) Binder_D expire 3 lines
10-15 19:39:21.873   776   946 I chatty  : uid=1000(system) Binder_4 expire 18 lines
10-15 19:39:25.207   776   944 I chatty  : uid=1000(system) Binder_3 expire 19 lines
10-15 19:39:25.209   776  1952 I chatty  : uid=1000(system) Binder_9 expire 13 lines
10-15 19:39:25.211   776  1439 I chatty  : uid=1000(system) Binder_5 expire 16 lines
10-15 19:39:25.212   776  3654 I chatty  : uid=1000(system) Binder_F expire 19 lines
10-15 19:39:25.215   776  1954 I chatty  : uid=1000(system) Binder_B expire 12 lines
10-15 19:39:25.216   776  4028 I chatty  : uid=1000(system) Binder_10 expire 19 lines
10-15 19:39:25.687   776   789 I chatty  : uid=1000(system) Binder_1 expire 9 lines
10-15 19:39:26.822   776  2287 I chatty  : uid=1000(system) Binder_E expire 4 lines
10-15 19:53:08.814   776  2285 I chatty  : uid=1000(system) Binder_C expire 7 lines
10-15 20:04:23.221   776   791 I chatty  : uid=1000(system) android.bg expire 1 line
10-15 20:09:35.778   776   790 I chatty  : uid=1000(system) Binder_2 expire 7 lines
10-15 20:20:21.906   776  1511 I chatty  : uid=1000(system) Binder_6 expire 4 lines
10-15 20:24:43.982   776   794 I chatty  : uid=1000(system) android.fg expire 1 line
10-15 20:24:43.983   776   799 I chatty  : uid=1000(system) PowerManagerSer expire 3 lines
10-15 20:24:44.173   776   797 I chatty  : uid=1000(system) android.display expire 1 line
10-15 20:24:46.373   776   882 I chatty  : uid=1000(system) WifiStateMachin expire 1 line
10-15 20:24:46.537   776  1954 I chatty  : uid=1000(system) Binder_B expire 14 lines
10-15 20:24:46.541   776  2287 I chatty  : uid=1000(system) Binder_E expire 9 lines
10-15 20:24:46.543   776  1701 I chatty  : uid=1000(system) Binder_8 expire 6 lines
10-15 20:24:46.545   776   946 I chatty  : uid=1000(system) Binder_4 expire 10 lines
10-15 20:24:46.548   776   789 I chatty  : uid=1000(system) Binder_1 expire 16 lines
10-15 20:24:46.550   776  2286 I chatty  : uid=1000(system) Binder_D expire 14 lines
10-15 20:24:46.569   776   790 I chatty  : uid=1000(system) Binder_2 expire 12 lines
10-15 20:24:46.574   776  4028 I chatty  : uid=1000(system) Binder_10 expire 18 lines
10-15 20:24:46.582   776  1952 I chatty  : uid=1000(system) Binder_9 expire 7 lines
10-15 20:24:46.622   776   944 I chatty  : uid=1000(system) Binder_3 expire 11 lines
10-15 20:24:46.626   776  2285 I chatty  : uid=1000(system) Binder_C expire 7 lines
10-15 20:24:46.636   776  1518 I chatty  : uid=1000(system) Binder_7 expire 13 lines
10-15 20:24:46.638   776  1439 I chatty  : uid=1000(system) Binder_5 expire 16 lines
10-15 20:24:46.644   776  1953 I chatty  : uid=1000(system) Binder_A expire 15 lines
10-15 20:24:46.933   776  3654 I chatty  : uid=1000(system) Binder_F expire 12 lines
10-15 20:24:49.305   776   884 I chatty  : uid=1000(system) ConnectivitySer expire 34 lines
10-15 20:24:54.661   776   792 I chatty  : uid=1000(system) ActivityManager expire 28 lines
10-15 20:24:54.741   776   791 I chatty  : uid=1000(system) android.bg expire 5 lines
10-15 20:24:55.306  8776  8776 D ActivityThread: Loading provider com.google.android.gmail.provider;com.android.mail.notifier;com.google.android.gm.email.provider;com.google.android.gm.tasks.provider;com.google.android.gm.email.notifier: com.android.email.provider.EmailProvider
10-15 20:24:55.328  8776  8776 D ActivityThread: Loading provider com.google.android.gm.sapi: com.google.android.gm.sapi.SapiUiProvider
10-15 20:24:55.445   776   799 I chatty  : uid=1000(system) PowerManagerSer expire 2 lines
10-15 20:24:56.043   776   797 I chatty  : uid=1000(system) android.display expire 1 line
10-15 20:32:41.750   776  1511 I chatty  : uid=1000(system) Binder_6 expire 20 lines
10-15 20:48:37.366   776  2286 I chatty  : uid=1000(system) Binder_D expire 13 lines
10-15 20:48:38.672   776  2287 I chatty  : uid=1000(system) Binder_E expire 18 lines
10-15 20:48:42.372   776   789 I chatty  : uid=1000(system) Binder_1 expire 16 lines
10-15 20:48:43.705   776  2285 I chatty  : uid=1000(system) Binder_C expire 12 lines
10-15 20:48:47.482   776  1701 I chatty  : uid=1000(system) Binder_8 expire 16 lines
10-15 20:48:48.837   776  1954 I chatty  : uid=1000(system) Binder_B expire 10 lines
10-15 20:48:52.537   776  1518 I chatty  : uid=1000(system) Binder_7 expire 17 lines
10-15 20:48:53.801   776   944 I chatty  : uid=1000(system) Binder_3 expire 8 lines
10-15 20:49:14.937   776   790 I chatty  : uid=1000(system) Binder_2 expire 22 lines
10-15 20:51:40.430   776  1439 I chatty  : uid=1000(system) Binder_5 expire 12 lines
10-15 20:51:44.265   776  1953 I chatty  : uid=1000(system) Binder_A expire 13 lines
10-15 20:52:05.770   776  1952 I chatty  : uid=1000(system) Binder_9 expire 11 lines
10-15 20:55:35.693   776  4028 I chatty  : uid=1000(system) Binder_10 expire 9 lines
10-15 20:56:35.374   776  3654 I chatty  : uid=1000(system) Binder_F expire 12 lines
10-15 20:57:22.173   776   946 I chatty  : uid=1000(system) Binder_4 expire 11 lines
10-15 20:58:25.555   776   884 I chatty  : uid=1000(system) ConnectivitySer expire 4 lines
10-15 21:05:50.134   776   792 I chatty  : uid=1000(system) ActivityManager expire 33 lines
10-15 21:06:03.967   776   791 I chatty  : uid=1000(system) android.bg expire 2 lines
10-15 21:14:52.879   776   776 I chatty  : uid=1000 system_server expire 3 lines
10-15 21:44:23.087   776  2287 I chatty  : uid=1000(system) Binder_E expire 10 lines
10-15 21:44:40.103   776   792 I chatty  : uid=1000(system) ActivityManager expire 15 lines
10-15 21:45:18.850   776  1952 I chatty  : uid=1000(system) Binder_9 expire 11 lines
10-15 21:45:20.154   776   946 I chatty  : uid=1000(system) Binder_4 expire 9 lines
10-15 21:46:14.904   776  3654 I chatty  : uid=1000(system) Binder_F expire 6 lines
10-15 21:47:11.002   776  1511 I chatty  : uid=1000(system) Binder_6 expire 18 lines
10-15 21:47:12.215   776  1954 I chatty  : uid=1000(system) Binder_B expire 8 lines
10-15 21:48:11.932   776  1439 I chatty  : uid=1000(system) Binder_5 expire 17 lines
10-15 21:48:16.963   776  4028 I chatty  : uid=1000(system) Binder_10 expire 10 lines
10-15 21:48:22.291   776   944 I chatty  : uid=1000(system) Binder_3 expire 13 lines
10-15 21:48:27.284   776  2285 I chatty  : uid=1000(system) Binder_C expire 15 lines
10-15 21:48:41.422   776  1953 I chatty  : uid=1000(system) Binder_A expire 14 lines
10-15 21:48:42.703   776   789 I chatty  : uid=1000(system) Binder_1 expire 15 lines
10-15 21:49:02.482   776  1518 I chatty  : uid=1000(system) Binder_7 expire 7 lines
10-15 21:49:45.695   776  2286 I chatty  : uid=1000(system) Binder_D expire 9 lines
10-15 21:50:04.654   776  1701 I chatty  : uid=1000(system) Binder_8 expire 9 lines
10-15 21:50:05.811   776   790 I chatty  : uid=1000(system) Binder_2 expire 12 lines
10-15 22:04:22.798   776   791 I chatty  : uid=1000(system) android.bg expire 3 lines
10-15 22:31:18.104   776   874 I chatty  : uid=1000(system) InputReader expire 3 lines
10-15 22:31:18.114   776   799 I chatty  : uid=1000(system) PowerManagerSer expire 5 lines
10-15 22:31:18.209   776   797 I chatty  : uid=1000(system) android.display expire 3 lines
10-15 22:31:26.435   776   873 I chatty  : uid=1000(system) InputDispatcher expire 1 line
10-15 22:31:28.184   776   882 I chatty  : uid=1000(system) WifiStateMachin expire 1 line
10-15 22:31:28.185   776   884 I chatty  : uid=1000(system) ConnectivitySer expire 30 lines
10-15 22:31:30.190   776   883 I chatty  : uid=1000(system) WifiService expire 1 line
10-15 22:31:32.517 11000 11000 D ActivityThread: Loading provider com.google.android.gmail.provider;com.android.mail.notifier;com.google.android.gm.email.provider;com.google.android.gm.tasks.provider;com.google.android.gm.email.notifier: com.android.email.provider.EmailProvider
10-15 22:31:32.545 11000 11000 D ActivityThread: Loading provider com.google.android.gm.sapi: com.google.android.gm.sapi.SapiUiProvider
10-15 22:31:32.702   776  1953 I chatty  : uid=1000(system) Binder_A expire 2 lines
10-15 22:31:33.818   776   789 I chatty  : uid=1000(system) Binder_1 expire 2 lines
10-15 22:31:34.097   776  1439 I chatty  : uid=1000(system) Binder_5 expire 2 lines
10-15 22:31:34.214   776  2287 I chatty  : uid=1000(system) Binder_E expire 1 line
10-15 22:31:36.071   776  1952 I chatty  : uid=1000(system) Binder_9 expire 14 lines
10-15 22:31:39.193   776  3654 I chatty  : uid=1000(system) Binder_F expire 11 lines
10-15 22:31:39.680   776   884 I chatty  : uid=1000(system) ConnectivitySer expire 54 lines
10-15 22:31:40.045   776   946 I chatty  : uid=1000(system) Binder_4 expire 14 lines
10-15 22:31:40.902   776  1518 I chatty  : uid=1000(system) Binder_7 expire 10 lines
10-15 22:31:40.906   776  1701 I chatty  : uid=1000(system) Binder_8 expire 14 lines
10-15 22:31:40.912   776  4028 I chatty  : uid=1000(system) Binder_10 expire 6 lines
10-15 22:31:40.915   776   790 I chatty  : uid=1000(system) Binder_2 expire 6 lines
10-15 22:31:40.918   776  2287 I chatty  : uid=1000(system) Binder_E expire 13 lines
10-15 22:31:40.924   776  1439 I chatty  : uid=1000(system) Binder_5 expire 13 lines
10-15 22:31:40.929   776  2286 I chatty  : uid=1000(system) Binder_D expire 12 lines
10-15 22:31:40.935   776   789 I chatty  : uid=1000(system) Binder_1 expire 11 lines
10-15 22:31:40.945   776  1953 I chatty  : uid=1000(system) Binder_A expire 5 lines
10-15 22:31:40.962   776   944 I chatty  : uid=1000(system) Binder_3 expire 9 lines
10-15 22:31:40.969   776  1954 I chatty  : uid=1000(system) Binder_B expire 9 lines
10-15 22:31:40.973   776  2285 I chatty  : uid=1000(system) Binder_C expire 8 lines
10-15 22:31:40.978   776  1511 I chatty  : uid=1000(system) Binder_6 expire 10 lines
10-15 22:31:46.173   776   883 I chatty  : uid=1000(system) WifiService expire 4 lines
10-15 22:31:58.785   776   792 I chatty  : uid=1000(system) ActivityManager expire 12 lines
10-15 22:32:06.027   776   882 I chatty  : uid=1000(system) WifiStateMachin expire 2 lines
10-15 22:32:21.973   776   873 I chatty  : uid=1000(system) InputDispatcher expire 1 line
10-15 22:32:23.300   776   874 I chatty  : uid=1000(system) InputReader expire 1 line
10-15 22:32:23.322   776   799 I chatty  : uid=1000(system) PowerManagerSer expire 1 line
10-15 22:32:24.017   776   797 I chatty  : uid=1000(system) android.display expire 1 line
10-15 22:50:24.185   776   791 I chatty  : uid=1000(system) android.bg expire 2 lines
10-15 22:50:24.639 14008 14008 D ActivityThread: Loading provider com.google.android.gmail.provider;com.android.mail.notifier;com.google.android.gm.email.provider;com.google.android.gm.tasks.provider;com.google.android.gm.email.notifier: com.android.email.provider.EmailProvider
10-15 22:50:24.667 14008 14008 D ActivityThread: Loading provider com.google.android.gm.sapi: com.google.android.gm.sapi.SapiUiProvider
10-15 22:50:46.876   776  1701 I chatty  : uid=1000(system) Binder_8 expire 2 lines
10-15 22:56:34.432   776   884 I chatty  : uid=1000(system) ConnectivitySer expire 8 lines
10-15 23:07:25.142   776  1439 I chatty  : uid=1000(system) Binder_5 expire 19 lines
10-15 23:19:55.816   776  1952 I chatty  : uid=1000(system) Binder_9 expire 13 lines
10-15 23:19:57.118   776  1511 I chatty  : uid=1000(system) Binder_6 expire 9 lines
10-15 23:20:25.288   776  3654 I chatty  : uid=1000(system) Binder_F expire 12 lines
10-15 23:20:26.651   776  1518 I chatty  : uid=1000(system) Binder_7 expire 16 lines
10-15 23:20:35.411   776  1953 I chatty  : uid=1000(system) Binder_A expire 12 lines
10-15 23:20:36.747   776  4028 I chatty  : uid=1000(system) Binder_10 expire 11 lines
10-15 23:23:10.969   776  2286 I chatty  : uid=1000(system) Binder_D expire 11 lines
10-15 23:26:36.703   776  2285 I chatty  : uid=1000(system) Binder_C expire 25 lines
10-15 23:26:36.755   776   884 I chatty  : uid=1000(system) ConnectivitySer expire 4 lines
10-15 23:26:45.304   776  1701 I chatty  : uid=1000(system) Binder_8 expire 14 lines
10-15 23:26:46.744   776  2287 I chatty  : uid=1000(system) Binder_E expire 16 lines
10-15 23:26:55.346   776   789 I chatty  : uid=1000(system) Binder_1 expire 12 lines
10-15 23:27:15.714   776   790 I chatty  : uid=1000(system) Binder_2 expire 14 lines
10-15 23:30:33.520   776   792 I chatty  : uid=1000(system) ActivityManager expire 25 lines
10-15 23:30:39.484   776   946 I chatty  : uid=1000(system) Binder_4 expire 8 lines
10-15 23:30:59.856   776   944 I chatty  : uid=1000(system) Binder_3 expire 7 lines
10-15 23:33:52.222   776   883 I chatty  : uid=1000(system) WifiService expire 2 lines
10-15 23:35:52.858   776   776 I chatty  : uid=1000 system_server expire 6 lines
10-15 23:36:12.737   776   791 I chatty  : uid=1000(system) android.bg expire 1 line
10-15 23:45:29.604   776  1954 I chatty  : uid=1000(system) Binder_B expire 14 lines
10-16 00:44:53.130   776   874 I chatty  : uid=1000(system) InputReader expire 2 lines
10-16 00:44:53.146   776   799 I chatty  : uid=1000(system) PowerManagerSer expire 3 lines
10-16 00:44:53.246   776   797 I chatty  : uid=1000(system) android.display expire 2 lines
10-16 00:47:16.424   776  2286 I chatty  : uid=1000(system) Binder_D expire 17 lines
10-16 00:49:32.447   776  2287 I chatty  : uid=1000(system) Binder_E expire 14 lines
10-16 00:49:33.673   776   944 I chatty  : uid=1000(system) Binder_3 expire 12 lines
10-16 00:52:10.889   776  1954 I chatty  : uid=1000(system) Binder_B expire 11 lines
10-16 00:52:19.726   776  1511 I chatty  : uid=1000(system) Binder_6 expire 6 lines
10-16 00:52:21.167   776  1518 I chatty  : uid=1000(system) Binder_7 expire 12 lines
10-16 00:52:29.936   776  3654 I chatty  : uid=1000(system) Binder_F expire 11 lines
10-16 00:52:41.372   776  4028 I chatty  : uid=1000(system) Binder_10 expire 18 lines
10-16 00:53:18.631   776  1953 I chatty  : uid=1000(system) Binder_A expire 20 lines
10-16 00:53:27.381   776  1439 I chatty  : uid=1000(system) Binder_5 expire 15 lines
10-16 00:53:37.516   776  2285 I chatty  : uid=1000(system) Binder_C expire 17 lines
10-16 00:53:38.703   776   790 I chatty  : uid=1000(system) Binder_2 expire 16 lines
10-16 00:53:47.674   776   946 I chatty  : uid=1000(system) Binder_4 expire 12 lines
10-16 00:55:31.992   776   791 I chatty  : uid=1000(system) android.bg expire 2 lines
10-16 00:55:37.350   776  1952 I chatty  : uid=1000(system) Binder_9 expire 14 lines
10-16 01:05:28.323   776  1701 I chatty  : uid=1000(system) Binder_8 expire 13 lines
10-16 01:06:46.631   776   776 I chatty  : uid=1000 system_server expire 7 lines
10-16 01:14:56.706   776   792 I chatty  : uid=1000(system) ActivityManager expire 18 lines
10-16 01:22:30.475   776   789 I chatty  : uid=1000(system) Binder_1 expire 35 lines
10-16 02:47:54.237   776  1518 I chatty  : uid=1000(system) Binder_7 expire 15 lines
10-16 02:47:54.241   776  2287 I chatty  : uid=1000(system) Binder_E expire 16 lines
10-16 02:47:59.297   776   946 I chatty  : uid=1000(system) Binder_4 expire 16 lines
10-16 02:47:59.300   776  3654 I chatty  : uid=1000(system) Binder_F expire 17 lines
10-16 02:48:04.407   776  1954 I chatty  : uid=1000(system) Binder_B expire 12 lines
10-16 02:48:09.480   776  2286 I chatty  : uid=1000(system) Binder_D expire 10 lines
10-16 02:48:09.494   776   944 I chatty  : uid=1000(system) Binder_3 expire 16 lines
10-16 02:48:14.558   776  1953 I chatty  : uid=1000(system) Binder_A expire 18 lines
10-16 03:03:38.774   776   790 I chatty  : uid=1000(system) Binder_2 expire 13 lines
10-16 03:03:43.875   776  1439 I chatty  : uid=1000(system) Binder_5 expire 20 lines
10-16 03:03:54.017   776  2285 I chatty  : uid=1000(system) Binder_C expire 20 lines
10-16 03:04:04.161   776  1952 I chatty  : uid=1000(system) Binder_9 expire 18 lines
10-16 03:04:09.269   776  4028 I chatty  : uid=1000(system) Binder_10 expire 10 lines
10-16 03:08:07.970   776  1511 I chatty  : uid=1000(system) Binder_6 expire 19 lines
10-16 03:15:06.497   776   792 I chatty  : uid=1000(system) ActivityManager expire 4 lines
10-16 03:22:19.802   776  1701 I chatty  : uid=1000(system) Binder_8 expire 10 lines
10-16 04:06:46.661   776   776 I chatty  : uid=1000 system_server expire 5 lines
10-16 04:15:10.438   776   791 I chatty  : uid=1000(system) android.bg expire 2 lines
10-16 05:13:56.510   776  1701 I chatty  : uid=1000(system) Binder_8 expire 13 lines
10-16 05:14:01.528   776   944 I chatty  : uid=1000(system) Binder_3 expire 13 lines
10-16 05:14:06.540   776  1511 I chatty  : uid=1000(system) Binder_6 expire 17 lines
10-16 05:14:06.565   776  2287 I chatty  : uid=1000(system) Binder_E expire 18 lines
10-16 05:14:06.568   776   790 I chatty  : uid=1000(system) Binder_2 expire 18 lines
10-16 05:14:06.591   776  2285 I chatty  : uid=1000(system) Binder_C expire 11 lines
10-16 05:14:11.611   776  3654 I chatty  : uid=1000(system) Binder_F expire 14 lines
10-16 05:14:11.626   776  1954 I chatty  : uid=1000(system) Binder_B expire 18 lines
10-16 05:14:11.645   776  1518 I chatty  : uid=1000(system) Binder_7 expire 19 lines
10-16 05:14:11.660   776  2286 I chatty  : uid=1000(system) Binder_D expire 12 lines
10-16 05:14:11.661   776  1439 I chatty  : uid=1000(system) Binder_5 expire 12 lines
10-16 05:14:16.727   776  1952 I chatty  : uid=1000(system) Binder_9 expire 18 lines
10-16 05:14:16.768   776  4028 I chatty  : uid=1000(system) Binder_10 expire 12 lines
10-16 05:14:16.770   776   789 I chatty  : uid=1000(system) Binder_1 expire 14 lines
10-16 05:14:21.803   776  1953 I chatty  : uid=1000(system) Binder_A expire 16 lines
10-16 05:14:26.887   776   946 I chatty  : uid=1000(system) Binder_4 expire 12 lines
10-16 05:15:14.193   776   792 I chatty  : uid=1000(system) ActivityManager expire 15 lines
10-16 07:06:46.821   776   776 I chatty  : uid=1000 system_server expire 2 lines
10-16 07:41:27.031   776  2286 D WifiService: acquireWifiLockLocked: WifiLock{NlpWifiLock type=2 binder=android.os.BinderProxy@77abcc5}
10-16 07:41:27.032   776  1518 D WifiService: releaseWifiLockLocked: WifiLock{NlpWifiLock type=2 binder=android.os.BinderProxy@77abcc5}
10-16 07:41:32.079   776  2287 D WifiService: acquireWifiLockLocked: WifiLock{NlpWifiLock type=2 binder=android.os.BinderProxy@77abcc5}
10-16 07:41:32.082   776  2285 D WifiService: releaseWifiLockLocked: WifiLock{NlpWifiLock type=2 binder=android.os.BinderProxy@77abcc5}
10-16 07:41:37.211   776   790 D WifiService: acquireWifiLockLocked: WifiLock{NlpWifiLock type=2 binder=android.os.BinderProxy@77abcc5}
10-16 07:41:37.214   776   946 D WifiService: releaseWifiLockLocked: WifiLock{NlpWifiLock type=2 binder=android.os.BinderProxy@77abcc5}
10-16 07:41:42.258   776  4028 D WifiService: acquireWifiLockLocked: WifiLock{NlpWifiLock type=2 binder=android.os.BinderProxy@77abcc5}
10-16 07:41:42.262   776  1511 D WifiService: releaseWifiLockLocked: WifiLock{NlpWifiLock type=2 binder=android.os.BinderProxy@77abcc5}
10-16 07:41:47.342   776   789 D WifiService: acquireWifiLockLocked: WifiLock{NlpWifiLock type=2 binder=android.os.BinderProxy@77abcc5}
10-16 07:41:47.346   776  3654 D WifiService: releaseWifiLockLocked: WifiLock{NlpWifiLock type=2 binder=android.os.BinderProxy@77abcc5}
10-16 07:41:52.400   776  2287 D WifiService: acquireWifiLockLocked: WifiLock{NlpWifiLock type=2 binder=android.os.BinderProxy@77abcc5}
10-16 07:41:52.403   776   790 D WifiService: releaseWifiLockLocked: WifiLock{NlpWifiLock type=2 binder=android.os.BinderProxy@77abcc5}
10-16 07:45:23.284   776   792 I ProcessStatsService: Prepared write state in 8ms
10-16 07:46:39.910   776  1954 D WifiService: acquireWifiLockLocked: WifiLock{NlpWifiLock type=2 binder=android.os.BinderProxy@90c75a0}
10-16 07:46:39.910   776  2287 D WifiService: releaseWifiLockLocked: WifiLock{NlpWifiLock type=2 binder=android.os.BinderProxy@90c75a0}
10-16 07:46:45.036   776  1952 D WifiService: acquireWifiLockLocked: WifiLock{NlpWifiLock type=2 binder=android.os.BinderProxy@90c75a0}
10-16 07:46:45.037   776  2287 D WifiService: releaseWifiLockLocked: WifiLock{NlpWifiLock type=2 binder=android.os.BinderProxy@90c75a0}
10-16 07:46:50.086   776  1954 D WifiService: acquireWifiLockLocked: WifiLock{NlpWifiLock type=2 binder=android.os.BinderProxy@90c75a0}
10-16 07:46:50.090   776  2286 D WifiService: releaseWifiLockLocked: WifiLock{NlpWifiLock type=2 binder=android.os.BinderProxy@90c75a0}
10-16 07:46:55.140   776  4028 D WifiService: acquireWifiLockLocked: WifiLock{NlpWifiLock type=2 binder=android.os.BinderProxy@90c75a0}
10-16 07:46:55.144   776  1953 D WifiService: releaseWifiLockLocked: WifiLock{NlpWifiLock type=2 binder=android.os.BinderProxy@90c75a0}
10-16 07:47:00.204   776  1701 D WifiService: acquireWifiLockLocked: WifiLock{NlpWifiLock type=2 binder=android.os.BinderProxy@90c75a0}
10-16 07:47:00.207   776  1511 D WifiService: releaseWifiLockLocked: WifiLock{NlpWifiLock type=2 binder=android.os.BinderProxy@90c75a0}
10-16 07:47:05.284   776   789 D WifiService: acquireWifiLockLocked: WifiLock{NlpWifiLock type=2 binder=android.os.BinderProxy@90c75a0}
